*****************************************************
TMS340 COFF Linker           Version 6.10
*****************************************************
Mon Apr 12 15:48:17 1993

OUTPUT FILE NAME:   <ap.out>
ENTRY POINT SYMBOL: "SETUP"  address: ff800310


MEMORY CONFIGURATION

           name      origin     length     attributes     fill
         --------   --------   ---------   ----------   --------
         SCRATCH    01008000   0003f8000      RWIX      
         IROM       02000000   000400000      RWIX      
         ROM        ff800000   0007f6800      RWIX      
         CKSMAREA   fffffbc0   000000040      RWIX      
         TRAP31     fffffc00   000000400      RWIX      


SECTION ALLOCATION MAP

 output                                  attributes/
section   page    origin      length       input sections
--------  ----  ----------  ----------   ----------------
VECTORS    0    fffffc00    00000400     
                  fffffc00    00000400     AP.OBJ (VECTORS)

CKSUMS     0    fffffbc0    00000040     
                  fffffbc0    00000040     APDIAG.RLO (CKSUMS)

IMAGES     0    02000000    00000000     UNINITIALIZED

OFIXED     0    01008000    00002680     
                  01008000    00002680     APD.OBJ (OFIXED)

.BSS       0    0100a680    00000000     UNINITIALIZED

.bss       0    0100a680    001447b0     UNINITIALIZED
                  0100a680    0000e180     AP.OBJ (.bss)
                  01018800    00000010     APC.OBJ (.bss)
                  01018810    000e1380     APD.OBJ (.bss)
                  010f9b90    0001c3b0     DRRAM.OBJ (.bss)
                  01115f40    00000070     DRATT.OBJ (.bss)
                  01115fb0    00000ca0     DRD.OBJ (.bss)
                  01116c50    00000010     DRCHRSEL.OBJ (.bss)
                  01116c60    000000a0     DREQUIP.OBJ (.bss)
                  01116d00    00001bd0     DRINITAL.OBJ (.bss)
                  011188d0    000000a0     JSTRING.OBJ (.bss)
                  01118970    00035ea0     APSYSTEM.RLO (.bss)
                  0114e810    00000620     APDIAG.RLO (.bss)

SECTFIRS   0    ff800000    00000000     UNINITIALIZED

.text      0    ff800000    002b9d80     
                  ff800000    000059b0     AP.OBJ (.text)
                  ff8059b0    00000050     --HOLE-- [fill = 0000ffff]
                  ff805a00    00002940     APC.OBJ (.text)
                  ff808340    0000cad0     APD.OBJ (.text)
                  ff814e10    00001a70     DRB.OBJ (.text)
                  ff816880    00002390     DRATT.OBJ (.text)
                  ff818c10    000001f0     --HOLE-- [fill = 0000ffff]
                  ff818e00    00007e20     DR.OBJ (.text)
                  ff820c20    000007a0     DRU.OBJ (.text)
                  ff8213c0    000036b0     DRI.OBJ (.text)
                  ff824a70    00005ab0     DRA.OBJ (.text)
                  ff82a520    0000af80     DRAS.OBJ (.text)
                  ff8354a0    00000160     --HOLE-- [fill = 0000ffff]
                  ff835600    0000f820     DRH.OBJ (.text)
                  ff844e20    00005c60     DRT.OBJ (.text)
                  ff84aa80    00000180     --HOLE-- [fill = 0000ffff]
                  ff84ac00    00001650     DRINP.OBJ (.text)
                  ff84c250    00005dc0     DRS.OBJ (.text)
                  ff852010    00003000     DRSINCOS.OBJ (.text)
                  ff855010    00001cd0     DRM.OBJ (.text)
                  ff856ce0    00003cc0     DRC.OBJ (.text)
                  ff85a9a0    00001bf0     DRR.OBJ (.text)
                  ff85c590    00004ce0     DRD.OBJ (.text)
                  ff861270    00001ed0     DRCHRSEL.OBJ (.text)
                  ff863140    00007280     DREQUIP.OBJ (.text)
                  ff86a3c0    000087e0     DRINITAL.OBJ (.text)
                  ff872ba0    00002380     JSTRING.OBJ (.text)
                  ff874f20    00007120     DRMIS.OBJ (.text)
                  ff87c040    00000970     DRACT.OBJ (.text)
                  ff87c9b0    00001290     DRBAR.OBJ (.text)
                  ff87dc40    00006020     DRFOUR.OBJ (.text)
                  ff883c60    00004c00     DRSND.OBJ (.text)
                  ff888860    00040340     DRARENA1.OBJ (.text)
                  ff8c8ba0    000414d0     DRARENA2.OBJ (.text)
                  ff90a070    00040230     DRARENA3.OBJ (.text)
                  ff94a2a0    00040150     DRARENA4.OBJ (.text)
                  ff98a3f0    00040c30     DRARENA5.OBJ (.text)
                  ff9cb020    00040050     DRARENA6.OBJ (.text)
                  ffa0b070    000400d0     DRARENA7.OBJ (.text)
                  ffa4b140    00006d10     BGNDTBL.OBJ (.text)
                  ffa51e50    0001a990     BGNDPAL.OBJ (.text)
                  ffa6c7e0    00000020     --HOLE-- [fill = 0000ffff]
                  ffa6c800    00010900     APSYSTEM.RLO (.text)
                  ffa7d100    0003cc80     APDIAG.RLO (.text)

.TEXT      0    ffab9d80    00000000     UNINITIALIZED

.data      0    ffab9d80    000784e0     
                  ffab9d80    00032020     IMGPAL.OBJ (.data)
                  ffaebda0    00009480     IMGTBLM1.OBJ (.data)
                  ffaf5220    0000f7f0     IMGTBLM2.OBJ (.data)
                  ffb04a10    00008940     IMGTBLB1.OBJ (.data)
                  ffb0d350    00001290     IMGTBLF1.OBJ (.data)
                  ffb0e5e0    00002060     IMGTBLC1.OBJ (.data)
                  ffb10640    00001710     IMGTBLC2.OBJ (.data)
                  ffb11d50    0000c770     APSYSTEM.RLO (.data)
                  ffb1e4c0    00013da0     APDIAG.RLO (.data)

.DATA      0    ffb32260    00000000     UNINITIALIZED

FIXED      0    00000000    00000000     UNINITIALIZED

NFIXED     0    00000000    00000000     UNINITIALIZED

SECTDIAG   0    0114ee30    000006f0     
                  0114ee30    000006f0     APDIAG.RLO (SECTDIAG)


GLOBAL SYMBOLS

address  name                             address  name
-------- ----                             -------- ----
0100a680 .bss                             00000008 BSA_X
ffab9d80 .data                            0000001c IDATALEN
ff800000 .text                            0000002d BSA_Y
ffa57590 A1PALS                           01008000 FGLISTS
ffa5b490 A2PALS                           01008ff0 BGLISTS
ffa60310 A3PALS                           01009fe0 PREQLIST
ffa66160 A4PALS                           0100a0f0 DEBUGDMALIST
ffa6a0d0 A5PALS                           0100a200 SCORELIST
ffa6b170 A7PALS                           0100a310 SHADOWLIST
01118980 ACTIVE                           0100a420 SUPPLSTS
ff87c1a0 ACTRANDICONTBL                   0100a620 SUPPLSTSX
ff87c230 ACTRANDICON                      0100a660 ANIOBJS
ff87c0d0 ACTRANDSND                       0100a680 .bss
ff87c040 ACTRANDSNDTBL                    0100a6c0 SWITCH_ESCAPE
ff820920 ADDMOVINGPART                    0100a6d0 BOGDMACPU
ff81b310 ADDSHADOW                        0100a6f0 DMALOCK
ff81bdf0 ADDTIREVEC                       01018800 IN_ANIM
ff8295b0 ADDTOARENA                       01018810 ANIFUNCS
ffaaa380 ADD_DUMP                         0101ec30 ANIFUNCSX
ffaa9d10 ADJ_PAGE                         0101ec30 CLIPTIM
ff837400 AFTERHITTEST                     0101ec40 VELTIM
ff81d450 ALTINPHANDLER                    0101ec50 SCALETIM
ff8250b0 ANICYCLE                         0101ec60 PROCTIM
ff825550 ANIDEADMISL                      0101ec70 CPUCHK0
ff825700 ANIDEATHBOOM                     0101ec80 CPUCHK1
ff826990 ANIFLYLANDKILL                   0101ec90 CPUCHK2
ff825010 ANIFRM                           0101eca0 CPUCHK3
0101ec30 ANIFUNCSX                        0101ecb0 CPUCHK4
01018810 ANIFUNCS                         0101ecc0 CPUCHK5
ff826680 ANIHITTEST                       0101ed00 BGPLANECT
ff8270c0 ANIKILL                          0101ed10 FGPLANECT
ff827030 ANIKILLPOWERUP                   0101ed20 SCROLLX
ff8272f0 ANILOOPHERE                      0101ed40 SCROLLY
ff8081b0 ANIMP                            0101ed60 SHAKEXY
0100a660 ANIOBJS                          0101ed80 SCRNTL
ff8251a0 ANIOCVECT                        0101eda0 SCRNLR
ff8259b0 ANIOFF                           0101edc0 OFREECNT
ff8258d0 ANIONOFF                         010d4200 DISPLAYON
ff825a00 ANIONTIME4                       010d4210 DMAVCOUNT
ff825950 ANION                            010d4220 BOG
ff826520 ANIPALCONSTRESTORE               010d4230 DMAQSTR0
ff826300 ANIPALCONSTFIRST                 010e6e30 DMAQSTR1
ff826460 ANIPALCONSTPLAYER                010e6e30 DMAQBOT0
ff826240 ANIPALCONSTSAVE                  010f9a30 DMAQPRE0
ff8263c0 ANIPALCONSTICONFIRST             010f9a30 DMAQBOT1
ff826430 ANIPALCONSTICON                  010f9a50 DMAQPRE1
ff826370 ANIPALCONST                      010f9a70 DMAQPRE
ff8251d0 ANIPULL                          010f9a90 DMAQBOT
ff826670 ANIRETS                          010f9af0 UNIVXMIN
ff826760 ANISETSCALETYPE                  010f9b00 UNIVXMAX
ff827750 ANISPAWNFIX                      010f9b10 WORLDX
ff825860 ANISPAWNFROMTBL                  010f9b30 WORLDY
ff827670 ANISPAWN                         010f9b50 WORLDXY
ff8276e0 ANISPAWNONE                      010f9b70 DMARESTARTS
ff826700 ANISTOPANI                       010f9b90 NOAUTOE
ff825a50 ANITIME4                         010f9be0 RAND
ff824a70 ANITOSCOREBOX                    010f9c00 SWITCHSTACK
ff824c60 ANITOSCORENOBOX                  010f9c20 SWITCHST
ffa84de0 ANY_BUT                          010fa020 SWITCHRAM
ff888860 AR1ACTOBJS                       010fa020 SWITCHSTX
ffb06d80 AR1BOOB                          010fa0c0 SWITCHRAMX
ff8892e0 AR1INIT                          010fa0c0 SYSCOPY
ff8893a0 AR1TMAP                          010fa0e0 PAGE
ff8889a0 AR1TRACKINFO                     010fa0f0 PAGEADDR
ff8c8ba0 AR2ACTOBJS                       010fa110 NOPGFLIP
ff8c9870 AR2INIT                          010fa120 COIL_CONTROL
ff8ca870 AR2TMAP                          010fa130 SOUND_COPY
ff8c8ce0 AR2TRACKINFO                     010fa140 PALRAM
ff90a070 AR3ACTOBJS                       010fc140 PTRRAM
ff90a980 AR3INIT                          010fc940 COLRTEMP
ff90aaa0 AR3TMAP                          010fca40 NewAECol
ff90a1b0 AR3TRACKINFO                     010fca60 OldAECol
ff94a2a0 AR4ACTOBJS                       010fca80 SKYCOLOR
ff94aad0 AR4INIT                          010fca90 IRQSKYE
ff94abf0 AR4TMAP                          010fcab0 GAME_STATE
ff94a3e0 AR4TRACKINFO                     010fcac0 GRAMSTRT
ff98a3f0 AR5ACTOBJS                       010fcac0 CURPLYRS
ff98b0e0 AR5INIT                          010fcad0 WAVE
ff98b820 AR5TMAP                          010fcae0 SOUNDSUP
ff98a530 AR5TRACKINFO                     010fcaf0 GAMERASE
ff9cb020 AR6ACTOBJS                       010fcb00 BUYNOW
ff9cb7b0 AR6INIT                          010fcb10 WAVETIME
ff9cb870 AR6TMAP                          010fcb10 GRAMEND
ff9cb160 AR6TRACKINFO                     010fcb10 WRAMSTRT
ffa0b070 AR7ACTOBJS                       010fcb30 WAVEIRQS
ffa0b800 AR7INIT                          010fcb50 PAUSE_GAME
ffa0b8c0 AR7TMAP                          010fcb60 DISPATCH_DELAY
ffa0b1b0 AR7TRACKINFO                     010fcb70 WRAMEND
ff838b00 AREAAWAY180TBL                   010fcbb0 SEC_FLAG
ffa4c760 ARENA1BMOD                       010fcbc0 DRCLEAR
ffada440 ARENA1_P                         010fcbc0 DRDATA
ffa4d6a0 ARENA2BMOD                       010fcbe0 CARDATA
ffa4e280 ARENA3BMOD                       01103c60 DRONEDATA
ffa4f560 ARENA4BMOD                       01103c60 CARDATAX
ffa50ba0 ARENA5BMOD                       011056a0 DRONEDATAX
ffa50fa0 ARENA7BMOD                       011056a0 WHOSHIT
01106640 ARENAACTOBJS                     01105ea0 HITLIST
01106620 ARENAINIT                        01105ec0 WINNER
ff87c3f0 ARENAPROC                        01105ee0 GCOLLIST
01107500 ARENASCALETBL                    01105f00 INDATA
ff8840e0 ARENASND                         011064a0 INDATAX
01107640 ARENASOUNDTBL                    011064a0 AUTOVELLIST
01108200 ARENASOUNDTBLX                   011064c0 DEBUGOBJ
011065e0 ARENATMAP                        011064e0 DMAQSTARTS
01106600 ARENATRACKINFO                   011064f0 DEBUGMOVE
ffb06c60 ARENA_1_A                        01106510 DRCLEARX
ffb06cf0 ARENA_1_B                        01106510 DRG
ffafdd80 ARROW                            011065c0 LAPCHECKPOINTS
ff841280 ARSCALETBLRACE                   011065d0 LAPSTOWIN
ff82eed0 ASBELT                           011065e0 ARENATMAP
ff82e8b0 ASBUMPERA                        01106600 ARENATRACKINFO
ff82ea50 ASBUMPERB                        01106620 ARENAINIT
ff82e510 ASCARBUR                         01106640 ARENAACTOBJS
ff830e80 ASCARFIRE                        01106660 PREREGSTORE1
ff830e10 ASDEADMISL                       01106a20 REGSTORE1
ff8347f0 ASDEATHBOOMTBL                   01106a20 PREREGSTORE2
ff834870 ASDEATHBOOMTBLX                  01106de0 REGSTORE1FLAGS
ff830f60 ASDEATHBOOM                      01106de0 REGSTORE2
ff831480 ASDEFENSEBOOM                    01106e00 TTRIG
ff82e030 ASDICE                           01106e10 SCOREDATA
ff82ebc0 ASDISTRBA                        01106f90 SCDM
ff82ed30 ASDISTRBB                        01106fc0 OBJINITRAM
ff8301f0 ASFILTER                         01107060 OBJINITRAMAOVEL
ff82cc10 ASFISH1                          01107100 OBJINITRAMSPAWN
ff82cd80 ASFISH2                          011071a0 OBJINITRAMBG
ff82ce60 ASFISH3                          01107240 OBJINITRAMAO
ff82cf40 ASFISH4                          011072e0 OBJIHDRRAM
ff82d560 ASFLAG1                          01107370 OBJINITRAMMISSILE
ff82d7c0 ASFLASHKILL                      01107410 PLAYERRECORDTBL
ff82d970 ASFLYLANDKILL                    01107500 ARENASCALETBL
ff82f4f0 ASFTPEDAL                        01107640 ARENASOUNDTBL
ff830840 ASGASCAN                         01108200 HOLDGAME
ff82d700 ASHITTEST                        01108200 ARENASOUNDTBLX
ff830500 ASHORNORN                        01108210 J64Q
ff827c00 ASICARPART                       0110e610 SCRATCH2K
ff827e30 ASICOORDS                        01112610 DEBUGSTACK
ff827ff0 ASIDEATHBOOM2                    01112630 TIMERMAX
ff82d900 ASKILL                           01112640 PALFXFREELIST
ff831a70 ASLMINEBOOM                      01112660 PALCYCLELIST
ff82c8e0 ASLMINE                          01112680 PALFXRAM
ff82f350 ASMIRROR                         01115e80 PALFXRAMX
ff8317c0 ASMISLBOOM                       01115e80 PROTECTION
ff8316c0 ASMISLFFBOOM                     011188a0 DROP_FLAG
ff82dcc0 ASMUFF                           01118970 FREEPALCNT
ff82dec0 ASPIST                           01118980 ACTIVE
ff830330 ASPLATE                          011189a0 FREE
ff830d20 ASPRSTART                        011189c0 PACTIVE
ff8306a0 ASRADIATE                        01118a20 LASTPROC
ff82d420 ASROCKSMALL                      01118a40 THISPROC
ff82e1a0 ASSEATA                          01118a60 THISWAKE
ff82e340 ASSEATB                          01118a80 PRIORITY
ff82f690 ASSPARKA                         01118ab0 PFREECNT
ff82f830 ASSPARKB                         01118ad0 TIMER
ff82e6b0 ASSTEER                          0114d5e0 STRNGRAM
ff82f010 ASTHINGA                         0114d7c0 STRINGF_RAM
ff82f1b0 ASTHINGB                         0114e770 STRING1
ff82c140 ASTOSCOREBOX                     0114e790 STRING2
ff82c500 ASTOSCOREBOXSOLID                0114e7b0 STRING3
ff82c6f0 ASTOSCORENOBOXSOLID              0114e920 LASTCOLOR
ff82c310 ASTOSCORENOBOX                   0114e9e0 FORCEDIP
ff82fe50 ASWHEELA                         0114ea30 BAD_AUD
ff82fff0 ASWHEELB                         0114ec00 COINFLAG
ff82fcb0 ASWINGORN                        0114ec10 GAMEUNITS
ff82b1e0 ASZTBLDETONATEICON               0114ec40 OCTO_FLAG
ff82aee0 ASZTBLHEALTHICON                 0114ee30 end
ff82afe0 ASZTBLMISSILEICON                ff800000 .text
ff82ade0 ASZTBLMONEYBAGICON               ff800310 WARMSET
ff82b2e0 ASZTBLSMARTBOMBICON              ff800310 POWERRET
ff82b0e0 ASZTBLTURBOICON                  ff800310 SETUP
ff854010 ATANTBL                          ff8006f0 PUSUMA
ff855010 ATANTBLX                         ff800760 PUSUMB
ff817140 ATTRACTPROC                      ff801470 PCMOSRET
ff817930 ATT_MODE_CREDIT                  ff8014d0 MAIN_GO
ffaa93a0 AUD1                             ff801610 DISPATCHPROC
ffaa9290 AUD                              ff803190 EXEC_LP
ffb081c0 AUTOBUY                          ff803f40 MAIN_INIT
011064a0 AUTOVELLIST                      ff8045d0 DIPINIT
ffb07ef0 AUTO_EXIT                        ff804660 DUMRETS
ffa6ee00 A_CHANGE_PAL                     ff804670 WIPEOUT
0114ea30 BAD_AUD                          ff804d90 KILL_DESTRUCTIBLES
ff87cd50 BARRELPROC                       ff804e50 SLEEP_SWITCHX
ffaba2a0 BARREL_P                         ff804fd0 WDOGDIS
ffb0bdf0 BCKSPACE                         ff805170 WDISTAB
ffa865f0 BEEP_1                           ff805200 CLSCRACH
ff8402d0 BEFOREHITTEST                    ff8052c0 GRAMINIT
ffaf6030 BFLIPa_10                        ff805510 IAUTOE
ffaf5b20 BFLIPa_1                         ff8056e0 DUMDIE
ffaf60c0 BFLIPa_11                        ff8057f0 INITDATA
ffaf6150 BFLIPa_12                        ff8059b0 IDATAEND
ffaf61e0 BFLIPa_13                        ff805a00 DISPLAYPLANE
ffaf5bb0 BFLIPa_2                         ff806100 MAKEFOREGROUND
ffaf5c40 BFLIPa_3                         ff806c40 MAKEBACKGROUND
ffaf5cd0 BFLIPa_4                         ff806db0 MAKESHADOWS
ffaf5d60 BFLIPa_5                         ff807800 DMAINT
ffaf5df0 BFLIPa_6                         ff8081b0 ANIMP
ffaf5e80 BFLIPa_7                         ff8082a0 GSAGOF
ffaf5f10 BFLIPa_8                         ff808340 DISPLAY
ffaf5fa0 BFLIPa_9                         ff808700 DISPLISTPREQ
ffaf6300 BFLIPb_10                        ff808f10 VELADDCAR
ffaf6390 BFLIPb_11                        ff80d780 VELSUBCAR
ffaf6420 BFLIPb_12                        ff80dab0 VELADD
ffaf64b0 BFLIPb_13                        ff80e000 CLRDMAQ
ffaf6540 BFLIPb_14                        ff80e000 INITDMAQ
ffaf6660 BFLIPb_1                         ff80e290 FREEALLOBJS
ffaf65d0 BFLIPb_15                        ff80e480 FREEDISPLAYLIST
ffaf66f0 BFLIPb_2                         ff80e520 INITDISPLAYLISTS
ffaf6780 BFLIPb_3                         ff80f380 GANIOF
ffaf6810 BFLIPb_4                         ff80f530 QDMAN
ffaf68a0 BFLIPb_5                         ff80f530 QDMAN2
ffaf6930 BFLIPb_6                         ff80f550 YZSORT
ffaf69c0 BFLIPb_7                         ff80f790 OINIT
ffaf6a50 BFLIPb_8                         ff80fe50 CkOFREE
ffaf6270 BFLIPb_9                         ff810090 IsAnObj
ffaf6ae0 BFLIPc_1                         ff8101e0 GETOBJ
ffaf6b70 BFLIPc_2                         ff8106c0 INSERT_OBJ
ffaf6c00 BFLIPc_3                         ff8107d0 INSBOBJ
ffaf6c90 BFLIPc_4                         ff810830 INSPLANE
ffaf6d20 BFLIPc_5                         ff810870 INSOBJ
ffaf6db0 BFLIPc_6                         ff810e40 ZAP_OBJ
ffaf6e40 BFLIPc_7                         ff810e40 DELETE_OBJ
ffaf6ed0 BFLIPc_8                         ff811030 FREEOBJ
ffaf6f60 BFLIPc_9                         ff8110a0 ZAPOBJ
01008ff0 BGLISTS                          ff811480 FPSTFOBJ0
0101ed00 BGPLANECT                        ff811570 STFOBJ0
ffab4520 BINBCD                           ff811720 CKINSANI
ffb0bbb0 BIRTHDAT                         ff811760 INSANI
ffb0bb20 BIRTHMON                         ff811ad0 CKPULLANIM
ffa7ebd0 BLASTMESS                        ff811b00 PULLANIM
ffad1830 BLMAN_P                          ff811e20 CREATE_OBJ
ffa6cf30 BLNKAREA2                        ff812400 INSVLIST
ffa6cec0 BLNKAREA                         ff812570 PULLVLIST
ffa8a280 BLNKHELP                         ff812b20 PULLSUPP
ffad07c0 BMW_P                            ff813410 GET_SCRNREL
0100a6d0 BOGDMACPU                        ff8139e0 PNT_WORLDREL
010d4220 BOG                              ff813ca0 COPY_OBJ
ffac4af0 BOOM_P                           ff813ea0 CREATE_COPY
ffafde10 BOX                              ff813f80 KILOBJ_ALL
ffaf7080 BROLLa_10                        ff813ff0 KILOBJ
ffaf7110 BROLLa_11                        ff8148c0 SETGCOL
ffaf71a0 BROLLa_12                        ff8149b0 CLRGCOL
ffaf6ff0 BROLLa_1                         ff814b90 GCOLWATCHER
ffaf7230 BROLLa_2                         ff815170 STARTPLANES
ffaf72c0 BROLLa_3                         ff817140 GAMEOVER
ffaf7350 BROLLa_4                         ff817140 ATTRACTPROC
ffaf73e0 BROLLa_5                         ff817930 ATT_MODE_CREDIT
ffaf7470 BROLLa_6                         ff817930 HSTD_ENTRY_POINT
ffaf7500 BROLLa_7                         ff817ce0 STARTNEWATTRACT
ffaf7590 BROLLa_8                         ff8182f0 STARTGUN
ffaf7620 BROLLa_9                         ff818740 STARTGUNSUB
ffaf76b0 BROLLb_1                         ff819180 DRPROC
ffaf7740 BROLLb_2                         ff81a690 ISCAROBJ
ffaf77d0 BROLLb_3                         ff81a780 FINDPOWERUP
ffaf7860 BROLLb_4                         ff81ae50 SHAKESCREEN
ffaf78f0 BROLLb_5                         ff81b310 ADDSHADOW
ffaf7980 BROLLb_6                         ff81b490 COMPTODIRMAGVEC
ffaf7a10 BROLLb_7                         ff81b5f0 COMPTODIRVEC
ffaf7aa0 BROLLb_8                         ff81bd30 CLEARVEC
ffaf7b30 BROLLb_9                         ff81bdb0 CLEARINPVEC
00000008 BSA_X                            ff81bdf0 ADDTIREVEC
0000002d BSA_Y                            ff81bf00 VECTORTOVELS
ffa979d0 BURNIN                           ff81c180 KILLCAR
010fcb00 BUYNOW                           ff81d2f0 CHANGECARSPEED
ffb07170 BUY_DTAIL                        ff81d400 SETCARDIR
ffb07200 BUY_DTAIL2                       ff81d450 ALTINPHANDLER
ffa867d0 B_MENU                           ff81d4d0 NORMINPHANDLER
ff821cb0 CARCODETBL                       ff81d8a0 SPINCARINPSUB
010fcbe0 CARDATA                          ff81da10 PLAYERCARINP
01103c60 CARDATAX                         ff81daa0 CRAZYCARINP
ff85a6d0 CARDISABLE                       ff81dca0 NOCONTROLCARINP
ff83f080 CARHITAOLOBJ                     ff81dd50 JUMPCARINP
ff81e040 CARINPPEDSUB                     ff81de00 STEERONLYCARINP
ff83bbd0 CARLOSEPARTS                     ff81dec0 PEDALONLYCARINP
ffb0dd70 CARNAME                          ff81dfa0 DEMONCARINP
ff8594b0 CARTHROWUP                       ff81e040 CARINPPEDSUB
ffaad5f0 CAT_A0                           ff820920 ADDMOVINGPART
ff858440 CCABORTLOADA7                    ff820c20 JLOCKED
ff858460 CCABORT                          ff820c50 SREGXXX
ff8581b0 CCNEWSTATE                       ff820d90 CREGXXX
ffaadb80 CCOIN                            ff8210a0 SQROOT
ff81d2f0 CHANGECARSPEED                   ff821280 CHECKSUM16
ffa6f090 CHANGE_PAL_MULTI                 ff8213c0 INITONETIME
ffa6ef80 CHANGE_PAL                       ff821410 INITDRDATA
ffa9d090 CHECKDIPFREE                     ff8215f0 INITOBJINITRAM
ff834c00 CHECKDMA                         ff821cb0 CARCODETBL
ffaad820 CHECKFREE                        ff821d10 PLAYERIZE
ff821280 CHECKSUM16                       ff822c80 CREATECAR
ffacdae0 CHEVY_P                          ff823300 MAKESHADMULTI
ffac9940 CHIP_P                           ff823b70 FEELRUNNER
ffb0db30 CHIP                             ff8249f0 SYSTEM_P
ffac5aa0 CHROME_P                         ff824a70 ANITOSCOREBOX
ffaa7da0 CIRCLE                           ff824c60 ANITOSCORENOBOX
ffa852c0 CKDIAG                           ff824e80 GETAFARG_LONG
ffab7df0 CKDIP                            ff825010 ANIFRM
ff811720 CKINSANI                         ff8250b0 ANICYCLE
ff811ad0 CKPULLANIM                       ff8251a0 ANIOCVECT
ffa85170 CKTEST                           ff8251d0 ANIPULL
ff81bdb0 CLEARINPVEC                      ff825270 ICONLANDS
ff81bd30 CLEARVEC                         ff825550 ANIDEADMISL
0101ec30 CLIPTIM                          ff825700 ANIDEATHBOOM
ffac3af0 CLOUD_P                          ff825860 ANISPAWNFROMTBL
ffa6e490 CLRBLOCK                         ff8258d0 ANIONOFF
ff80e000 CLRDMAQ                          ff825950 ANION
ff8149b0 CLRGCOL                          ff8259b0 ANIOFF
ffa6f410 CLRPAL                           ff825a00 ANIONTIME4
ffa6c800 CLRPDATA                         ff825a50 ANITIME4
ffa6e790 CLRPLAY                          ff825b20 SETCARPAL
ffa7ab70 CLRTEXT                          ff825c80 FLASHCARPAL
ffa6ec00 CLR_0PALS                        ff826240 ANIPALCONSTSAVE
ffaa90f0 CLR_AUDR                         ff826300 ANIPALCONSTFIRST
ffaa9420 CLR_AUD                          ff826370 ANIPALCONST
ffa6e5b0 CLR_SCRN                         ff8263c0 ANIPALCONSTICONFIRST
ff805200 CLSCRACH                         ff826430 ANIPALCONSTICON
ffaaa1b0 CMOSLOCK                         ff826460 ANIPALCONSTPLAYER
ffaaa170 CMOSUNLOCK                       ff826520 ANIPALCONSTRESTORE
ffaa94d0 CMOS_VAL                         ff8265b0 MAKEOBJANIM
010fa120 COIL_CONTROL                     ff826670 ANIRETS
0114ec00 COINFLAG                         ff826680 ANIHITTEST
ffab0500 COININT                          ff826700 ANISTOPANI
ffa9b650 COLORBAR                         ff826760 ANISETSCALETYPE
ffa7b270 COLOR_START                      ff826990 ANIFLYLANDKILL
010fc940 COLRTEMP                         ff827030 ANIKILLPOWERUP
ffa86320 COL_INST                         ff8270c0 ANIKILL
ff81b490 COMPTODIRMAGVEC                  ff827100 FLOATOBJ
ff81b5f0 COMPTODIRVEC                     ff8272f0 ANILOOPHERE
ffac24d0 CONE_P                           ff827670 ANISPAWN
ffb0dfb0 CONGRAD                          ff8276e0 ANISPAWNONE
ffa9b410 CONV_PLOT                        ff827750 ANISPAWNFIX
ff813ca0 COPY_OBJ                         ff827c00 ASICARPART
ffaac7d0 COUNTER_OFF                      ff827e30 ASICOORDS
ffaac7c0 COUNTER_ON                       ff827ff0 ASIDEATHBOOM2
ffadbb40 COVERS                           ff828170 MAKETOSCORE
0101ec70 CPUCHK0                          ff828b90 DOTURBO
0101ec80 CPUCHK1                          ff828c00 DOPEELOUT
0101ec90 CPUCHK2                          ff828eb0 GENAOBJLIST
0101eca0 CPUCHK3                          ff8295b0 GENAOBJLISTX
0101ecb0 CPUCHK4                          ff8295b0 ADDTOARENA
0101ecc0 CPUCHK5                          ff82a0c0 MONEYPICKUPTBL
ffa7e7f0 CPU_RET                          ff82a4d0 SSOFFROAD
ff81daa0 CRAZYCARINP                      ff82a4d0 MONEYPICKUPTBLX
ff822c80 CREATECAR                        ff82a520 OBJINITBLANK
ff878d80 CREATELANDMINE                   ff82a5c0 OBJINITBG
ff813ea0 CREATE_COPY                      ff82a660 OBJINITSPAWN
ff811e20 CREATE_OBJ                       ff82a700 OBJINITMISSILE
ff872f80 CREATE_STRING                    ff82a7a0 OBJINITBLANKAO
ffb07830 CRED_0                           ff82a840 OBJINITAOVEL
ffb077a0 CRED                             ff82a8e0 OBJINITDEFMISL
ffb078c0 CRED_1                           ff82a980 OBJINITDEATHBOOM
ffb07950 CRED_2                           ff82aa20 OBJINITDEADMISL
ffb079e0 CRED_3                           ff82aac0 OBJINITLMINE
ffb07a70 CRED_4                           ff82ab60 OBJINITFF
ffb07b00 CRED_5                           ff82ac00 OBJINITCARFIRE
ffb07b90 CRED_6                           ff82aca0 OBJINITRUNNER
ffb07c20 CRED_7                           ff82ad40 MOVINGPARTTBL
ffb07cb0 CRED_8                           ff82ad60 MOVINGPARTTBLX
ffb07d40 CRED_9                           ff82ad60 IMAGEROMSIZETBL
ffaaee80 CRED_P                           ff82ade0 ASZTBLMONEYBAGICON
ffaad770 CRED_STRING                      ff82aee0 ASZTBLHEALTHICON
ff820d90 CREGXXX                          ff82afe0 ASZTBLMISSILEICON
ffa6c760 CRNPALS                          ff82b0e0 ASZTBLTURBOICON
ffaaf810 CR_BOTH                          ff82b1e0 ASZTBLDETONATEICON
ffaafc10 CR_CONTP                         ff82b2e0 ASZTBLSMARTBOMBICON
ffaafa70 CR_STRTP                         ff82c140 ASTOSCOREBOX
010fcac0 CURPLYRS                         ff82c310 ASTOSCORENOBOX
ffa7bc50 CYCLE16                          ff82c500 ASTOSCOREBOXSOLID
ffa7c1b0 CYCLE1                           ff82c6f0 ASTOSCORENOBOXSOLID
ff80fe50 CkOFREE                          ff82c8e0 ASLMINE
ffaec7c0 DCHUNK_A1                        ff82cc10 ASFISH1
ffaec850 DCHUNK_A2                        ff82cd80 ASFISH2
ffaec8e0 DCHUNK_A3                        ff82ce60 ASFISH3
ffaec970 DCHUNK_A4                        ff82cf40 ASFISH4
ffaeca00 DCHUNK_A5                        ff82d420 ASROCKSMALL
ffaeca90 DCHUNK_A6                        ff82d560 ASFLAG1
ffaecb20 DCHUNK_A7                        ff82d700 ASHITTEST
ffaecbb0 DCHUNK_A8                        ff82d7c0 ASFLASHKILL
ffaecc40 DCHUNK_A9                        ff82d900 ASKILL
ffaed1e0 DCHUNK_B10                       ff82d970 ASFLYLANDKILL
ffaeccd0 DCHUNK_B1                        ff82dcc0 ASMUFF
ffaecd60 DCHUNK_B2                        ff82dec0 ASPIST
ffaecdf0 DCHUNK_B3                        ff82e030 ASDICE
ffaece80 DCHUNK_B4                        ff82e1a0 ASSEATA
ffaecf10 DCHUNK_B5                        ff82e340 ASSEATB
ffaecfa0 DCHUNK_B6                        ff82e510 ASCARBUR
ffaed030 DCHUNK_B7                        ff82e6b0 ASSTEER
ffaed0c0 DCHUNK_B8                        ff82e8b0 ASBUMPERA
ffaed150 DCHUNK_B9                        ff82ea50 ASBUMPERB
0100a0f0 DEBUGDMALIST                     ff82ebc0 ASDISTRBA
011064f0 DEBUGMOVE                        ff82ed30 ASDISTRBB
011064c0 DEBUGOBJ                         ff82eed0 ASBELT
01112610 DEBUGSTACK                       ff82f010 ASTHINGA
ffafda20 DEFMIS_1A                        ff82f1b0 ASTHINGB
ffafd750 DEFMIS_1                         ff82f350 ASMIRROR
ffafdab0 DEFMIS_2A                        ff82f4f0 ASFTPEDAL
ffafd7e0 DEFMIS_2                         ff82f690 ASSPARKA
ffafd870 DEFMIS_3                         ff82f830 ASSPARKB
ffafdb40 DEFMIS_3A                        ff82fcb0 ASWINGORN
ffafd900 DEFMIS_4                         ff82fe50 ASWHEELA
ffafdbd0 DEFMIS_4A                        ff82fff0 ASWHEELB
ffafd990 DEFMIS_5                         ff8301f0 ASFILTER
ffafdc60 DEFMIS_5A                        ff830330 ASPLATE
ffaa9db0 DEF_PAGE                         ff830500 ASHORNORN
ff810e40 DELETE_OBJ                       ff8306a0 ASRADIATE
ffa6f150 DELETE_PAL                       ff830840 ASGASCAN
ffa6f1c0 DELPAL                           ff830d20 ASPRSTART
ff81dfa0 DEMONCARINP                      ff830e10 ASDEADMISL
ffa7d100 DIAG                             ff830e80 ASCARFIRE
ffa97be0 DIAGCPUTEST                      ff830f60 ASDEATHBOOM
ffab0e20 DICT_LOOKUP                      ff831480 ASDEFENSEBOOM
ffa7e180 DIGSRT                           ff8316c0 ASMISLFFBOOM
ffb2cd30 DIPCOINTAB                       ff8317c0 ASMISLBOOM
ffb2cdb0 DIPCREDTAB                       ff831a70 ASLMINEBOOM
ff8045d0 DIPINIT                          ff8347c0 FOURHITFRONT
ffa9bb50 DIPTEST                          ff8347d0 FOURHITMID
ffad17c0 DIRTM_P                          ff8347e0 FOURHITBACK
ffaebda0 DIRT_A1                          ff8347f0 ASDEATHBOOMTBL
ffaebe30 DIRT_A2                          ff834870 SASROLLLEFT
ffaebec0 DIRT_A3                          ff834870 ASDEATHBOOMTBLX
ffaebf50 DIRT_A4                          ff8348d0 SASROLLRIGHT
ffaebfe0 DIRT_A5                          ff834930 SASREHIT
ffaec070 DIRT_A6                          ff834930 SASTOSSROLLLOOP
ffaec100 DIRT_BC1                         ff8349c0 SASROCKUPDOWN
ffaec190 DIRT_BC2                         ff834a00 SASROCKDOWNUP
ffaec220 DIRT_BC3                         ff834a40 SASROCKBACKA
ffaec2b0 DIRT_BC4                         ff834a80 SASROCKFRONTA
ffaec340 DIRT_BC5                         ff834ac0 SASROCKRIGHTA
ffaec3d0 DIRT_BC6                         ff834b00 SASROCKLEFTA
ffaec460 DIRT_DE1                         ff834c00 CHECKDMA
ffaec4f0 DIRT_DE2                         ff836430 HITTESTCARS
ffaec580 DIRT_DE3                         ff8367a0 HITTESTOBJS
ffaec610 DIRT_DE4                         ff836da0 HITTESTMISC
ffaec6a0 DIRT_DE5                         ff837400 AFTERHITTEST
ffaec730 DIRT_DE6                         ff838b00 AREAAWAY180TBL
ff801610 DISPATCHPROC                     ff838bc0 TWOCARSHIT
010fcb60 DISPATCH_DELAY                   ff839e30 OBJ2OBJDIR
ffaab080 DISPDUMP                         ff839eb0 POINT2POINTDIR16
ff808340 DISPLAY                          ff83a1b0 OBJOBJDIR32
010d4200 DISPLAYON                        ff83bbd0 CARLOSEPARTS
ff805a00 DISPLAYPLANE                     ff83bff0 TAKEDAMAGE
ff8732c0 DISPLAY_STRING                   ff83c820 FLASHPLBACKDEATH
ff808700 DISPLISTPREQ                     ff83cac0 RANDOMSPIN
ff807800 DMAINT                           ff83f080 CARHITAOLOBJ
0100a6f0 DMALOCK                          ff83f490 SETOBJSCALE
ffa6dc90 DMAN                             ff83fe40 WHCHECKFRAME
010e6e30 DMAQBOT0                         ff8402d0 BEFOREHITTEST
010f9a30 DMAQBOT1                         ff840400 INITARENASCALE
010f9a90 DMAQBOT                          ff840880 SETZMIN
010f9a30 DMAQPRE0                         ff8409d0 GETSCALE
010f9a70 DMAQPRE                          ff841280 ARSCALETBLRACE
010f9a50 DMAQPRE1                         ff844e20 INITTOPO
011064e0 DMAQSTARTS                       ff844e30 TOPOXZ
010d4230 DMAQSTR0                         ff8451c0 HITCARTOPO
010e6e30 DMAQSTR1                         ff845db0 TOPOREACT
ffa6dfa0 DMAQWAIT                         ff849ae0 SETARENA
010f9b70 DMARESTARTS                      ff84a1b0 MISBLOWUPTBL
010d4210 DMAVCOUNT                        ff84a218 DRONEAVOIDTBL
ffa6de10 DMAWAIT                          ff84a218 MISBLOWUPTBLX
ffa6dcc0 DMAWPAL                          ff84a280 DRONEAVOIDTBLX
ff828c00 DOPEELOUT                        ff84ac00 INITINPUT
ff828b90 DOTURBO                          ff84b270 UNSTACKSWITCHES
ffab8460 DO_ADJH                          ff84b600 READSWITCHES
ffa6d320 DRAWBOX_OBJ                      ff84bba0 GETINPDATA
ffa6d050 DRAWBOX                          ff84bd60 READOTHERINP
010fcbc0 DRCLEAR                          ff84c250 SCOREINIT
01106510 DRCLEARX                         ff84d4a0 SCOREVALADDOID
010fcbc0 DRDATA                           ff84d4d0 SCOREVALADD
01106510 DRG                              ff84db30 SCORESETLAP
ff84a280 DRONEAVOIDTBLX                   ff84df20 SCORESETKILLS
ff84a218 DRONEAVOIDTBL                    ff84e300 SCORESETMISL
011056a0 DRONEDATAX                       ff84e6e0 SCORESETTIME
01103c60 DRONEDATA                        ff84eb80 SCORETIMEDOWN
ff87c600 DROPICON                         ff84ec90 SCORESETTURBOOID
011188a0 DROP_FLAG                        ff84ecc0 SCORESETTURBO
ff819180 DRPROC                           ff84f0a0 SCORESETDAMAGEOID
ffaa86f0 DSCRCLR                          ff84f0d0 SCORESETDAMAGE
ffb08130 DTAL_COVR                        ff850560 SCORESETPLBACKOID
ffa6da70 DTIME                            ff850590 SCORESETPLBACK
ffa6dad0 DTIME2                           ff851df0 PLPALCONSTTBL
ffa7ae10 DUMCOLL                          ff851fb0 SCOREBOXCENTERTBL
ffa7ade0 DUMCRETS                         ff852010 SINCOS
ff8056e0 DUMDIE                           ff854010 ATANTBL
ffa7ae40 DUMPPRINT                        ff855010 ATANTBLX
ffaaa1f0 DUMP_FS                          ff855010 ENDMOVE
ffa7aeb0 DUMP_IT                          ff855010 INITSPECMOVE
ff804660 DUMRETS                          ff855120 SPECMOVE
ffad6520 DUXPAL                           ff8581b0 CCNEWSTATE
ffa6c0d0 ELPALS                           ff858440 CCABORTLOADA7
ffb0c9c0 EMPTY                            ff858460 CCABORT
ffae3640 EMPTY_P                          ff8594b0 CARTHROWUP
ff855010 ENDMOVE                          ff85a6d0 CARDISABLE
ffa51a60 ENTERBMOD                        ff85a9a0 RUNNERPROC
ffae2570 ENTFONT_P                        ff860f60 HANDLEDRONE
ffb0a2f0 ENTR_0                           ff861730 FLP_SELECT_CHARACTER
ffb093c0 ENTR_1                           ff864680 FLP_BUY_EQUIPMENT
ffb0a800 ENTR_10                          ff868260 SET_IMAGE
ffb0a890 ENTR_11                          ff86af40 FLP_ENTER_INITIALS
ffb0a920 ENTR_12                          ff872f80 CREATE_STRING
ffb0a9b0 ENTR_13                          ff8732c0 DISPLAY_STRING
ffb0aa40 ENTR_14                          ff873390 VERT_ALIGN_STRING
ffb0aad0 ENTR_15                          ff8734e0 HORZ_ALIGN_STRING
ffb0ab60 ENTR_16                          ff874f20 MISFINDLOCKCLOSEST
ffb0abf0 ENTR_17                          ff875410 MISDETONATEALL
ffb0ac80 ENTR_18                          ff875510 MISDETONATETARGET
ffb0ad10 ENTR_19                          ff8756d0 MISLAUNCH
ffb0ada0 ENTR_20                          ff875970 MISPICKUP
ffb0ae30 ENTR_21                          ff878bf0 LMINEDETONATE
ffb0aec0 ENTR_22                          ff878d80 CREATELANDMINE
ffb0af50 ENTR_23                          ff879150 MISFFPROC
ffb0afe0 ENTR_24                          ff879c40 MISIMAGES
ffb0b070 ENTR_25                          ff87c040 ACTRANDSNDTBL
ffb0b100 ENTR_26                          ff87c0d0 ACTRANDSND
ffb0b190 ENTR_27                          ff87c1a0 ACTRANDICONTBL
ffb0a380 ENTR_2                           ff87c230 ACTRANDICON
ffb0b220 ENTR_28                          ff87c3f0 ARENAPROC
ffb0b2b0 ENTR_29                          ff87c600 DROPICON
ffb0a410 ENTR_3                           ff87cd50 BARRELPROC
ffb0b340 ENTR_30                          ff87dc40 FOURIMGTBL
ffb0b3d0 ENTR_31                          ff883c40 FOURHITMASK
ffb0a4a0 ENTR_4                           ff883c60 INITSND
ffb0a530 ENTR_5                           ff883c60 RESTORESNDMAP
ffb0a5c0 ENTR_6                           ff883d10 SNDREMAP
ffb0a650 ENTR_7                           ff883ec0 MAKESND
ffb0a6e0 ENTR_8                           ff8840e0 ARENASND
ffb0a770 ENTR_9                           ff888860 AR1ACTOBJS
ffb0b610 ENTR_APR                         ff8889a0 AR1TRACKINFO
ffb09450 ENTR_A                           ff8892e0 AR1INIT
ffb0b850 ENTR_AUG                         ff8893a0 AR1TMAP
ffb094e0 ENTR_B                           ff8c8ba0 AR2ACTOBJS
ffb09570 ENTR_C                           ff8c8ce0 AR2TRACKINFO
ffb09600 ENTR_D                           ff8c9870 AR2INIT
ffb0ba90 ENTR_DEC                         ff8ca870 AR2TMAP
ffb09690 ENTR_E                           ff90a070 AR3ACTOBJS
ffb09720 ENTR_F                           ff90a1b0 AR3TRACKINFO
ffb0b4f0 ENTR_FEB                         ff90a980 AR3INIT
ffb097b0 ENTR_G                           ff90aaa0 AR3TMAP
ffb09840 ENTR_H                           ff94a2a0 AR4ACTOBJS
ffb098d0 ENTR_I                           ff94a3e0 AR4TRACKINFO
ffb09960 ENTR_J                           ff94aad0 AR4INIT
ffb0b460 ENTR_JAN                         ff94abf0 AR4TMAP
ffb0b7c0 ENTR_JUL                         ff98a3f0 AR5ACTOBJS
ffb0b730 ENTR_JUN                         ff98a530 AR5TRACKINFO
ffb099f0 ENTR_K                           ff98b0e0 AR5INIT
ffb09a80 ENTR_L                           ff98b820 AR5TMAP
ffb09b10 ENTR_M                           ff9cb020 AR6ACTOBJS
ffb0b580 ENTR_MAR                         ff9cb160 AR6TRACKINFO
ffb0b6a0 ENTR_MAY                         ff9cb7b0 AR6INIT
ffb0ba00 ENTR_NOV                         ff9cb870 AR6TMAP
ffb09ba0 ENTR_N                           ffa0b070 AR7ACTOBJS
ffb09c30 ENTR_O                           ffa0b1b0 AR7TRACKINFO
ffb0b970 ENTR_OCT                         ffa0b800 AR7INIT
ffb09cc0 ENTR_P                           ffa0b8c0 AR7TMAP
ffb09d50 ENTR_Q                           ffa4b390 prspctvBMOD
ffb09de0 ENTR_R                           ffa4b700 TITLEBMOD
ffb09e70 ENTR_S                           ffa4c760 ARENA1BMOD
ffb0b8e0 ENTR_SEP                         ffa4d6a0 ARENA2BMOD
ffb09f00 ENTR_T                           ffa4e280 ARENA3BMOD
ffb09f90 ENTR_U                           ffa4f560 ARENA4BMOD
ffb0a020 ENTR_V                           ffa50ba0 ARENA5BMOD
ffb0a0b0 ENTR_W                           ffa50fa0 ARENA7BMOD
ffb0a140 ENTR_X                           ffa51300 WEAPONBMOD
ffb0a1d0 ENTR_Y                           ffa51660 PLYRCARBMOD
ffb0a260 ENTR_Z                           ffa518b0 HIGHSCRBMOD
ffa6c1d0 ENT_P                            ffa51a60 ENTERBMOD
ff803190 EXEC_LP                          ffa51dc0 WINBMOD
ffa73470 EXISTP_ALL                       ffa51e50 PRSPCTV
ffb03270 EXPL_10                          ffa51ee0 ctvPALS
ffb02d60 EXPL_1                           ffa51f00 LOGO_P
ffb02df0 EXPL_2                           ffa528c0 MIDW_P
ffb02e80 EXPL_3                           ffa529f0 FPALS
ffb02f10 EXPL_4                           ffa52a30 MINE1_P
ffb02fa0 EXPL_5                           ffa53990 MINE2_P
ffb03030 EXPL_6                           ffa548a0 MINE3_P
ffb030c0 EXPL_7                           ffa55790 MINE4_P
ffb03150 EXPL_8                           ffa56670 MINE5_P
ffb031e0 EXPL_9                           ffa57590 A1PALS
ffaa9e70 FAC_SET                          ffa57630 WOODS1_P
ff823b70 FEELRUNNER                       ffa585c0 WOODS4_P
01008000 FGLISTS                          ffa59570 WOODS3_P
0101ed10 FGPLANECT                        ffa5a520 WOODS5_P
ffa6e500 FILBLOCK                         ffa5b490 A2PALS
ffa6ce00 FILLAREA                         ffa5b550 HENGE1_P
ffa6ce60 FILLAREA2                        ffa5c480 HENGE2_P
ffa6e5c0 FILL_SCRN                        ffa5d420 HENGE4_P
ffa6f250 FINDPAL                          ffa5e3c0 HENGE5_P
ff81a780 FINDPOWERUP                      ffa5f350 HENGE3_P
ffac2af0 FIRE_p                           ffa60310 A3PALS
ffafef80 FIR_1_1                          ffa603b0 RUINS1_P
ffaff010 FIR_1_2                          ffa61360 RUINS4_P
ffaff0a0 FIR_1_3                          ffa622d0 RUINS3_P
ffaff130 FIR_1_4                          ffa63270 RUINS5_P
ffaff1c0 FIR_1_5                          ffa64230 RUINS6_P
ffaff250 FIR_2_1                          ffa651b0 RUINS2_P
ffaff2e0 FIR_2_2                          ffa66160 A4PALS
ffaff370 FIR_2_3                          ffa66220 STADM5_P
ffaff400 FIR_2_4                          ffa671f0 STADM3_P
ffaff490 FIR_2_5                          ffa68190 STADM1_P
ffaff520 FIR_3_1                          ffa69120 STADM2_P
ffaff5b0 FIR_3_2                          ffa6a0d0 A5PALS
ffaff640 FIR_3_3                          ffa6a170 TSTBKG_P
ffaff6d0 FIR_3_4                          ffa6b170 A7PALS
ffaff760 FIR_3_5                          ffa6b190 SELCT1_P
ffaff7f0 FIR_4_1                          ffa6b670 SELCT2_P
ffaff880 FIR_4_2                          ffa6bbb0 SELCT3_P
ffaff910 FIR_4_3                          ffa6c090 WEP_EXIT
ffaff9a0 FIR_4_4                          ffa6c0d0 ELPALS
ffaffa30 FIR_4_5                          ffa6c150 SELPALS
ffaffac0 FIR_5_1                          ffa6c1d0 ENT_P
ffaffb50 FIR_5_2                          ffa6c720 SCRPALS
ffaffbe0 FIR_5_3                          ffa6c740 RPALS
ffaffc70 FIR_5_4                          ffa6c760 CRNPALS
ffaffd00 FIR_5_5                          ffa6c800 CLRPDATA
ffaffd90 FIR_6_1                          ffa6c900 RANDOM
ffaffe20 FIR_6_2                          ffa6c900 RANDOMA0
ffaffeb0 FIR_6_3                          ffa6ca00 RANDOMA2
ffafff40 FIR_6_4                          ffa6cb00 RANDU
ffafffd0 FIR_6_5                          ffa6cb90 RAND0
ffb00060 FIR_7_1                          ffa6cc10 SRAND
ffb000f0 FIR_7_2                          ffa6cc90 RANGRAND
ffb00180 FIR_7_3                          ffa6cce0 RANGERND
ffb00210 FIR_7_4                          ffa6cd80 RANDPER
ffb002a0 FIR_7_5                          ffa6ce00 FILLAREA
ffb00330 FIR_8_1                          ffa6ce60 FILLAREA2
ffb003c0 FIR_8_2                          ffa6cec0 BLNKAREA
ffb00450 FIR_8_3                          ffa6cf30 BLNKAREA2
ffb004e0 FIR_8_4                          ffa6d050 DRAWBOX
ffb00570 FIR_8_5                          ffa6d320 DRAWBOX_OBJ
ffb00600 FIR_9_1                          ffa6da70 DTIME
ffb00690 FIR_9_2                          ffa6dad0 DTIME2
ffb00720 FIR_9_3                          ffa6dc90 DMAN
ffb007b0 FIR_9_4                          ffa6dcc0 DMAWPAL
ffb00840 FIR_9_5                          ffa6de10 DMAWAIT
ffac6aa0 FISH1_P                          ffa6dfa0 DMAQWAIT
ffb04e00 FIVE                             ffa6e240 SCRCLR
ffafdea0 FLAG1                            ffa6e360 SETPPROC
ffafdf30 FLAG2                            ffa6e490 CLRBLOCK
ffafdfc0 FLAG3                            ffa6e500 FILBLOCK
ffafe050 FLAG4                            ffa6e5b0 CLR_SCRN
ffafe0e0 FLAG5                            ffa6e5c0 FILL_SCRN
ffafe170 FLAG6                            ffa6e790 CLRPLAY
ffafe200 FLAG7                            ffa6ec00 CLR_0PALS
ffafe290 FLAG8                            ffa6ed00 INC_PALCNT
ffac1ce0 FLAG_P                           ffa6ee00 A_CHANGE_PAL
ff825c80 FLASHCARPAL                      ffa6ee60 GET_PALID
ff83c820 FLASHPLBACKDEATH                 ffa6ef80 CHANGE_PAL
ff827100 FLOATOBJ                         ffa6f090 CHANGE_PAL_MULTI
ff864680 FLP_BUY_EQUIPMENT                ffa6f150 DELETE_PAL
ff86af40 FLP_ENTER_INITIALS               ffa6f1c0 DELPAL
ff861730 FLP_SELECT_CHARACTER             ffa6f250 FINDPAL
ffb19300 FONT150                          ffa6f3e0 INIT_PAL
ffb18f10 FONT151                          ffa6f410 CLRPAL
ffb18f80 FONT152                          ffa6f660 GETFPAL
ffb18ff0 FONT153                          ffa6fb60 FREEPAL
ffb19060 FONT154                          ffa6fde0 PALSET
ffb190d0 FONT155                          ffa6ff50 PALTRANS
ffb19140 FONT156                          ffa70800 PALFXINIT
ffb191b0 FONT157                          ffa70ae0 PALCYCLEADD
ffb19220 FONT158                          ffa70d00 PRCDSP
ffb19290 FONT159                          ffa710e0 PRCSLP
ffb04e90 FONT_A                           ffa710f0 PRCLSP
ffb04f20 FONT_B                           ffa71640 SUCIDE
ffb04fb0 FONT_C                           ffa718d0 PINIT
ffb05040 FONT_D                           ffa71b30 GETPPRC
ffb050d0 FONT_E                           ffa71bd0 GETPRC
ffb05160 FONT_F                           ffa723d0 KILL
ffb051f0 FONT_G                           ffa72850 KILLPROC_ALL
ffb05280 FONT_H                           ffa728c0 KILALL
ffb05310 FONT_I                           ffa73470 EXISTP_ALL
ffb053a0 FONT_J                           ffa744f0 ONESND
ffb05430 FONT_K                           ffa74870 SNDPRC
ffb054c0 FONT_L                           ffa75040 SNDRES
ffb05550 FONT_M                           ffa754b0 QSNDRST
ffb055e0 FONT_N                           ffa755c0 PRINTF
ffb05670 FONT_O                           ffa756a0 STRLNRM
ffb05700 FONT_P                           ffa75710 STRCNRM
ffb05790 FONT_Q                           ffa75780 STRCNRM2
ffb05820 FONT_R                           ffa757f0 STRLNRM2
ffb058b0 FONT_S                           ffa75850 STRRNRM
ffb05940 FONT_T                           ffa758b0 STRLNRMO
ffb059d0 FONT_U                           ffa75920 STRCNRMO
ffb05a60 FONT_V                           ffa75990 STRRNRMO
ffb05af0 FONT_W                           ffa75a00 STRLNC
ffb05b80 FONT_X                           ffa75a60 STRCNC
ffb05c10 FONT_Y                           ffa75ac0 STRRNC
ffb05ca0 FONT_Z                           ffa75b20 STRLNCF
ffb0d350 FONZ1                            ffa75b80 STRRNCF
ffb0d3e0 FONZ2                            ffa75be0 STRLNCOF
ffb0d470 FONZ3                            ffa75c50 STRRNCOF
ffb0d500 FONZ4                            ffa75cc0 STRCNCOF
ffb0d590 FONZ5                            ffa75da0 STRCNCO
ffb0d620 FONZ6                            ffa75e10 STRLNRMS
ffb0dbc0 FONZE                            ffa75e80 STRCNRMS
ffac79f0 FONZ_P                           ffa75ef0 STRRNRMS
0114e9e0 FORCEDIP                         ffa75f60 STRCNRMOS
ffaa9530 FORM_ADC                         ffa75fd0 STRRNRMOS
ffa88a80 FORM_SWS                         ffa776d0 STRINGF
ffae3fc0 FOR_B_P                          ffa79690 STRNGLEN
ffae4ee0 FOR_G_P                          ffa79a10 HEXTOASC
ff8347e0 FOURHITBACK                      ffa79f20 HTOHXASC
ff8347d0 FOURHITMID                       ffa7a990 L_MESS
ffb04d70 FOUR                             ffa7aad0 LM_SETUP
ff8347c0 FOURHITFRONT                     ffa7ab20 LM_FINIS
ff883c40 FOURHITMASK                      ffa7ab30 LM_PRINTF
ff87dc40 FOURIMGTBL                       ffa7ab70 CLRTEXT
fface880 FOUR_P                           ffa7ac30 PROC_TEXT
ffa529f0 FPALS                            ffa7ade0 DUMCRETS
ff811480 FPSTFOBJ0                        ffa7ae10 DUMCOLL
ff80e290 FREEALLOBJS                      ffa7ae40 DUMPPRINT
ff811030 FREEOBJ                          ffa7aeb0 DUMP_IT
ffa6fb60 FREEPAL                          ffa7b260 SECURITY
011189a0 FREE                             ffa7b270 COLOR_START
ff80e480 FREEDISPLAYLIST                  ffa7bc50 CYCLE16
01118970 FREEPALCNT                       ffa7c1b0 CYCLE1
ffb2d570 FRENCH_1                         ffa7c660 TVBP
ffb2d5c0 FRENCH_2                         ffa7c6b0 TVBPX
ffb2d610 FRENCH_3                         ffa7c790 ROMTRAP
ffb2d660 FRENCH_4                         ffa7c940 TVPATCH
ffb2d370 FRENCH_ELECTITLE                 ffa7cc80 TVPATCHX
ffb0e040 FRSTPLAC                         ffa7cc80 TEXTPAL
ffb089a0 FX4B_INFO                        ffa7cf60 T2FIXED
ffb08880 FX4B_LG                          ffa7d100 DIAG
ffae03f0 FX4B_P                           ffa7e180 DIGSRT
ffb086d0 FX4B_SM                          ffa7e7f0 CPU_RET
ffb08a30 FX4G_INFO                        ffa7ebd0 BLASTMESS
ffb08910 FX4G_LG                          ffa81240 OCTO_AUDS
ffae1390 FX4G_P                           ffa82de0 GET_PLAYS
ffb08760 FX4G_SM                          ffa82fe0 SET_AVGWAVE
ffb08ac0 FX4R_INFO                        ffa84de0 ANY_BUT
ffb087f0 FX4R_LG                          ffa84e60 WAIT_BUT
ffadf440 FX4R_P                           ffa85170 CKTEST
ffb08640 FX4R_SM                          ffa852c0 CKDIAG
ffaa9700 F_ADC_S                          ffa85b10 MENU_TOP
ff817140 GAMEOVER                         ffa85e50 SCR_REV_OBJ
010fcaf0 GAMERASE                         ffa86060 SCR_BOX_OBJ
0114ec10 GAMEUNITS                        ffa86320 COL_INST
010fcab0 GAME_STATE                       ffa865f0 BEEP_1
ff80f380 GANIOF                           ffa86670 UHOH
ffb0d6b0 GARTH1                           ffa867d0 B_MENU
ffb0dc50 GARTH                            ffa88660 ST_STICK
ffb0d740 GARTH2                           ffa886e0 GETSTICK
ffb0d7d0 GARTH3                           ffa88a80 FORM_SWS
ffb0d860 GARTH4                           ffa8a060 STD_BORD
ffb0d8f0 GARTH5                           ffa8a280 BLNKHELP
ffb0d980 GARTH6                           ffa8a3d0 P_FORK
ffb0da10 GARTH7                           ffa8a470 H_SLAVE
ffb0daa0 GARTH8                           ffa8ba80 MESS_TITLE
ffb082e0 GARTH_LG                         ffa8dce0 ROM_NAME
ffac89a0 GARTH_P                          ffa8e3a0 M_CALIBRATE
ffb08370 GARTH_SM                         ffa8ea70 MESS_DRIVER
01105ee0 GCOLLIST                         ffa8efb0 MESS_MM
ff814b90 GCOLWATCHER                      ffa95560 POWERCMOS
ff828eb0 GENAOBJLIST                      ffa979d0 BURNIN
ff8295b0 GENAOBJLISTX                     ffa97be0 DIAGCPUTEST
ffb2d430 GERMAN_1                         ffa9aa90 POWERTST
ffb2d480 GERMAN_2                         ffa9b410 CONV_PLOT
ffb2d4d0 GERMAN_3                         ffa9b650 COLORBAR
ffb2d520 GERMAN_4                         ffa9bb50 DIPTEST
ffb2d3d0 GERMAN_ELECTITLE                 ffa9d090 CHECKDIPFREE
ff824e80 GETAFARG_LONG                    ffa9d7f0 READ_DIP
ffa6f660 GETFPAL                          ffa9da50 SWITCHTEST
ff84bba0 GETINPDATA                       ffaa7430 INITCOLR
ff8101e0 GETOBJ                           ffaa7510 POINT
ffa71b30 GETPPRC                          ffaa75e0 RECTANGLE
ffa71bd0 GETPRC                           ffaa76e0 HVLINE
ff8409d0 GETSCALE                         ffaa78b0 STRING
ffa886e0 GETSTICK                         ffaa7bc0 STRINGCENTER
ffaa97e0 GET_ADJ                          ffaa7da0 CIRCLE
ffaa8eb0 GET_AUD                          ffaa86f0 DSCRCLR
ffab4310 GET_CSPT                         ffaa8eb0 GET_AUD
ffa6ee60 GET_PALID                        ffaa8ff0 STORE_AUDIT
ffa82de0 GET_PLAYS                        ffaa90f0 CLR_AUDR
ff813410 GET_SCRNREL                      ffaa91e0 KILL_AUD
ffab4810 GO_ADJ                           ffaa9290 AUD
010fcb10 GRAMEND                          ffaa93a0 AUD1
ff8052c0 GRAMINIT                         ffaa9420 CLR_AUD
010fcac0 GRAMSTRT                         ffaa94d0 CMOS_VAL
ffad2760 GRMAN_P                          ffaa9530 FORM_ADC
ff8082a0 GSAGOF                           ffaa9700 F_ADC_S
ffb04b30 G_3                              ffaa97e0 GET_ADJ
ff860f60 HANDLEDRONE                      ffaa9970 PUT_ADJ
ffaf8280 HEALTH_1                         ffaa9d10 ADJ_PAGE
ffaf8310 HEALTH_2                         ffaa9db0 DEF_PAGE
ffaf83a0 HEALTH_3                         ffaa9e70 FAC_SET
ffa5b550 HENGE1_P                         ffaaa170 CMOSUNLOCK
ffa5c480 HENGE2_P                         ffaaa1b0 CMOSLOCK
ffa5f350 HENGE3_P                         ffaaa1f0 DUMP_FS
ffa5d420 HENGE4_P                         ffaaa380 ADD_DUMP
ffa5e3c0 HENGE5_P                         ffaaa810 SET_PAGE
ffa79a10 HEXTOASC                         ffaaa990 RC_BYTE
ffa518b0 HIGHSCRBMOD                      ffaaa9e0 WC_BYTE
ff8451c0 HITCARTOPO                       ffaaaa30 RC_BYTEI
01105ea0 HITLIST                          ffaaaa90 RC_WORD
ff836430 HITTESTCARS                      ffaaac10 RC_LONG
ff836da0 HITTESTMISC                      ffaaad30 RC_LONGI
ff8367a0 HITTESTOBJS                      ffaaad90 WC_BYTEI
01108200 HOLDGAME                         ffaaade0 WC_WORD
ff8734e0 HORZ_ALIGN_STRING                ffaaaea0 WC_WORDI
ff817930 HSTD_ENTRY_POINT                 ffaaaef0 WC_LONG
ffa79f20 HTOHXASC                         ffaaafb0 WC_LONGI
ffaa76e0 HVLINE                           ffaab080 DISPDUMP
ffa8a470 H_SLAVE                          ffaac7c0 COUNTER_ON
ff805510 IAUTOE                           ffaac7d0 COUNTER_OFF
ffb0d230 ICN_HEAL                         ffaad5f0 CAT_A0
ffb0d110 ICN_MINE                         ffaad6b0 STRCAT
ffb0cff0 ICN_MISS                         ffaad770 CRED_STRING
ffb0d080 ICN_SPEC                         ffaad820 CHECKFREE
ffb0d1a0 ICN_TURB                         ffaad890 SCOIN
ffae3e40 ICONB_P                          ffaada80 XCOIN
ffae3f00 ICONG_P                          ffaadb00 LCOIN
ff825270 ICONLANDS                        ffaadb80 CCOIN
ffabb250 ICONR_P                          ffaadc00 RCOIN
ffaf7bc0 ICONS                            ffaaee80 CRED_P
ff8059b0 IDATAEND                         ffaaf720 NO_CREDS
0000001c IDATALEN                         ffaaf810 CR_BOTH
ff82ad60 IMAGEROMSIZETBL                  ffaafa70 CR_STRTP
ffaf5190 IMG2X                            ffaafc10 CR_CONTP
ffb11cc0 IMG3X                            ffaafdb0 P_START
ffb0d2c0 IMG4X                            ffaaff10 P_CONT
ffb105b0 IMG5X                            ffab0190 TIMEINIT
ffa6ed00 INC_PALCNT                       ffab01a0 TIMEINT
011064a0 INDATAX                          ffab0500 COININT
01105f00 INDATA                           ffab0c90 SLAM
ffae2330 INFO                             ffab0e20 DICT_LOOKUP
ffb08d90 INFO_COVR                        ffab2680 SYSFONT
ff840400 INITARENASCALE                   ffab4310 GET_CSPT
ffaa7430 INITCOLR                         ffab4520 BINBCD
ff8057f0 INITDATA                         ffab4810 GO_ADJ
ff80e520 INITDISPLAYLISTS                 ffab7d50 TAMPEREDP
ff80e000 INITDMAQ                         ffab7df0 CKDIP
ff821410 INITDRDATA                       ffab7e20 SET_COIN_ADJ
ff84ac00 INITINPUT                        ffab8460 DO_ADJH
ff8215f0 INITOBJINITRAM                   ffab9d80 .data
ff8213c0 INITONETIME                      ffab9d80 TEST_P
ff883c60 INITSND                          ffab9d80 etext
ff855010 INITSPECMOVE                     ffab9dd0 MINER_P
ff844e20 INITTOPO                         ffab9ee0 MINEG_P
ffa6f3e0 INIT_PAL                         ffab9ff0 MINEB_P
ff811760 INSANI                           ffaba100 MINEY_P
ff8107d0 INSBOBJ                          ffaba210 SHOT_P
ff8106c0 INSERT_OBJ                       ffaba2a0 BARREL_P
ff810870 INSOBJ                           ffabb250 ICONR_P
ff810830 INSPLANE                         ffabc220 MISLR_P
ffae23a0 INSTR_P                          ffabc6e0 MISLG_P
ffadb9b0 INSTR                            ffabcba0 MISLB_P
ffb07dd0 INST_COIN                        ffabd060 MISLN_P
ff812400 INSVLIST                         ffabd520 MISR_P
ffb0bc40 INT_ENTR                         ffabdff0 MISG_P
ffb0bd60 INT_SPC                          ffabeac0 MISB_P
01018800 IN_ANIM                          ffabf590 MISN_P
010fca90 IRQSKYE                          ffac0060 MISD_P
ff81a690 ISCAROBJ                         ffac0b30 RING_P
ff810090 IsAnObj                          ffac0b60 MINE_P
01108210 J64Q                             ffac0d60 JOEMISC_P
ff820c20 JLOCKED                          ffac1ce0 FLAG_P
ffac0d60 JOEMISC_P                        ffac24d0 CONE_P
ff81dd50 JUMPCARINP                       ffac28e0 SPRK_P
ffa728c0 KILALL                           ffac29e0 SMK_P
ff81c180 KILLCAR                          ffac2af0 FIRE_p
ffa72850 KILLPROC_ALL                     ffac3af0 CLOUD_P
ffaa91e0 KILL_AUD                         ffac4af0 BOOM_P
ff804d90 KILL_DESTRUCTIBLES               ffac5aa0 CHROME_P
ffa723d0 KILL                             ffac6aa0 FISH1_P
ff813ff0 KILOBJ                           ffac79f0 FONZ_P
ff813f80 KILOBJ_ALL                       ffac89a0 GARTH_P
011065c0 LAPCHECKPOINTS                   ffac9940 CHIP_P
011065d0 LAPSTOWIN                        ffaca8b0 SQUID_P
0114e920 LASTCOLOR                        ffacb6b0 SELBOX_P
01118a20 LASTPROC                         ffacc630 WINBOX_P
ffaadb00 LCOIN                            ffacca40 WINFNT_P
ffb02cd0 LGBOOM10                         ffaccb50 TROPHY_P
ffb027c0 LGBOOM1                          ffacdae0 CHEVY_P
ffb02850 LGBOOM2                          fface880 FOUR_P
ffb028e0 LGBOOM3                          ffacf840 SEMI_P
ffb02970 LGBOOM4                          ffad07c0 BMW_P
ffb02a00 LGBOOM5                          ffad1750 SMOK_P
ffb02a90 LGBOOM6                          ffad17c0 DIRTM_P
ffb02b20 LGBOOM7                          ffad1830 BLMAN_P
ffb02bb0 LGBOOM8                          ffad2760 GRMAN_P
ffb02c40 LGBOOM9                          ffad3690 RDMAN_P
ff878bf0 LMINEDETONATE                    ffad45c0 YLMAN_P
ffa7ab20 LM_FINIS                         ffad54f0 SCRFNT_P
ffa7ab30 LM_PRINTF                        ffad5850 SCOR_B_P
ffa7aad0 LM_SETUP                         ffad6520 DUXPAL
ffa51f00 LOGO_P                           ffad65e0 WATER_P
ffb08f40 LOSR_1                           ffad7590 WOODS6_P
ffb08fd0 LOSR_2                           ffad84f0 WOODS2_P
ffa7a990 L_MESS                           ffad9480 STADM6_P
ff8014d0 MAIN_GO                          ffada440 ARENA1_P
ff803f40 MAIN_INIT                        ffadad90 WEP_DET
ff806c40 MAKEBACKGROUND                   ffadb560 W_INFO_P
ff806100 MAKEFOREGROUND                   ffadb9b0 INSTR
ff8265b0 MAKEOBJANIM                      ffadbb40 COVERS
ff823300 MAKESHADMULTI                    ffadc380 S_BOX_P
ff806db0 MAKESHADOWS                      ffadc590 SEL_G_P
ff883ec0 MAKESND                          ffadd500 SEL_S_P
ff828170 MAKETOSCORE                      ffade480 SEL_T_P
ffa85b10 MENU_TOP                         ffadf440 FX4R_P
ffb201a0 MEN_ADJ                          ffae03f0 FX4B_P
ffa8ea70 MESS_DRIVER                      ffae1390 FX4G_P
ffa8efb0 MESS_MM                          ffae2330 INFO
ffa8ba80 MESS_TITLE                       ffae23a0 INSTR_P
ffa528c0 MIDW_P                           ffae2530 WINR_P
ffaf57c0 MINE10                           ffae2570 ENTFONT_P
ffaf5850 MINE11                           ffae2640 SCORB_P
ffa52a30 MINE1_P                          ffae2a40 SCORR_P
ffafdcf0 MINE                             ffae2e40 SCORG_P
ffaf58e0 MINE12                           ffae3240 SCORY_P
ffaf5970 MINE13                           ffae3640 EMPTY_P
ffaf52b0 MINE1                            ffae3a40 MONEY_P
ffaf5a00 MINE14                           ffae3e40 ICONB_P
ffa53990 MINE2_P                          ffae3f00 ICONG_P
ffaf5340 MINE2                            ffae3fc0 FOR_B_P
ffa548a0 MINE3_P                          ffae4ee0 FOR_G_P
ffaf53d0 MINE3                            ffae5e00 PU_R_P
ffaf5460 MINE4                            ffae6da0 PU_G_P
ffa55790 MINE4_P                          ffae7da0 PU_B_P
ffa56670 MINE5_P                          ffae8da0 PU_Y_P
ffaf54f0 MINE5                            ffae9da0 PU_O_P
ffaf5580 MINE6                            ffaeada0 PU_GY_P
ffaf5610 MINE7                            ffaebda0 DIRT_A1
ffaf56a0 MINE8                            ffaebe30 DIRT_A2
ffaf5730 MINE9                            ffaebec0 DIRT_A3
ffab9ff0 MINEB_P                          ffaebf50 DIRT_A4
ffab9ee0 MINEG_P                          ffaebfe0 DIRT_A5
ffab9dd0 MINER_P                          ffaec070 DIRT_A6
ffaba100 MINEY_P                          ffaec100 DIRT_BC1
ffac0b60 MINE_P                           ffaec190 DIRT_BC2
ffb06e10 MIN_DTAIL                        ffaec220 DIRT_BC3
ffb06ea0 MIN_DTAIL2                       ffaec2b0 DIRT_BC4
ffb074d0 MIN_SEL                          ffaec340 DIRT_BC5
ff84a1b0 MISBLOWUPTBL                     ffaec3d0 DIRT_BC6
ff84a218 MISBLOWUPTBLX                    ffaec460 DIRT_DE1
ffabeac0 MISB_P                           ffaec4f0 DIRT_DE2
ffb0e5e0 MISCa_1                          ffaec580 DIRT_DE3
ffb0e670 MISCa_2                          ffaec610 DIRT_DE4
ffb0e700 MISCa_3                          ffaec6a0 DIRT_DE5
ffb0e790 MISCa_4                          ffaec730 DIRT_DE6
ffb0e820 MISCa_5                          ffaec7c0 DCHUNK_A1
ffb0e8b0 MISCa_6                          ffaec850 DCHUNK_A2
ffb0e940 MISCb_1                          ffaec8e0 DCHUNK_A3
ffb0e9d0 MISCb_2                          ffaec970 DCHUNK_A4
ffb0ea60 MISCb_3                          ffaeca00 DCHUNK_A5
ffb0eaf0 MISCb_4                          ffaeca90 DCHUNK_A6
ffb0eb80 MISCb_5                          ffaecb20 DCHUNK_A7
ffb0ec10 MISCb_6                          ffaecbb0 DCHUNK_A8
ffb0eca0 MISCb_7                          ffaecc40 DCHUNK_A9
ffb0ed30 MISCb_8                          ffaeccd0 DCHUNK_B1
ffb0edc0 MISCb_9                          ffaecd60 DCHUNK_B2
ff875410 MISDETONATEALL                   ffaecdf0 DCHUNK_B3
ff875510 MISDETONATETARGET                ffaece80 DCHUNK_B4
ffac0060 MISD_P                           ffaecf10 DCHUNK_B5
ff879150 MISFFPROC                        ffaecfa0 DCHUNK_B6
ff874f20 MISFINDLOCKCLOSEST               ffaed030 DCHUNK_B7
ffabdff0 MISG_P                           ffaed0c0 DCHUNK_B8
ff879c40 MISIMAGES                        ffaed150 DCHUNK_B9
ffaf8790 MISL01A                          ffaed1e0 DCHUNK_B10
ffaf8820 MISL01B                          ffaed270 SMKPUFF1
ffaf88b0 MISL01C                          ffaed300 SMKPUFF2
ffaf8940 MISL02A                          ffaed390 SMKPUFF3
ffaf89d0 MISL02B                          ffaed420 SMKPUFF4
ffaf8a60 MISL02C                          ffaed4b0 SMKPUFF5
ffaf8af0 MISL03A                          ffaed540 SMKPUFF6
ffaf8b80 MISL03B                          ffaed5d0 SMKPUFF7
ffaf8c10 MISL03C                          ffaed660 muff1
ffaf8ca0 MISL04A                          ffaed6f0 muff2
ffaf8d30 MISL04B                          ffaed780 muff3
ffaf8dc0 MISL04C                          ffaed810 muff4
ffaf8e50 MISL05A                          ffaed8a0 muff5
ffaf8ee0 MISL05B                          ffaed930 muff6
ffaf8f70 MISL05C                          ffaed9c0 muff7
ffaf9000 MISL06A                          ffaeda50 muff8
ffaf9090 MISL06B                          ffaedae0 muff9
ffaf9120 MISL06C                          ffaedb70 muff10
ffaf91b0 MISL07A                          ffaedc00 pist1
ffaf9240 MISL07B                          ffaedc90 pist2
ffaf92d0 MISL07C                          ffaedd20 pist3
ffaf9360 MISL08A                          ffaeddb0 pist4
ffaf93f0 MISL08B                          ffaede40 pist5
ffaf9480 MISL08C                          ffaeded0 pist6
ffaf9510 MISL09A                          ffaedf60 pist7
ffaf95a0 MISL09B                          ffaedff0 dice1
ffaf9630 MISL09C                          ffaee080 dice2
ffaf96c0 MISL10A                          ffaee110 dice3
ffaf9750 MISL10B                          ffaee1a0 dice4
ffaf97e0 MISL10C                          ffaee230 dice5
ffaf9870 MISL11A                          ffaee2c0 dice6
ffaf9900 MISL11B                          ffaee350 dice7
ffaf9990 MISL11C                          ffaee3e0 seatA1
ffaf9a20 MISL12A                          ffaee470 seatA2
ffaf9ab0 MISL12B                          ffaee500 seatA3
ffaf9b40 MISL12C                          ffaee590 seatA4
ffaf9bd0 MISL13A                          ffaee620 seatA5
ffaf9c60 MISL13B                          ffaee6b0 seatA6
ffaf9cf0 MISL13C                          ffaee740 seatA7
ffaf9d80 MISL14A                          ffaee7d0 seatA8
ffaf9e10 MISL14B                          ffaee860 seatB1
ffaf9ea0 MISL14C                          ffaee8f0 seatB2
ffaf9f30 MISL15A                          ffaee980 seatB3
ffaf9fc0 MISL15B                          ffaeea10 seatB4
ffafa050 MISL15C                          ffaeeaa0 seatB5
ffafa0e0 MISL16A                          ffaeeb30 seatB6
ffafa170 MISL16B                          ffaeebc0 seatB7
ffafa200 MISL16C                          ffaeec50 seatB8
ffafa290 MISL17A                          ffaeece0 seatB9
ffafa320 MISL17B                          ffaeed70 carbur1
ffafa3b0 MISL17C                          ffaeee00 carbur2
ffafa440 MISL18A                          ffaeee90 carbur3
ffafa4d0 MISL18B                          ffaeef20 carbur4
ffafa560 MISL18C                          ffaeefb0 carbur5
ffafa5f0 MISL19A                          ffaef040 carbur6
ffafa680 MISL19B                          ffaef0d0 carbur7
ffafa710 MISL19C                          ffaef160 carbur8
ffafa7a0 MISL20A                          ffaef1f0 steer1
ffafa830 MISL20B                          ffaef280 steer2
ffafa8c0 MISL20C                          ffaef310 steer3
ffafa950 MISL21A                          ffaef3a0 steer4
ffafa9e0 MISL21B                          ffaef430 steer5
ffafaa70 MISL21C                          ffaef4c0 steer6
ffafab00 MISL22A                          ffaef550 steer7
ffafab90 MISL22B                          ffaef5e0 steer8
ffafac20 MISL22C                          ffaef670 steer9
ffafacb0 MISL23A                          ffaef700 steer10
ffafad40 MISL23B                          ffaef790 bumperA1
ffafadd0 MISL23C                          ffaef820 bumperA2
ffafae60 MISL24A                          ffaef8b0 bumperA3
ffafaef0 MISL24B                          ffaef940 bumperA4
ffafaf80 MISL24C                          ffaef9d0 bumperA5
ffafb010 MISL25A                          ffaefa60 bumperA6
ffafb0a0 MISL25B                          ffaefaf0 bumperA7
ffafb130 MISL25C                          ffaefb80 bumperA8
ffafb1c0 MISL26A                          ffaefc10 bumperB1
ffafb250 MISL26B                          ffaefca0 bumperB2
ffafb2e0 MISL26C                          ffaefd30 bumperB3
ffafb370 MISL27A                          ffaefdc0 bumperB4
ffafb400 MISL27B                          ffaefe50 bumperB5
ffafb490 MISL27C                          ffaefee0 bumperB6
ffafb520 MISL28A                          ffaeff70 bumperB7
ffafb5b0 MISL28B                          ffaf0000 distrbA1
ffafb640 MISL28C                          ffaf0090 distrbA2
ffafb6d0 MISL29A                          ffaf0120 distrbA3
ffafb760 MISL29B                          ffaf01b0 distrbA4
ffafb7f0 MISL29C                          ffaf0240 distrbA5
ffafb880 MISL30A                          ffaf02d0 distrbA6
ffafb910 MISL30B                          ffaf0360 distrbA7
ffafb9a0 MISL30C                          ffaf03f0 distrbB1
ffafba30 MISL31A                          ffaf0480 distrbB2
ffafbac0 MISL31B                          ffaf0510 distrbB3
ffafbb50 MISL31C                          ffaf05a0 distrbB4
ffafbbe0 MISL32A                          ffaf0630 distrbB5
ffafbc70 MISL32B                          ffaf06c0 distrbB6
ffafbd00 MISL32C                          ffaf0750 distrbB7
ffafbd90 MISL33A                          ffaf07e0 distrbB8
ffafbe20 MISL33B                          ffaf0870 belt1
ffafbeb0 MISL33C                          ffaf0900 belt2
ff8756d0 MISLAUNCH                        ffaf0990 belt3
ffafc0a0 MISLB_3                          ffaf0a20 belt4
ffabcba0 MISLB_P                          ffaf0ab0 belt5
ffafc200 MISLD_5                          ffaf0b40 belt6
ffafbff0 MISLG_2                          ffaf0bd0 thingA1
ffabc6e0 MISLG_P                          ffaf0c60 thingA2
ffafc150 MISLN_4                          ffaf0cf0 thingA3
ffabd060 MISLN_P                          ffaf0d80 thingA4
ffafbf40 MISLR_1                          ffaf0e10 thingA5
ffabc220 MISLR_P                          ffaf0ea0 thingA6
ffafc570 MISL_10                          ffaf0f30 thingA7
ffafc620 MISL_11                          ffaf0fc0 thingA8
ffafc6d0 MISL_12                          ffaf1050 thingB1
ffafc780 MISL_13                          ffaf10e0 thingB2
ffafc830 MISL_14                          ffaf1170 thingB3
ffafc8e0 MISL_15                          ffaf1200 thingB4
ffafc990 MISL_16                          ffaf1290 thingB5
ffafca40 MISL_17                          ffaf1320 thingB6
ffafcaf0 MISL_18                          ffaf13b0 thingB7
ffafcba0 MISL_19                          ffaf1440 thingB8
ffafcc50 MISL_20                          ffaf14d0 mirror1
ffafcd00 MISL_21                          ffaf1560 mirror2
ffafcdb0 MISL_22                          ffaf15f0 mirror3
ffafce60 MISL_23                          ffaf1680 mirror4
ffafcf10 MISL_24                          ffaf1710 mirror5
ffafcfc0 MISL_25                          ffaf17a0 mirror6
ffafd070 MISL_26                          ffaf1830 mirror7
ffafd120 MISL_27                          ffaf18c0 mirror8
ffafd1d0 MISL_28                          ffaf1950 ftpedal1
ffafd280 MISL_29                          ffaf19e0 ftpedal2
ffafd330 MISL_30                          ffaf1a70 ftpedal3
ffafd3e0 MISL_31                          ffaf1b00 ftpedal4
ffafd490 MISL_32                          ffaf1b90 ftpedal5
ffafd540 MISL_33                          ffaf1c20 ftpedal6
ffafc2b0 MISL_6                           ffaf1cb0 ftpedal7
ffafc360 MISL_7                           ffaf1d40 ftpedal8
ffafc410 MISL_8                           ffaf1dd0 sparkA1
ffafd5f0 MISL_8_34                        ffaf1e60 sparkA2
ffafc4c0 MISL_9                           ffaf1ef0 sparkA3
ffafd6a0 MISL_9_35                        ffaf1f80 sparkA4
ffabf590 MISN_P                           ffaf2010 sparkA5
ff875970 MISPICKUP                        ffaf20a0 sparkA6
ffabd520 MISR_P                           ffaf2130 sparkA7
ffaf80d0 MISSILE_1                        ffaf21c0 sparkA8
ffaf8160 MISSILE_2                        ffaf2250 sparkB1
ffaf81f0 MISSILE_3                        ffaf22e0 sparkB2
ffb06fc0 MIS_DTAIL2                       ffaf2370 sparkB3
ffb06f30 MIS_DTAIL                        ffaf2400 sparkB4
ffb07440 MIS_SEL                          ffaf2490 sparkB5
ffaf7fb0 MONEY100K                        ffaf2520 sparkB6
ffaf7d70 MONEY10K                         ffaf25b0 sparkB7
ffb0ca50 MONEY                            ffaf2640 sparkB8
ffaf8040 MONEY150K                        ffaf26d0 tireA1
ffaf7c50 MONEY1K                          ffaf2760 tireA2
ffaf7e00 MONEY20K                         ffaf27f0 tireA3
ffaf7e90 MONEY50K                         ffaf2880 tireA4
ffaf7ce0 MONEY5K                          ffaf2910 tireA5
ffaf7f20 MONEY75K                         ffaf29a0 tireA6
ffaf85e0 MONEYBAG_1                       ffaf2a30 tireA7
ffaf8670 MONEYBAG_2                       ffaf2ac0 tireA8
ffaf8700 MONEYBAG_3                       ffaf2b50 tireB1
ff82a0c0 MONEYPICKUPTBL                   ffaf2be0 tireB2
ff82a4d0 MONEYPICKUPTBLX                  ffaf2c70 tireB3
ffae3a40 MONEY_P                          ffaf2d00 tireB4
ff82ad60 MOVINGPARTTBLX                   ffaf2d90 tireB5
ff82ad40 MOVINGPARTTBL                    ffaf2e20 tireB6
ffa8e3a0 M_CALIBRATE                      ffaf2eb0 wingorn1
010f9b90 NOAUTOE                          ffaf2f40 wingorn2
ff81dca0 NOCONTROLCARINP                  ffaf2fd0 wingorn3
010fa110 NOPGFLIP                         ffaf3060 wingorn4
ff81d4d0 NORMINPHANDLER                   ffaf30f0 wingorn5
ffaaf720 NO_CREDS                         ffaf3180 wingorn6
ffb07f80 NXT_FREE                         ffaf3210 wingorn7
010fca40 NewAECol                         ffaf32a0 wingorn8
ff839e30 OBJ2OBJDIR                       ffaf3330 wheel1
011072e0 OBJIHDRRAM                       ffaf33c0 wheel2
ff82a840 OBJINITAOVEL                     ffaf3450 wheel3
ff82a5c0 OBJINITBG                        ffaf34e0 wheel4
ff82a520 OBJINITBLANK                     ffaf3570 wheel5
ff82a7a0 OBJINITBLANKAO                   ffaf3600 wheel6
ff82ac00 OBJINITCARFIRE                   ffaf3690 wheel7
ff82aa20 OBJINITDEADMISL                  ffaf3720 wheel8
ff82a980 OBJINITDEATHBOOM                 ffaf37b0 wheel9
ff82a8e0 OBJINITDEFMISL                   ffaf3840 wheel10
ff82ab60 OBJINITFF                        ffaf38d0 wheel11
ff82aac0 OBJINITLMINE                     ffaf3960 wheel12
ff82a700 OBJINITMISSILE                   ffaf39f0 wheel13
01107240 OBJINITRAMAO                     ffaf3a80 wheel14
01107060 OBJINITRAMAOVEL                  ffaf3b10 filter1
011071a0 OBJINITRAMBG                     ffaf3ba0 filter2
01106fc0 OBJINITRAM                       ffaf3c30 filter3
01107370 OBJINITRAMMISSILE                ffaf3cc0 filter4
01107100 OBJINITRAMSPAWN                  ffaf3d50 filter5
ff82aca0 OBJINITRUNNER                    ffaf3de0 filter6
ff82a660 OBJINITSPAWN                     ffaf3e70 plate1
ff83a1b0 OBJOBJDIR32                      ffaf3f00 plate2
ffa81240 OCTO_AUDS                        ffaf3f90 plate3
0114ec40 OCTO_FLAG                        ffaf4020 plate4
0101edc0 OFREECNT                         ffaf40b0 plate5
ff80f790 OINIT                            ffaf4140 plate6
ffb04bc0 ONE                              ffaf41d0 plate7
ffa744f0 ONESND                           ffaf4260 plate8
010fca60 OldAECol                         ffaf42f0 plate9
011189c0 PACTIVE                          ffaf4380 hornorn1
010fa0e0 PAGE                             ffaf4410 hornorn2
010fa0f0 PAGEADDR                         ffaf44a0 hornorn3
ffa70ae0 PALCYCLEADD                      ffaf4530 hornorn4
01112660 PALCYCLELIST                     ffaf45c0 hornorn5
01112640 PALFXFREELIST                    ffaf4650 hornorn6
ffa70800 PALFXINIT                        ffaf46e0 hornorn7
01112680 PALFXRAM                         ffaf4770 hornorn8
01115e80 PALFXRAMX                        ffaf4800 radiate1
010fa140 PALRAM                           ffaf4890 radiate2
ffa6fde0 PALSET                           ffaf4920 radiate3
ffa6ff50 PALTRANS                         ffaf49b0 radiate4
010fcb50 PAUSE_GAME                       ffaf4a40 radiate5
ffb0e550 PBMW                             ffaf4ad0 radiate6
ffb0e3a0 PCHVY                            ffaf4b60 radiate7
ff801470 PCMOSRET                         ffaf4bf0 radiate8
ff81dec0 PEDALONLYCARINP                  ffaf4c80 gascan1
ffb0e430 PFOR                             ffaf4d10 gascan2
01118ab0 PFREECNT                         ffaf4da0 gascan3
ffa718d0 PINIT                            ffaf4e30 gascan4
ffb09060 PLAC1_1                          ffaf4ec0 gascan5
ffb090f0 PLAC1_2                          ffaf4f50 gascan6
ffb09180 PLAC2_1                          ffaf4fe0 gascan7
ffb09210 PLAC2_2                          ffaf5070 gascan8
ffb092a0 PLAC3_1                          ffaf5100 gascan9
ffb09330 PLAC3_2                          ffaf5190 IMG2X
ff81da10 PLAYERCARINP                     ffaf5220 TEST1
ff821d10 PLAYERIZE                        ffaf52b0 MINE1
01107410 PLAYERRECORDTBL                  ffaf5340 MINE2
ff851df0 PLPALCONSTTBL                    ffaf53d0 MINE3
ffb08b50 PLYR1_INFO                       ffaf5460 MINE4
ffb08be0 PLYR2_INFO                       ffaf54f0 MINE5
ffb08c70 PLYR3_INFO                       ffaf5580 MINE6
ffa51660 PLYRCARBMOD                      ffaf5610 MINE7
ffb0de00 PLYRNAME                         ffaf56a0 MINE8
ff8139e0 PNT_WORLDREL                     ffaf5730 MINE9
ffaa7510 POINT                            ffaf57c0 MINE10
ff839eb0 POINT2POINTDIR16                 ffaf5850 MINE11
ffa95560 POWERCMOS                        ffaf58e0 MINE12
ff800310 POWERRET                         ffaf5970 MINE13
ffa9aa90 POWERTST                         ffaf5a00 MINE14
ffa70d00 PRCDSP                           ffaf5a90 SHOT
ffa710f0 PRCLSP                           ffaf5b20 BFLIPa_1
ffa710e0 PRCSLP                           ffaf5bb0 BFLIPa_2
01009fe0 PREQLIST                         ffaf5c40 BFLIPa_3
01106660 PREREGSTORE1                     ffaf5cd0 BFLIPa_4
01106a20 PREREGSTORE2                     ffaf5d60 BFLIPa_5
ffa755c0 PRINTF                           ffaf5df0 BFLIPa_6
01118a80 PRIORITY                         ffaf5e80 BFLIPa_7
[...]
ffaf0900 belt2                            ffb06900 woodtr3b
ffaf0990 belt3                            ffb06990 woodtr3c
ffaf0a20 belt4                            ffb06a20 woodtr4a
ffaf0ab0 belt5                            ffb06ab0 woodtr4b
ffaf0b40 belt6                            ffb06b40 woodtr4c
ffaef790 bumperA1                         ffb06bd0 cloud1
ffaef820 bumperA2                         ffb06c60 ARENA_1_A
ffaef8b0 bumperA3                         ffb06cf0 ARENA_1_B
ffaef940 bumperA4                         ffb06d80 AR1BOOB
ffaef9d0 bumperA5                         ffb06e10 MIN_DTAIL
ffaefa60 bumperA6                         ffb06ea0 MIN_DTAIL2
ffaefaf0 bumperA7                         ffb06f30 MIS_DTAIL
ffaefb80 bumperA8                         ffb06fc0 MIS_DTAIL2
ffaefc10 bumperB1                         ffb07050 TUR_DTAIL
ffaefca0 bumperB2                         ffb070e0 TUR_DTAIL2
ffaefd30 bumperB3                         ffb07170 BUY_DTAIL
ffaefdc0 bumperB4                         ffb07200 BUY_DTAIL2
ffaefe50 bumperB5                         ffb07290 SPC1_DTAIL
ffaefee0 bumperB6                         ffb07320 SPC2_DTAIL
ffaeff70 bumperB7                         ffb073b0 SPC3_DTAIL
ffaeed70 carbur1                          ffb07440 MIS_SEL
ffaeee00 carbur2                          ffb074d0 MIN_SEL
ffaeee90 carbur3                          ffb07560 TUR_SEL
ffaeef20 carbur4                          ffb075f0 SPC1_SEL
ffaeefb0 carbur5                          ffb07680 SPC2_SEL
ffaef040 carbur6                          ffb07710 SPC3_SEL
ffaef0d0 carbur7                          ffb077a0 CRED
ffaef160 carbur8                          ffb07830 CRED_0
ffb06bd0 cloud1                           ffb078c0 CRED_1
ffafe830 cone10                           ffb07950 CRED_2
ffafe320 cone1                            ffb079e0 CRED_3
ffafe8c0 cone11                           ffb07a70 CRED_4
ffafe3b0 cone2                            ffb07b00 CRED_5
ffafe440 cone3                            ffb07b90 CRED_6
ffafe4d0 cone4                            ffb07c20 CRED_7
ffafe560 cone5                            ffb07cb0 CRED_8
ffafe5f0 cone6                            ffb07d40 CRED_9
ffafe680 cone7                            ffb07dd0 INST_COIN
ffafe710 cone8                            ffb07e60 TO_CONTIN
ffafe7a0 cone9                            ffb07ef0 AUTO_EXIT
ffa51ee0 ctvPALS                          ffb07f80 NXT_FREE
ffaedff0 dice1                            ffb08010 WEP_INSTR
ffaee080 dice2                            ffb080a0 WEP_COVR
ffaee110 dice3                            ffb08130 DTAL_COVR
ffaee1a0 dice4                            ffb081c0 AUTOBUY
ffaee230 dice5                            ffb08250 SEL_BOX
ffaee2c0 dice6                            ffb082e0 GARTH_LG
ffaee350 dice7                            ffb08370 GARTH_SM
ffaf0000 distrbA1                         ffb08400 SAL_LG
ffaf0090 distrbA2                         ffb08490 SAL_SM
ffaf0120 distrbA3                         ffb08520 TONY_LG
ffaf01b0 distrbA4                         ffb085b0 TONY_SM
ffaf0240 distrbA5                         ffb08640 FX4R_SM
ffaf02d0 distrbA6                         ffb086d0 FX4B_SM
ffaf0360 distrbA7                         ffb08760 FX4G_SM
ffaf03f0 distrbB1                         ffb087f0 FX4R_LG
ffaf0480 distrbB2                         ffb08880 FX4B_LG
ffaf0510 distrbB3                         ffb08910 FX4G_LG
ffaf05a0 distrbB4                         ffb089a0 FX4B_INFO
ffaf0630 distrbB5                         ffb08a30 FX4G_INFO
ffaf06c0 distrbB6                         ffb08ac0 FX4R_INFO
ffaf0750 distrbB7                         ffb08b50 PLYR1_INFO
ffaf07e0 distrbB8                         ffb08be0 PLYR2_INFO
ffb32260 edata                            ffb08c70 PLYR3_INFO
0114ee30 end                              ffb08d00 SEL_INSTR
ffab9d80 etext                            ffb08d90 INFO_COVR
ffaf3b10 filter1                          ffb08e20 WINR_1
ffaf3ba0 filter2                          ffb08eb0 WINR_2
ffaf3c30 filter3                          ffb08f40 LOSR_1
ffaf3cc0 filter4                          ffb08fd0 LOSR_2
ffaf3d50 filter5                          ffb09060 PLAC1_1
ffaf3de0 filter6                          ffb090f0 PLAC1_2
ffb04470 fishy10                          ffb09180 PLAC2_1
ffb04500 fishy11                          ffb09210 PLAC2_2
ffb04590 fishy12                          ffb092a0 PLAC3_1
ffb03f60 fishy1                           ffb09330 PLAC3_2
ffb04620 fishy13                          ffb093c0 ENTR_1
ffb046b0 fishy14                          ffb09450 ENTR_A
ffb04740 fishy15                          ffb094e0 ENTR_B
ffb047d0 fishy16                          ffb09570 ENTR_C
ffb04860 fishy17                          ffb09600 ENTR_D
ffb048f0 fishy18                          ffb09690 ENTR_E
ffb04980 fishy19                          ffb09720 ENTR_F
ffb03ff0 fishy2                           ffb097b0 ENTR_G
ffb04080 fishy3                           ffb09840 ENTR_H
ffb04110 fishy4                           ffb098d0 ENTR_I
ffb041a0 fishy5                           ffb09960 ENTR_J
ffb04230 fishy6                           ffb099f0 ENTR_K
ffb042c0 fishy7                           ffb09a80 ENTR_L
ffb04350 fishy8                           ffb09b10 ENTR_M
ffb043e0 fishy9                           ffb09ba0 ENTR_N
ffaf1950 ftpedal1                         ffb09c30 ENTR_O
ffaf19e0 ftpedal2                         ffb09cc0 ENTR_P
ffaf1a70 ftpedal3                         ffb09d50 ENTR_Q
ffaf1b00 ftpedal4                         ffb09de0 ENTR_R
ffaf1b90 ftpedal5                         ffb09e70 ENTR_S
ffaf1c20 ftpedal6                         ffb09f00 ENTR_T
ffaf1cb0 ftpedal7                         ffb09f90 ENTR_U
ffaf1d40 ftpedal8                         ffb0a020 ENTR_V
ffaf4c80 gascan1                          ffb0a0b0 ENTR_W
ffaf4d10 gascan2                          ffb0a140 ENTR_X
ffaf4da0 gascan3                          ffb0a1d0 ENTR_Y
ffaf4e30 gascan4                          ffb0a260 ENTR_Z
ffaf4ec0 gascan5                          ffb0a2f0 ENTR_0
ffaf4f50 gascan6                          ffb0a380 ENTR_2
ffaf4fe0 gascan7                          ffb0a410 ENTR_3
ffaf5070 gascan8                          ffb0a4a0 ENTR_4
ffaf5100 gascan9                          ffb0a530 ENTR_5
ffaf4380 hornorn1                         ffb0a5c0 ENTR_6
ffaf4410 hornorn2                         ffb0a650 ENTR_7
ffaf44a0 hornorn3                         ffb0a6e0 ENTR_8
ffaf4530 hornorn4                         ffb0a770 ENTR_9
ffaf45c0 hornorn5                         ffb0a800 ENTR_10
ffaf4650 hornorn6                         ffb0a890 ENTR_11
ffaf46e0 hornorn7                         ffb0a920 ENTR_12
ffaf4770 hornorn8                         ffb0a9b0 ENTR_13
ffaf14d0 mirror1                          ffb0aa40 ENTR_14
ffaf1560 mirror2                          ffb0aad0 ENTR_15
ffaf15f0 mirror3                          ffb0ab60 ENTR_16
ffaf1680 mirror4                          ffb0abf0 ENTR_17
ffaf1710 mirror5                          ffb0ac80 ENTR_18
ffaf17a0 mirror6                          ffb0ad10 ENTR_19
ffaf1830 mirror7                          ffb0ada0 ENTR_20
ffaf18c0 mirror8                          ffb0ae30 ENTR_21
ffaedb70 muff10                           ffb0aec0 ENTR_22
ffaed660 muff1                            ffb0af50 ENTR_23
ffaed6f0 muff2                            ffb0afe0 ENTR_24
ffaed780 muff3                            ffb0b070 ENTR_25
ffaed810 muff4                            ffb0b100 ENTR_26
ffaed8a0 muff5                            ffb0b190 ENTR_27
ffaed930 muff6                            ffb0b220 ENTR_28
ffaed9c0 muff7                            ffb0b2b0 ENTR_29
ffaeda50 muff8                            ffb0b340 ENTR_30
ffaedae0 muff9                            ffb0b3d0 ENTR_31
ffaedc00 pist1                            ffb0b460 ENTR_JAN
ffaedc90 pist2                            ffb0b4f0 ENTR_FEB
ffaedd20 pist3                            ffb0b580 ENTR_MAR
ffaeddb0 pist4                            ffb0b610 ENTR_APR
ffaede40 pist5                            ffb0b6a0 ENTR_MAY
ffaeded0 pist6                            ffb0b730 ENTR_JUN
ffaedf60 pist7                            ffb0b7c0 ENTR_JUL
ffaf3e70 plate1                           ffb0b850 ENTR_AUG
ffaf3f00 plate2                           ffb0b8e0 ENTR_SEP
ffaf3f90 plate3                           ffb0b970 ENTR_OCT
ffaf4020 plate4                           ffb0ba00 ENTR_NOV
ffaf40b0 plate5                           ffb0ba90 ENTR_DEC
ffaf4140 plate6                           ffb0bb20 BIRTHMON
ffaf41d0 plate7                           ffb0bbb0 BIRTHDAT
ffaf4260 plate8                           ffb0bc40 INT_ENTR
ffaf42f0 plate9                           ffb0bcd0 STNDBY
ffa4b390 prspctvBMOD                      ffb0bd60 INT_SPC
ffaf4800 radiate1                         ffb0bdf0 BCKSPACE
ffaf4890 radiate2                         ffb0be80 PYRIOD
ffaf4920 radiate3                         ffb0bf10 SCOR_0
ffaf49b0 radiate4                         ffb0bfa0 SCOR_1
ffaf4a40 radiate5                         ffb0c030 SCOR_2
ffaf4ad0 radiate6                         ffb0c0c0 SCOR_3
ffaf4b60 radiate7                         ffb0c150 SCOR_4
ffaf4bf0 radiate8                         ffb0c1e0 SCOR_5
ffb03300 rockl1                           ffb0c270 SCOR_6
ffb03390 rockl2                           ffb0c300 SCOR_7
ffb03420 rockl3                           ffb0c390 SCOR_8
ffb034b0 rockl4                           ffb0c420 SCOR_9
ffb03540 rockl5                           ffb0c4b0 SCRBOXR_1
ffb035d0 rockl6                           ffb0c540 SCRBOXG_2
ffb03660 rockl7                           ffb0c5d0 SCRBOXB_3
ffb036f0 rockl8                           ffb0c660 SCRBOX_4
ffb03780 rockl9                           ffb0c6f0 SCRBOX_5
ffb03810 rockm1                           ffb0c780 SCRBOX_6
ffb038a0 rockm2                           ffb0c810 SCRBOX_7
ffb03930 rockm3                           ffb0c8a0 SCRBOX_8
ffb039c0 rockm4                           ffb0c930 SCR_DOL
ffb03a50 rockm5                           ffb0c9c0 EMPTY
ffb03ae0 rockm6                           ffb0ca50 MONEY
ffb03b70 rockm7                           ffb0cae0 RDKILL
ffb03c00 rocks1                           ffb0cb70 SCR_TUR
ffb03c90 rocks2                           ffb0cc00 SCR_BAR
ffb03d20 rocks3                           ffb0cc90 SCR_C
ffb03db0 rocks4                           ffb0cd20 SCR_P
ffb03e40 rocks5                           ffb0cdb0 SCR_U
ffb03ed0 rocks6                           ffb0ce40 SCR_MISS
ffb10910 runmanA1                         ffb0ced0 SCR_SPEC
ffb109a0 runmanA2                         ffb0cf60 SCR_MINE
ffb10a30 runmanA3                         ffb0cff0 ICN_MISS
ffb10ac0 runmanA4                         ffb0d080 ICN_SPEC
ffb10b50 runmanA5                         ffb0d110 ICN_MINE
ffb10be0 runmanA6                         ffb0d1a0 ICN_TURB
ffb10c70 runmanA7                         ffb0d230 ICN_HEAL
ffb10d00 runmanB1                         ffb0d2c0 IMG4X
ffb10d90 runmanB2                         ffb0d350 FONZ1
ffb10e20 runmanB3                         ffb0d3e0 FONZ2
ffb10eb0 runmanB4                         ffb0d470 FONZ3
ffb10f40 runmanB5                         ffb0d500 FONZ4
ffb10fd0 runmanB6                         ffb0d590 FONZ5
ffb11060 runmanB7                         ffb0d620 FONZ6
ffb110f0 runmanC1                         ffb0d6b0 GARTH1
ffb11180 runmanC2                         ffb0d740 GARTH2
ffb11210 runmanC3                         ffb0d7d0 GARTH3
ffb112a0 runmanC4                         ffb0d860 GARTH4
ffb11330 runmanC5                         ffb0d8f0 GARTH5
ffb113c0 runmanC6                         ffb0d980 GARTH6
ffb11450 runmanC7                         ffb0da10 GARTH7
ffb114e0 runmanD1                         ffb0daa0 GARTH8
ffb11570 runmanD2                         ffb0db30 CHIP
ffb11600 runmanD3                         ffb0dbc0 FONZE
ffb11690 runmanD4                         ffb0dc50 GARTH
ffb11720 runmanD5                         ffb0dce0 SQUID
ffb117b0 runmanD6                         ffb0dd70 CARNAME
ffb11840 runmanD7                         ffb0de00 PLYRNAME
ffb118d0 runmanE1                         ffb0de90 PRSTART
ffb11960 runmanE2                         ffb0df20 WINBOX
ffb119f0 runmanE3                         ffb0dfb0 CONGRAD
ffb11a80 runmanE4                         ffb0e040 FRSTPLAC
ffb11b10 runmanE5                         ffb0e0d0 TROPHY3
ffb11ba0 runmanE6                         ffb0e160 TROPHY4
ffb11c30 runmanE7                         ffb0e1f0 TROPHY5
ffaee3e0 seatA1                           ffb0e280 TROPHY1
ffaee470 seatA2                           ffb0e310 TROPHY2
ffaee500 seatA3                           ffb0e3a0 PCHVY
ffaee590 seatA4                           ffb0e430 PFOR
ffaee620 seatA5                           ffb0e4c0 PSEMI
ffaee6b0 seatA6                           ffb0e550 PBMW
ffaee740 seatA7                           ffb0e5e0 MISCa_1
ffaee7d0 seatA8                           ffb0e670 MISCa_2
ffaee860 seatB1                           ffb0e700 MISCa_3
ffaee8f0 seatB2                           ffb0e790 MISCa_4
ffaee980 seatB3                           ffb0e820 MISCa_5
ffaeea10 seatB4                           ffb0e8b0 MISCa_6
ffaeeaa0 seatB5                           ffb0e940 MISCb_1
ffaeeb30 seatB6                           ffb0e9d0 MISCb_2
ffaeebc0 seatB7                           ffb0ea60 MISCb_3
ffaeec50 seatB8                           ffb0eaf0 MISCb_4
ffaeece0 seatB9                           ffb0eb80 MISCb_5
ffaf1dd0 sparkA1                          ffb0ec10 MISCb_6
ffaf1e60 sparkA2                          ffb0eca0 MISCb_7
ffaf1ef0 sparkA3                          ffb0ed30 MISCb_8
ffaf1f80 sparkA4                          ffb0edc0 MISCb_9
ffaf2010 sparkA5                          ffb0ee50 PU_A_01
ffaf20a0 sparkA6                          ffb0efb0 PU_A_02
ffaf2130 sparkA7                          ffb0f110 PU_A_03
ffaf21c0 sparkA8                          ffb0f270 PU_A_04
ffaf2250 sparkB1                          ffb0f3d0 PU_A_05
ffaf22e0 sparkB2                          ffb0f530 PU_A_06
ffaf2370 sparkB3                          ffb0f690 PU_A_07
ffaf2400 sparkB4                          ffb0f7f0 PU_A_08
ffaf2490 sparkB5                          ffb0f950 PU_A_09
ffaf2520 sparkB6                          ffb0fab0 PU_A_10
ffaf25b0 sparkB7                          ffb0fc10 PU_A_11
ffaf2640 sparkB8                          ffb0fd70 PU_A_12
ffb10640 standA                           ffb0fed0 PU_A_13
ffb106d0 standB                           ffb10030 PU_A_14
ffb10760 standC                           ffb10190 PU_A_15
ffb107f0 standD                           ffb102f0 PU_A_16
ffb10880 standE                           ffb10450 PU_A_17
ffaef1f0 steer1                           ffb105b0 IMG5X
ffaef700 steer10                          ffb10640 standA
ffaef280 steer2                           ffb106d0 standB
ffaef310 steer3                           ffb10760 standC
ffaef3a0 steer4                           ffb107f0 standD
ffaef430 steer5                           ffb10880 standE
ffaef4c0 steer6                           ffb10910 runmanA1
ffaef550 steer7                           ffb109a0 runmanA2
ffaef5e0 steer8                           ffb10a30 runmanA3
ffaef670 steer9                           ffb10ac0 runmanA4
ffaf0bd0 thingA1                          ffb10b50 runmanA5
ffaf0c60 thingA2                          ffb10be0 runmanA6
ffaf0cf0 thingA3                          ffb10c70 runmanA7
ffaf0d80 thingA4                          ffb10d00 runmanB1
ffaf0e10 thingA5                          ffb10d90 runmanB2
ffaf0ea0 thingA6                          ffb10e20 runmanB3
ffaf0f30 thingA7                          ffb10eb0 runmanB4
ffaf0fc0 thingA8                          ffb10f40 runmanB5
ffaf1050 thingB1                          ffb10fd0 runmanB6
ffaf10e0 thingB2                          ffb11060 runmanB7
ffaf1170 thingB3                          ffb110f0 runmanC1
ffaf1200 thingB4                          ffb11180 runmanC2
ffaf1290 thingB5                          ffb11210 runmanC3
ffaf1320 thingB6                          ffb112a0 runmanC4
ffaf13b0 thingB7                          ffb11330 runmanC5
ffaf1440 thingB8                          ffb113c0 runmanC6
ffaf26d0 tireA1                           ffb11450 runmanC7
ffaf2760 tireA2                           ffb114e0 runmanD1
ffaf27f0 tireA3                           ffb11570 runmanD2
ffaf2880 tireA4                           ffb11600 runmanD3
ffaf2910 tireA5                           ffb11690 runmanD4
ffaf29a0 tireA6                           ffb11720 runmanD5
ffaf2a30 tireA7                           ffb117b0 runmanD6
ffaf2ac0 tireA8                           ffb11840 runmanD7
ffaf2b50 tireB1                           ffb118d0 runmanE1
ffaf2be0 tireB2                           ffb11960 runmanE2
ffaf2c70 tireB3                           ffb119f0 runmanE3
ffaf2d00 tireB4                           ffb11a80 runmanE4
ffaf2d90 tireB5                           ffb11b10 runmanE5
ffaf2e20 tireB6                           ffb11ba0 runmanE6
ffaf3840 wheel10                          ffb11c30 runmanE7
ffaf3330 wheel1                           ffb11cc0 IMG3X
ffaf38d0 wheel11                          ffb18f10 FONT151
ffaf3960 wheel12                          ffb18f80 FONT152
ffaf39f0 wheel13                          ffb18ff0 FONT153
ffaf3a80 wheel14                          ffb19060 FONT154
ffaf33c0 wheel2                           ffb190d0 FONT155
ffaf3450 wheel3                           ffb19140 FONT156
ffaf34e0 wheel4                           ffb191b0 FONT157
ffaf3570 wheel5                           ffb19220 FONT158
ffaf3600 wheel6                           ffb19290 FONT159
ffaf3690 wheel7                           ffb19300 FONT150
ffaf3720 wheel8                           ffb1a6d0 RD5FONT
ffaf37b0 wheel9                           ffb1b2b0 RD7FONT
ffaf2eb0 wingorn1                         ffb1be90 RD15FONT
ffaf2f40 wingorn2                         ffb1caf0 SP15FONT
ffaf2fd0 wingorn3                         ffb1d750 RD20FONT
ffaf3060 wingorn4                         ffb1e3f0 SUFFIX_S
ffaf30f0 wingorn5                         ffb1e3f8 SUFFIX_NULL
ffaf3180 wingorn6                         ffb201a0 MEN_ADJ
ffaf3210 wingorn7                         ffb2cd30 DIPCOINTAB
ffaf32a0 wingorn8                         ffb2cdb0 DIPCREDTAB
ffb06480 woods24                          ffb2d1c0 USA_1
ffb063f0 woods25                          ffb2d1f0 USA_2
ffb06360 woods26                          ffb2d220 USA_3
ffb062d0 woods27                          ffb2d250 USA_4
ffb06510 woodtr1a                         ffb2d330 USA_ELECTITLE
ffb065a0 woodtr1b                         ffb2d370 FRENCH_ELECTITLE
ffb06630 woodtr1c                         ffb2d3d0 GERMAN_ELECTITLE
ffb066c0 woodtr2a                         ffb2d430 GERMAN_1
ffb06750 woodtr2b                         ffb2d480 GERMAN_2
ffb067e0 woodtr2c                         ffb2d4d0 GERMAN_3
ffb06870 woodtr3a                         ffb2d520 GERMAN_4
ffb06900 woodtr3b                         ffb2d570 FRENCH_1
ffb06990 woodtr3c                         ffb2d5c0 FRENCH_2
ffb06a20 woodtr4a                         ffb2d610 FRENCH_3
ffb06ab0 woodtr4b                         ffb2d660 FRENCH_4
ffb06b40 woodtr4c                         ffb32260 edata

[2000 symbols]
