*****************************************************
TMS340 COFF Linker           Version 6.10
*****************************************************
Mon Apr 12 15:44:39 1993

OUTPUT FILE NAME:   <APSYSTEM.rlo>
ENTRY POINT SYMBOL: 0


MEMORY CONFIGURATION

           name      origin     length     attributes     fill
         --------   --------   ---------   ----------   --------
         SCRATCH    01008000   0000f8000      RWIX      
         IROM       02000000   000400000      RWIX      
         SEG1       ffc00000   000001800      RWIX      
         SEG2       ffc01800   000000800      RWIX      
         SEG3       ffc02000   000000e00      RWIX      
         SEG5       ffc02e00   000000800      RWIX      
         SEG4       ffc03600   000000800      RWIX      
         WBDSEG6    ffc03e00   000002000      RWIX      
         DIAGSEG7   ffc05e00   000000800      RWIX      
         ROM        ffc06600   0003fa5c0      RWIX      
         CKSMAREA   fffffbc0   000000040      RWIX      
         TRAP31     fffffc00   000000400      RWIX      


SECTION ALLOCATION MAP

 output                                  attributes/
section   page    origin      length       input sections
--------  ----  ----------  ----------   ----------------
VECTORS    0    fffffc00    00000000     UNINITIALIZED

IMAGES     0    02000000    00000000     UNINITIALIZED

FIXED      0    01008000    00000000     UNINITIALIZED

OFIXED     0    01008000    00000000     UNINITIALIZED

NFIXED     0    01008000    00000000     UNINITIALIZED

.BSS       0    01008000    00000000     UNINITIALIZED

.bss       0    01008000    00035ea0     UNINITIALIZED
                  01008000    00000010     APPALL.OBJ (.bss)
                  01008010    00034960     APPROC.OBJ (.bss)
                  0103c970    00000300     APSND.OBJ (.bss)
                  0103cc70    00001200     APTEXT.OBJ (.bss)
                  0103de70    00000030     APMISC.OBJ (.bss)

.text      0    ffc06600    00010900     
                  ffc06600    00002310     APUTIL.OBJ (.text)
                  ffc08910    000000f0     --HOLE-- [fill = 0000ffff]
                  ffc08a00    00002100     APPALL.OBJ (.text)
                  ffc0ab00    000036b0     APPROC.OBJ (.text)
                  ffc0e1b0    00001210     APSND.OBJ (.text)
                  ffc0f3c0    00005820     APTEXT.OBJ (.text)
                  ffc14be0    00001880     APMISC.OBJ (.text)
                  ffc16460    00000620     APTV.OBJ (.text)
                  ffc16a80    00000480     T2PAL.OBJ (.text)

.TEXT      0    ffc16f00    00000000     UNINITIALIZED

.data      0    ffc16f00    0000c770     
                  ffc16f00    0000c770     APTEXT.OBJ (.data)

.DATA      0    ffc23670    00000000     UNINITIALIZED


GLOBAL SYMBOLS

address  name                             address  name
-------- ----                             -------- ----
01008010 ACTIVE                           01008000 FREEPALCNT
UNDEFED  ADD_DUMP                         01008010 ACTIVE
ffc08c00 A_CHANGE_PAL                     01008030 FREE
ffc06d30 BLNKAREA2                        01008050 PACTIVE
ffc06cc0 BLNKAREA                         010080b0 LASTPROC
UNDEFED  BUYNOW                           010080d0 THISPROC
ffc08e90 CHANGE_PAL_MULTI                 010080f0 THISWAKE
ffc08d80 CHANGE_PAL                       01008110 PRIORITY
ffc08290 CLRBLOCK                         01008140 PFREECNT
ffc09210 CLRPAL                           01008160 TIMER
ffc06600 CLRPDATA                         0103cc70 STRNGRAM
ffc08590 CLRPLAY                          0103ce50 STRINGF_RAM
ffc14970 CLRTEXT                          0103de00 STRING1
ffc08a00 CLR_0PALS                        0103de20 STRING2
ffc083b0 CLR_SCRN                         0103de40 STRING3
ffc15070 COLOR_START                      ffc06600 CLRPDATA
UNDEFED  COLRTEMP                         ffc06700 RANDOMA0
UNDEFED  COPY_OBJ                         ffc06700 RANDOM
UNDEFED  CREATE_OBJ                       ffc06800 RANDOMA2
UNDEFED  CR_CONTP                         ffc06900 RANDU
UNDEFED  CURPLYRS                         ffc06990 RAND0
ffc15fb0 CYCLE1                           ffc06a10 SRAND
ffc15a50 CYCLE16                          ffc06a90 RANGRAND
UNDEFED  CkOFREE                          ffc06ae0 RANGERND
UNDEFED  DEBUGSTACK                       ffc06b80 RANDPER
ffc08f50 DELETE_PAL                       ffc06c00 FILLAREA
ffc08fc0 DELPAL                           ffc06c60 FILLAREA2
UNDEFED  DICT_LOOKUP                      ffc06cc0 BLNKAREA
UNDEFED  DISPLAYON                        ffc06d30 BLNKAREA2
ffc07a90 DMAN                             ffc06e50 DRAWBOX
ffc07da0 DMAQWAIT                         ffc07120 DRAWBOX_OBJ
UNDEFED  DMARESTARTS                      ffc07870 DTIME
ffc07c10 DMAWAIT                          ffc078d0 DTIME2
ffc07ac0 DMAWPAL                          ffc07a90 DMAN
ffc07120 DRAWBOX_OBJ                      ffc07ac0 DMAWPAL
ffc06e50 DRAWBOX                          ffc07c10 DMAWAIT
ffc07870 DTIME                            ffc07da0 DMAQWAIT
ffc078d0 DTIME2                           ffc08040 SCRCLR
ffc14c10 DUMCOLL                          ffc08160 SETPPROC
ffc14be0 DUMCRETS                         ffc08290 CLRBLOCK
ffc14c40 DUMPPRINT                        ffc08300 FILBLOCK
ffc14cb0 DUMP_IT                          ffc083b0 CLR_SCRN
ffc0d270 EXISTP_ALL                       ffc083c0 FILL_SCRN
UNDEFED  FGLISTS                          ffc08590 CLRPLAY
UNDEFED  FGPLANECT                        ffc08a00 CLR_0PALS
ffc08300 FILBLOCK                         ffc08b00 INC_PALCNT
ffc06c00 FILLAREA                         ffc08c00 A_CHANGE_PAL
ffc06c60 FILLAREA2                        ffc08c60 GET_PALID
ffc083c0 FILL_SCRN                        ffc08d80 CHANGE_PAL
ffc09050 FINDPAL                          ffc08e90 CHANGE_PAL_MULTI
ffc1e4b0 FONT150                          ffc08f50 DELETE_PAL
ffc1e0c0 FONT151                          ffc08fc0 DELPAL
ffc1e130 FONT152                          ffc09050 FINDPAL
ffc1e1a0 FONT153                          ffc091e0 INIT_PAL
ffc1e210 FONT154                          ffc09210 CLRPAL
ffc1e280 FONT155                          ffc09460 GETFPAL
ffc1e2f0 FONT156                          ffc09960 FREEPAL
ffc1e360 FONT157                          ffc09be0 PALSET
ffc1e3d0 FONT158                          ffc09d50 PALTRANS
ffc1e440 FONT159                          ffc0a600 PALFXINIT
01008030 FREE                             ffc0a8e0 PALCYCLEADD
01008000 FREEPALCNT                       ffc0ab00 PRCDSP
ffc09960 FREEPAL                          ffc0aee0 PRCSLP
UNDEFED  GAME_STATE                       ffc0aef0 PRCLSP
UNDEFED  GANIOF                           ffc0b440 SUCIDE
UNDEFED  GETAFARG_LONG                    ffc0b6d0 PINIT
ffc09460 GETFPAL                          ffc0b930 GETPPRC
UNDEFED  GETOBJ                           ffc0b9d0 GETPRC
ffc0b930 GETPPRC                          ffc0c1d0 KILL
ffc0b9d0 GETPRC                           ffc0c650 KILLPROC_ALL
UNDEFED  GET_AUD                          ffc0c6c0 KILALL
ffc08c60 GET_PALID                        ffc0d270 EXISTP_ALL
UNDEFED  GSAGOF                           ffc0e2f0 ONESND
ffc13810 HEXTOASC                         ffc0e670 SNDPRC
ffc13d20 HTOHXASC                         ffc0ee40 SNDRES
ffc08b00 INC_PALCNT                       ffc0f2b0 QSNDRST
ffc091e0 INIT_PAL                         ffc0f3c0 PRINTF
UNDEFED  INSOBJ                           ffc0f4a0 STRLNRM
ffc0c6c0 KILALL                           ffc0f510 STRCNRM
ffc0c650 KILLPROC_ALL                     ffc0f580 STRCNRM2
ffc0c1d0 KILL                             ffc0f5f0 STRLNRM2
UNDEFED  KILOBJ_ALL                       ffc0f650 STRRNRM
UNDEFED  KILOBJ                           ffc0f6b0 STRLNRMO
010080b0 LASTPROC                         ffc0f720 STRCNRMO
ffc14920 LM_FINIS                         ffc0f790 STRRNRMO
ffc14930 LM_PRINTF                        ffc0f800 STRLNC
ffc148d0 LM_SETUP                         ffc0f860 STRCNC
ffc14790 L_MESS                           ffc0f8c0 STRRNC
ffc0e2f0 ONESND                           ffc0f920 STRLNCF
01008050 PACTIVE                          ffc0f980 STRRNCF
ffc0a8e0 PALCYCLEADD                      ffc0f9e0 STRLNCOF
UNDEFED  PALCYCLELIST                     ffc0fa50 STRRNCOF
UNDEFED  PALFXFREELIST                    ffc0fac0 STRCNCOF
ffc0a600 PALFXINIT                        ffc0fba0 STRCNCO
UNDEFED  PALFXRAM                         ffc0fc10 STRLNRMS
UNDEFED  PALFXRAMX                        ffc0fc80 STRCNRMS
UNDEFED  PALRAM                           ffc0fcf0 STRRNRMS
ffc09be0 PALSET                           ffc0fd60 STRCNRMOS
ffc09d50 PALTRANS                         ffc0fdd0 STRRNRMOS
01008140 PFREECNT                         ffc114d0 STRINGF
ffc0b6d0 PINIT                            ffc13490 STRNGLEN
ffc0ab00 PRCDSP                           ffc13810 HEXTOASC
ffc0aef0 PRCLSP                           ffc13d20 HTOHXASC
ffc0aee0 PRCSLP                           ffc14790 L_MESS
ffc0f3c0 PRINTF                           ffc148d0 LM_SETUP
01008110 PRIORITY                         ffc14920 LM_FINIS
ffc14a30 PROC_TEXT                        ffc14930 LM_PRINTF
UNDEFED  PTRRAM                           ffc14970 CLRTEXT
UNDEFED  QDMAN2                           ffc14a30 PROC_TEXT
UNDEFED  QDMAN                            ffc14be0 DUMCRETS
ffc0f2b0 QSNDRST                          ffc14c10 DUMCOLL
ffc06990 RAND0                            ffc14c40 DUMPPRINT
ffc06700 RANDOM                           ffc14cb0 DUMP_IT
ffc06700 RANDOMA0                         ffc15060 SECURITY
ffc06800 RANDOMA2                         ffc15070 COLOR_START
ffc06b80 RANDPER                          ffc15a50 CYCLE16
ffc06900 RANDU                            ffc15fb0 CYCLE1
UNDEFED  RAND                             ffc16460 TVBP
ffc06ae0 RANGERND                         ffc164b0 TVBPX
ffc06a90 RANGRAND                         ffc16590 ROMTRAP
ffc21040 RD15FONT                         ffc16740 TVPATCH
ffc22900 RD20FONT                         ffc16a80 TEXTPAL
ffc1f880 RD5FONT                          ffc16a80 TVPATCHX
ffc20460 RD7FONT                          ffc16d60 T2FIXED
UNDEFED  READOTHERINP                     ffc1e0c0 FONT151
ffc16590 ROMTRAP                          ffc1e130 FONT152
ffc08040 SCRCLR                           ffc1e1a0 FONT153
ffc15060 SECURITY                         ffc1e210 FONT154
UNDEFED  SEC_FLAG                         ffc1e280 FONT155
ffc08160 SETPPROC                         ffc1e2f0 FONT156
UNDEFED  SKYCOLOR                         ffc1e360 FONT157
ffc0e670 SNDPRC                           ffc1e3d0 FONT158
ffc0ee40 SNDRES                           ffc1e440 FONT159
UNDEFED  SOUNDSUP                         ffc1e4b0 FONT150
UNDEFED  SOUND_COPY                       ffc1f880 RD5FONT
ffc21ca0 SP15FONT                         ffc20460 RD7FONT
ffc06a10 SRAND                            ffc21040 RD15FONT
ffc0f860 STRCNC                           ffc21ca0 SP15FONT
ffc0fba0 STRCNCO                          ffc22900 RD20FONT
ffc0fac0 STRCNCOF                         ffc235a0 SUFFIX_S
ffc0f580 STRCNRM2                         ffc235a8 SUFFIX_NULL
ffc0f720 STRCNRMO                         UNDEFED  GANIOF
ffc0fd60 STRCNRMOS                        UNDEFED  COPY_OBJ
ffc0f510 STRCNRM                          UNDEFED  DICT_LOOKUP
ffc0fc80 STRCNRMS                         UNDEFED  KILOBJ
0103de00 STRING1                          UNDEFED  BUYNOW
0103de20 STRING2                          UNDEFED  KILOBJ_ALL
0103de40 STRING3                          UNDEFED  GETOBJ
ffc114d0 STRINGF                          UNDEFED  WAVE
0103ce50 STRINGF_RAM                      UNDEFED  SEC_FLAG
ffc0f920 STRLNCF                          UNDEFED  CR_CONTP
ffc0f9e0 STRLNCOF                         UNDEFED  CURPLYRS
ffc0f800 STRLNC                           UNDEFED  ADD_DUMP
ffc0f5f0 STRLNRM2                         UNDEFED  GET_AUD
ffc0f6b0 STRLNRMO                         UNDEFED  SKYCOLOR
ffc0f4a0 STRLNRM                          UNDEFED  COLRTEMP
ffc0fc10 STRLNRMS                         UNDEFED  WAVETIME
ffc13490 STRNGLEN                         UNDEFED  PALCYCLELIST
0103cc70 STRNGRAM                         UNDEFED  PTRRAM
ffc0f980 STRRNCF                          UNDEFED  GETAFARG_LONG
ffc0f8c0 STRRNC                           UNDEFED  WAVEIRQS
ffc0fa50 STRRNCOF                         UNDEFED  PALFXFREELIST
ffc0fdd0 STRRNRMOS                        UNDEFED  PALRAM
ffc0f650 STRRNRM                          UNDEFED  PALFXRAMX
ffc0f790 STRRNRMO                         UNDEFED  GSAGOF
ffc0fcf0 STRRNRMS                         UNDEFED  RAND
ffc0b440 SUCIDE                           UNDEFED  QDMAN
ffc235a8 SUFFIX_NULL                      UNDEFED  DISPLAYON
ffc235a0 SUFFIX_S                         UNDEFED  DMARESTARTS
UNDEFED  SWITCHSTACK                      UNDEFED  CREATE_OBJ
UNDEFED  SWITCHST                         UNDEFED  INSOBJ
ffc16d60 T2FIXED                          UNDEFED  QDMAN2
ffc16a80 TEXTPAL                          UNDEFED  TIMEINT
010080d0 THISPROC                         UNDEFED  SWITCHSTACK
010080f0 THISWAKE                         UNDEFED  FGLISTS
UNDEFED  TIMEINT                          UNDEFED  TIMERMAX
01008160 TIMER                            UNDEFED  SOUNDSUP
UNDEFED  TIMERMAX                         UNDEFED  SOUND_COPY
ffc164b0 TVBPX                            UNDEFED  CkOFREE
ffc16460 TVBP                             UNDEFED  SWITCHST
ffc16a80 TVPATCHX                         UNDEFED  FGPLANECT
ffc16740 TVPATCH                          UNDEFED  DEBUGSTACK
UNDEFED  UNSTACKSWITCHES                  UNDEFED  PALFXRAM
UNDEFED  WAVETIME                         UNDEFED  GAME_STATE
UNDEFED  WAVE                             UNDEFED  UNSTACKSWITCHES
UNDEFED  WAVEIRQS                         UNDEFED  READOTHERINP
UNDEFED  YZSORT                           UNDEFED  YZSORT

[187 symbols]
