*****************************************************
TMS340 COFF Linker           Version 6.10
*****************************************************
Fri Apr 16 13:19:24 1993

OUTPUT FILE NAME:   <ap.out>
ENTRY POINT SYMBOL: "SETUP"  address: ff800310


MEMORY CONFIGURATION

           name      origin     length     attributes     fill
         --------   --------   ---------   ----------   --------
         SCRATCH    01008000   0003f8000      RWIX      
         IROM       02000000   000400000      RWIX      
         ROM        ff800000   0007f6800      RWIX      
         CKSMAREA   fffffbc0   000000040      RWIX      
         TRAP31     fffffc00   000000400      RWIX      


SECTION ALLOCATION MAP

 output                                  attributes/
section   page    origin      length       input sections
--------  ----  ----------  ----------   ----------------
VECTORS    0    fffffc00    00000400     
                  fffffc00    00000400     AP.OBJ (VECTORS)

CKSUMS     0    fffffbc0    00000040     
                  fffffbc0    00000040     APDIAG.RLO (CKSUMS)

IMAGES     0    02000000    00000000     UNINITIALIZED

OFIXED     0    01008000    00002680     
                  01008000    00002680     APD.OBJ (OFIXED)

.BSS       0    0100a680    00000000     UNINITIALIZED

.bss       0    0100a680    001448c0     UNINITIALIZED
                  0100a680    0000e180     AP.OBJ (.bss)
                  01018800    00000010     APC.OBJ (.bss)
                  01018810    000e1380     APD.OBJ (.bss)
                  010f9b90    0001c3b0     DRRAM.OBJ (.bss)
                  01115f40    00000070     DRATT.OBJ (.bss)
                  01115fb0    00000ca0     DRD.OBJ (.bss)
                  01116c50    00000020     DRCHRSEL.OBJ (.bss)
                  01116c70    00000170     DREQUIP.OBJ (.bss)
                  01116de0    00001be0     DRINITAL.OBJ (.bss)
                  011189c0    000000a0     JSTRING.OBJ (.bss)
                  01118a60    00000020     DRWINSCR.OBJ (.bss)
                  01118a80    00035ea0     APSYSTEM.RLO (.bss)
                  0114e920    00000620     APDIAG.RLO (.bss)

SECTFIRS   0    ff800000    00000000     UNINITIALIZED

.text      0    ff800000    00346d10     
                  ff800000    00005fb0     AP.OBJ (.text)
                  ff805fb0    00000050     --HOLE-- [fill = 0000ffff]
                  ff806000    00002940     APC.OBJ (.text)
                  ff808940    0000cad0     APD.OBJ (.text)
                  ff815410    00001b70     DRB.OBJ (.text)
                  ff816f80    00002310     DRATT.OBJ (.text)
                  ff819290    00000170     --HOLE-- [fill = 0000ffff]
                  ff819400    00008110     DR.OBJ (.text)
                  ff821510    000007a0     DRU.OBJ (.text)
                  ff821cb0    00003850     DRI.OBJ (.text)
                  ff825500    00005920     DRA.OBJ (.text)
                  ff82ae20    00009ce0     DRAS.OBJ (.text)
                  ff834b00    00000100     --HOLE-- [fill = 0000ffff]
                  ff834c00    00011330     DRH.OBJ (.text)
                  ff845f30    00005d50     DRT.OBJ (.text)
                  ff84bc80    00000180     --HOLE-- [fill = 0000ffff]
                  ff84be00    00001650     DRINP.OBJ (.text)
                  ff84d450    00005c70     DRS.OBJ (.text)
                  ff8530c0    00003000     DRSINCOS.OBJ (.text)
                  ff8560c0    000018b0     DRM.OBJ (.text)
                  ff857970    00003d40     DRC.OBJ (.text)
                  ff85b6b0    00001e00     DRR.OBJ (.text)
                  ff85d4b0    00004ce0     DRD.OBJ (.text)
                  ff862190    00003570     DRCHRSEL.OBJ (.text)
                  ff865700    00008450     DREQUIP.OBJ (.text)
                  ff86db50    00009c60     DRINITAL.OBJ (.text)
                  ff8777b0    00002380     JSTRING.OBJ (.text)
                  ff879b30    00002820     DRWINSCR.OBJ (.text)
                  ff87c350    000007b0     DRFLUFF.OBJ (.text)
                  ff87cb00    000071f0     DRMIS.OBJ (.text)
                  ff883cf0    00000970     DRACT.OBJ (.text)
                  ff884660    00001290     DRBAR.OBJ (.text)
                  ff8858f0    00007000     DRFOUR.OBJ (.text)
                  ff88c8f0    00004cc0     DRSND.OBJ (.text)
                  ff8915b0    00040340     DRARENA1.OBJ (.text)
                  ff8d18f0    000414d0     DRARENA2.OBJ (.text)
                  ff912dc0    00040230     DRARENA3.OBJ (.text)
                  ff952ff0    00040150     DRARENA4.OBJ (.text)
                  ff993140    00040c30     DRARENA5.OBJ (.text)
                  ff9d3d70    00040050     DRARENA6.OBJ (.text)
                  ffa13dc0    000400d0     DRARENA7.OBJ (.text)
                  ffa53e90    0007f850     DRARENA8.OBJ (.text)
                  ffad36e0    00007f20     BGNDTBL.OBJ (.text)
                  ffadb600    0001dfb0     BGNDPAL.OBJ (.text)
                  ffaf95b0    00000050     --HOLE-- [fill = 0000ffff]
                  ffaf9600    00010a90     APSYSTEM.RLO (.text)
                  ffb0a090    0003cc80     APDIAG.RLO (.text)

.TEXT      0    ffb46d10    00000000     UNINITIALIZED

.data      0    ffb46d10    0008b9a0     
                  ffb46d10    0003af80     IMGPAL.OBJ (.data)
                  ffb81c90    0000ac20     IMGTBLM1.OBJ (.data)
                  ffb8c8b0    0000f7f0     IMGTBLM2.OBJ (.data)
                  ffb9c0a0    00009cf0     IMGTBLB1.OBJ (.data)
                  ffba5d90    000013b0     IMGTBLF1.OBJ (.data)
                  ffba7140    00009950     IMGTBLC1.OBJ (.data)
                  ffbb0a90    00001710     IMGTBLC2.OBJ (.data)
                  ffbb21a0    0000c770     APSYSTEM.RLO (.data)
                  ffbbe910    00013da0     APDIAG.RLO (.data)

.DATA      0    ffbd26b0    00000000     UNINITIALIZED

FIXED      0    00000000    00000000     UNINITIALIZED

NFIXED     0    00000000    00000000     UNINITIALIZED

SECTDIAG   0    0114ef40    000006f0     
                  0114ef40    000006f0     APDIAG.RLO (SECTDIAG)


GLOBAL SYMBOLS

address  name                             address  name
-------- ----                             -------- ----
0100a680 .bss                             00000000 PD_MINES
ffb46d10 .data                            00000008 BSA_X
ff800000 .text                            00000010 PD_MISLS
ffae0380 A1PALS                           0000001c IDATALEN
ffae4280 A2PALS                           0000002d BSA_Y
ffae9100 A3PALS                           00000030 PD_TURBOS
ffaeef50 A4PALS                           00000050 PD_PLACE
ffaf2ec0 A5PALS                           00000060 PD_BTNCHECKSUM
ffaf8450 A7PALS                           00000070 PD_RECORDSIZE
ffaf73d0 A8PALS                           01008000 FGLISTS
01118a90 ACTIVE                           01008ff0 BGLISTS
ff883e50 ACTRANDICONTBL                   01009fe0 PREQLIST
ff883ee0 ACTRANDICON                      0100a0f0 DEBUGDMALIST
ff883d80 ACTRANDSND                       0100a200 SCORELIST
ff883cf0 ACTRANDSNDTBL                    0100a310 SHADOWLIST
ff821220 ADDMOVINGPART                    0100a420 SUPPLSTS
ff81bb20 ADDSHADOW                        0100a620 SUPPLSTSX
ff81c600 ADDTIREVEC                       0100a660 ANIOBJS
ff829eb0 ADDTOARENA                       0100a680 .bss
ffb37310 ADD_DUMP                         0100a6c0 SWITCH_ESCAPE
ffb36ca0 ADJ_PAGE                         0100a6d0 BOGDMACPU
ff836e00 AFTERHITTEST                     0100a6f0 DMALOCK
ffba12c0 ALLBODY                          01018800 IN_ANIM
ffba1590 ALLBODY2                         01018810 ANIFUNCS
ff81dca0 ALTINPHANDLER                    0101ec30 CLIPTIM
ff825b40 ANICYCLE                         0101ec30 ANIFUNCSX
ff825fe0 ANIDEADMISL                      0101ec40 VELTIM
ff826190 ANIDEATHBOOM                     0101ec50 SCALETIM
ff827320 ANIFLYLANDKILL                   0101ec60 PROCTIM
ff825aa0 ANIFRM                           0101ec70 CPUCHK0
01018810 ANIFUNCS                         0101ec80 CPUCHK1
0101ec30 ANIFUNCSX                        0101ec90 CPUCHK2
ff827010 ANIHITTEST                       0101eca0 CPUCHK3
ff8279c0 ANIKILLPOWERUP                   0101ecb0 CPUCHK4
ff827a50 ANIKILL                          0101ecc0 CPUCHK5
ff827c80 ANILOOPHERE                      0101ed00 BGPLANECT
ff8087b0 ANIMP                            0101ed10 FGPLANECT
0100a660 ANIOBJS                          0101ed20 SCROLLX
ff825c30 ANIOCVECT                        0101ed40 SCROLLY
ff826340 ANIOFF                           0101ed60 SHAKEXY
ff826260 ANIONOFF                         0101ed80 SCRNTL
ff8262e0 ANION                            0101eda0 SCRNLR
ff826390 ANIONTIME4                       0101edc0 OFREECNT
ff826d00 ANIPALCONST                      010d4200 DISPLAYON
ff826c90 ANIPALCONSTFIRST                 010d4210 DMAVCOUNT
ff826d50 ANIPALCONSTICONFIRST             010d4220 BOG
ff826dc0 ANIPALCONSTICON                  010d4230 DMAQSTR0
ff826df0 ANIPALCONSTPLAYER                010e6e30 DMAQBOT0
ff826eb0 ANIPALCONSTRESTORE               010e6e30 DMAQSTR1
ff826bd0 ANIPALCONSTSAVE                  010f9a30 DMAQPRE0
ff825c60 ANIPULL                          010f9a30 DMAQBOT1
ff827000 ANIRETS                          010f9a50 DMAQPRE1
ff8270f0 ANISETSCALETYPE                  010f9a70 DMAQPRE
ff828000 ANISPAWN                         010f9a90 DMAQBOT
ff8280e0 ANISPAWNFIX                      010f9af0 UNIVXMIN
ff8261f0 ANISPAWNFROMTBL                  010f9b00 UNIVXMAX
ff828070 ANISPAWNONE                      010f9b10 WORLDX
ff827090 ANISTOPANI                       010f9b30 WORLDY
ff8263e0 ANITIME4                         010f9b50 WORLDXY
ff825500 ANITOSCOREBOX                    010f9b70 DMARESTARTS
ff8256f0 ANITOSCORENOBOX                  010f9b90 NOAUTOE
ffb11d70 ANY_BUT                          010f9be0 RAND
ff8915b0 AR1ACTOBJS                       010f9c00 SWITCHSTACK
ffb9e410 AR1BOOB                          010f9c20 SWITCHST
ff892030 AR1INIT                          010fa020 SWITCHSTX
ff8920f0 AR1TMAP                          010fa020 SWITCHRAM
ff8916f0 AR1TRACKINFO                     010fa0c0 SWITCHRAMX
ff8d18f0 AR2ACTOBJS                       010fa0c0 SYSCOPY
ff8d25c0 AR2INIT                          010fa0e0 PAGE
ff8d35c0 AR2TMAP                          010fa0f0 PAGEADDR
ff8d1a30 AR2TRACKINFO                     010fa110 NOPGFLIP
ff912dc0 AR3ACTOBJS                       010fa120 COIL_CONTROL
ff9136d0 AR3INIT                          010fa130 SOUND_COPY
ff9137f0 AR3TMAP                          010fa140 PALRAM
ff912f00 AR3TRACKINFO                     010fc140 PTRRAM
ff952ff0 AR4ACTOBJS                       010fc940 COLRTEMP
ff953820 AR4INIT                          010fca40 NewAECol
ff953940 AR4TMAP                          010fca60 OldAECol
ff953130 AR4TRACKINFO                     010fca80 SKYCOLOR
ff993140 AR5ACTOBJS                       010fca90 IRQSKYE
ff993e30 AR5INIT                          010fcab0 GAME_STATE
ff994570 AR5TMAP                          010fcac0 CURPLYRS
ff993280 AR5TRACKINFO                     010fcac0 GRAMSTRT
ff9d3d70 AR6ACTOBJS                       010fcad0 WAVE
ff9d4500 AR6INIT                          010fcae0 SOUNDSUP
ff9d45c0 AR6TMAP                          010fcaf0 GAMERASE
ff9d3eb0 AR6TRACKINFO                     010fcb00 BUYNOW
ffa13dc0 AR7ACTOBJS                       010fcb10 WAVETIME
ffa14550 AR7INIT                          010fcb10 GRAMEND
ffa14610 AR7TMAP                          010fcb10 WRAMSTRT
ffa13f00 AR7TRACKINFO                     010fcb30 WAVEIRQS
ffa53e90 AR8ACTOBJS                       010fcb50 PAUSE_GAME
ffa54620 AR8INIT                          010fcb60 DISPATCH_DELAY
ffa546e0 AR8TMAP                          010fcb70 WRAMEND
ffa53fd0 AR8TRACKINFO                     010fcbb0 SEC_FLAG
ff839160 AREAAWAY180TBL                   010fcbc0 DRDATA
ffad4be0 ARENA1BMOD                       010fcbc0 DRCLEAR
ffb67810 ARENA1_P                         010fcbe0 CARDATA
ffad5b20 ARENA2BMOD                       01103c60 DRONEDATA
ffad6700 ARENA3BMOD                       01103c60 CARDATAX
ffad79e0 ARENA4BMOD                       011056a0 WHOSHIT
ffad9020 ARENA5BMOD                       011056a0 DRONEDATAX
ffada490 ARENA7BMOD                       01105ea0 HITLIST
ffada090 ARENA8BMOD                       01105ec0 WINNER
01106640 ARENAACTOBJS                     01105ee0 GCOLLIST
01106620 ARENAINIT                        01105f00 INDATA
ff8840a0 ARENAPROC                        011064a0 AUTOVELLIST
01107500 ARENASCALETBL                    011064a0 INDATAX
ff88cd70 ARENASND                         011064c0 DEBUGOBJ
01108200 ARENASOUNDTBLX                   011064e0 DMAQSTARTS
01107640 ARENASOUNDTBL                    011064f0 DEBUGMOVE
011065e0 ARENATMAP                        01106510 DRG
01106600 ARENATRACKINFO                   01106510 DRCLEARX
ffb9e2f0 ARENA_1_A                        011065c0 LAPCHECKPOINTS
ffb9e380 ARENA_1_B                        011065d0 LAPSTOWIN
ffb95410 ARROW                            011065e0 ARENATMAP
ff842390 ARSCALETBLRACE                   01106600 ARENATRACKINFO
ff82f8b0 ASBELT                           01106620 ARENAINIT
ff82f290 ASBUMPERA                        01106640 ARENAACTOBJS
ff82f430 ASBUMPERB                        01106660 PREREGSTORE1
ff82eef0 ASCARBUR                         01106a20 REGSTORE1
ff831860 ASCARFIRE                        01106a20 PREREGSTORE2
ff8317f0 ASDEADMISL                       01106de0 REGSTORE1FLAGS
ff831940 ASDEATHBOOM                      01106de0 REGSTORE2
ff833ed0 ASDEATHBOOMTBLX                  01106e00 TTRIG
ff833e50 ASDEATHBOOMTBL                   01106e10 SCOREDATA
ff831e60 ASDEFENSEBOOM                    01106f90 SCDM
ff82ea10 ASDICE                           01106fc0 OBJINITRAM
ff82f5a0 ASDISTRBA                        01107060 OBJINITRAMAOVEL
ff82f710 ASDISTRBB                        01107100 OBJINITRAMSPAWN
ff830bd0 ASFILTER                         011071a0 OBJINITRAMBG
ff82d5f0 ASFISH1                          01107240 OBJINITRAMAO
ff82d760 ASFISH2                          011072e0 OBJIHDRRAM
ff82d840 ASFISH3                          01107370 OBJINITRAMMISSILE
ff82d920 ASFISH4                          01107410 PLAYERRECORDTBL
ff82df40 ASFLAG1                          01107500 ARENASCALETBL
ff82e1a0 ASFLASHKILL                      01107640 ARENASOUNDTBL
ff82e350 ASFLYLANDKILL                    01108200 HOLDGAME
ff82fed0 ASFTPEDAL                        01108200 ARENASOUNDTBLX
ff831220 ASGASCAN                         01108210 J64Q
ff82e0e0 ASHITTEST                        0110e610 SCRATCH2K
ff830ee0 ASHORNORN                        01112610 DEBUGSTACK
ff828590 ASICARPART                       01112630 TIMERMAX
ff8287c0 ASICOORDS                        01112640 PALFXFREELIST
ff828980 ASIDEATHBOOM2                    01112660 PALCYCLELIST
ff82e2e0 ASKILL                           01112680 PALFXRAM
ff82d350 ASLMINE                          01115e80 PALFXRAMX
ff832450 ASLMINEBOOM                      01115e80 PROTECTION
ff82fd30 ASMIRROR                         01116c80 BS_PLAYERDATA
ff8321a0 ASMISLBOOM                       01118980 DROP_FLAG
ff8320a0 ASMISLFFBOOM                     01118a80 FREEPALCNT
ff82e6a0 ASMUFF                           01118a90 ACTIVE
ff82e8a0 ASPIST                           01118ab0 FREE
ff830d10 ASPLATE                          01118ad0 PACTIVE
ff831700 ASPRSTART                        01118b30 LASTPROC
ff831080 ASRADIATE                        01118b50 THISPROC
ff82de00 ASROCKSMALL                      01118b70 THISWAKE
ff82eb80 ASSEATA                          01118b90 PRIORITY
ff82ed20 ASSEATB                          01118bc0 PFREECNT
ff830070 ASSPARKA                         01118be0 TIMER
ff830210 ASSPARKB                         0114d6f0 STRNGRAM
ff82f090 ASSTEER                          0114d8d0 STRINGF_RAM
ff82f9f0 ASTHINGA                         0114e880 STRING1
ff82fb90 ASTHINGB                         0114e8a0 STRING2
ff82cf70 ASTOSCOREBOXSOLID                0114e8c0 STRING3
ff82cbb0 ASTOSCOREBOX                     0114ea30 LASTCOLOR
ff82d160 ASTOSCORENOBOXSOLID              0114eaf0 FORCEDIP
ff82cd80 ASTOSCORENOBOX                   0114eb40 BAD_AUD
ff830830 ASWHEELA                         0114ed10 COINFLAG
ff8309d0 ASWHEELB                         0114ed20 GAMEUNITS
ff830690 ASWINGORN                        0114ed50 OCTO_FLAG
ff82bae0 ASZTBLDETONATEICON               0114ef40 end
ff82b7e0 ASZTBLHEALTHICON                 ff800000 .text
ff82bce0 ASZTBLLMINEICON                  ff800310 POWERRET
ff82b8e0 ASZTBLMISSILEICON                ff800310 WARMSET
ff82b6e0 ASZTBLMONEYBAGICON               ff800310 SETUP
ff82bbe0 ASZTBLSMARTBOMBICON              ff8006f0 PUSUMA
ff82b9e0 ASZTBLTURBOICON                  ff800760 PUSUMB
ff8550c0 ATANTBL                          ff801470 PCMOSRET
ff8560c0 ATANTBLX                         ff8014d0 MAIN_GO
ff817840 ATTRACTPROC                      ff801610 DISPATCHPROC
ff818030 ATT_MODE_CREDIT                  ff803790 EXEC_LP
ffb36330 AUD1                             ff804540 MAIN_INIT
ffb36220 AUD                              ff804bd0 DIPINIT
ffb9f730 AUTOBUY                          ff804c60 DUMRETS
011064a0 AUTOVELLIST                      ff804c70 WIPEOUT
ffb9fa00 AUTO_EXIT                        ff805390 KILL_DESTRUCTIBLES
ffafbc00 A_CHANGE_PAL                     ff805450 SLEEP_SWITCHX
0114eb40 BAD_AUD                          ff8055d0 WDOGDIS
ff884a00 BARRELPROC                       ff805770 WDISTAB
ffb47230 BARREL_P                         ff805800 CLSCRACH
ffb75cf0 BBODY_P                          ff8058c0 GRAMINIT
ffba4830 BCKSPACE                         ff805b10 IAUTOE
ffb13580 BEEP_1                           ff805ce0 DUMDIE
ff8413e0 BEFOREHITTEST                    ff805df0 INITDATA
ffb8d6c0 BFLIPa_10                        ff805fb0 IDATAEND
ffb8d1b0 BFLIPa_1                         ff806000 DISPLAYPLANE
ffb8d750 BFLIPa_11                        ff806700 MAKEFOREGROUND
ffb8d7e0 BFLIPa_12                        ff807240 MAKEBACKGROUND
ffb8d870 BFLIPa_13                        ff8073b0 MAKESHADOWS
ffb8d240 BFLIPa_2                         ff807e00 DMAINT
ffb8d2d0 BFLIPa_3                         ff8087b0 ANIMP
ffb8d360 BFLIPa_4                         ff8088a0 GSAGOF
ffb8d3f0 BFLIPa_5                         ff808940 DISPLAY
ffb8d480 BFLIPa_6                         ff808d00 DISPLISTPREQ
ffb8d510 BFLIPa_7                         ff809510 VELADDCAR
ffb8d5a0 BFLIPa_8                         ff80dd80 VELSUBCAR
ffb8d630 BFLIPa_9                         ff80e0b0 VELADD
ffb8d990 BFLIPb_10                        ff80e600 CLRDMAQ
ffb8da20 BFLIPb_11                        ff80e600 INITDMAQ
ffb8dcf0 BFLIPb_1                         ff80e890 FREEALLOBJS
ffb8dab0 BFLIPb_12                        ff80ea80 FREEDISPLAYLIST
ffb8db40 BFLIPb_13                        ff80eb20 INITDISPLAYLISTS
ffb8dbd0 BFLIPb_14                        ff80f980 GANIOF
ffb8dc60 BFLIPb_15                        ff80fb30 QDMAN
ffb8dd80 BFLIPb_2                         ff80fb30 QDMAN2
ffb8de10 BFLIPb_3                         ff80fb50 YZSORT
ffb8dea0 BFLIPb_4                         ff80fd90 OINIT
ffb8df30 BFLIPb_5                         ff810450 CkOFREE
ffb8dfc0 BFLIPb_6                         ff810690 IsAnObj
ffb8e050 BFLIPb_7                         ff8107e0 GETOBJ
ffb8e0e0 BFLIPb_8                         ff810cc0 INSERT_OBJ
ffb8d900 BFLIPb_9                         ff810dd0 INSBOBJ
ffb8e170 BFLIPc_1                         ff810e30 INSPLANE
ffb8e200 BFLIPc_2                         ff810e70 INSOBJ
ffb8e290 BFLIPc_3                         ff811440 ZAP_OBJ
ffb8e320 BFLIPc_4                         ff811440 DELETE_OBJ
ffb8e3b0 BFLIPc_5                         ff811630 FREEOBJ
ffb8e440 BFLIPc_6                         ff8116a0 ZAPOBJ
ffb8e4d0 BFLIPc_7                         ff811a80 FPSTFOBJ0
ffb8e560 BFLIPc_8                         ff811b70 STFOBJ0
ffb8e5f0 BFLIPc_9                         ff811d20 CKINSANI
01008ff0 BGLISTS                          ff811d60 INSANI
0101ed00 BGPLANECT                        ff8120d0 CKPULLANIM
ffb6a100 BGRND_P                          ff812100 PULLANIM
ffb414b0 BINBCD                           ff812420 CREATE_OBJ
ffba45f0 BIRTHDAT                         ff812a00 INSVLIST
ffba4560 BIRTHMON                         ff812b70 PULLVLIST
ffb0bb60 BLASTMESS                        ff813120 PULLSUPP
ffb5ec00 BLMAN_P                          ff813a10 GET_SCRNREL
ffaf9d30 BLNKAREA2                        ff813fe0 PNT_WORLDREL
ffaf9cc0 BLNKAREA                         ff8142a0 COPY_OBJ
ffb17210 BLNKHELP                         ff8144a0 CREATE_COPY
ffb5d750 BMW_P                            ff814580 KILOBJ_ALL
ffb76dc0 BODY_P                           ff8145f0 KILOBJ
0100a6d0 BOGDMACPU                        ff814ec0 SETGCOL
010d4220 BOG                              ff814fb0 CLRGCOL
ffb51a80 BOOM_P                           ff815190 GCOLWATCHER
ffb954a0 BOX                              ff8157b0 STARTPLANES
ffb8e710 BROLLa_10                        ff817120 PICKARENA
ffb8e7a0 BROLLa_11                        ff817840 GAMEOVER
ffb8e680 BROLLa_1                         ff817840 ATTRACTPROC
ffb8e830 BROLLa_12                        ff818030 ATT_MODE_CREDIT
ffb8e8c0 BROLLa_2                         ff818030 HSTD_ENTRY_POINT
ffb8e950 BROLLa_3                         ff818100 RESETBUTTONCHECK
ffb8e9e0 BROLLa_4                         ff8183e0 STARTNEWATTRACT
ffb8ea70 BROLLa_5                         ff818970 STARTGUN
ffb8eb00 BROLLa_6                         ff818dc0 STARTGUNSUB
ffb8eb90 BROLLa_7                         ff819800 DRPROC
ffb8ec20 BROLLa_8                         ff81aea0 ISCAROBJ
ffb8ecb0 BROLLa_9                         ff81af90 FINDPOWERUP
ffb8ed40 BROLLb_1                         ff81b660 SHAKESCREEN
ffb8edd0 BROLLb_2                         ff81bb20 ADDSHADOW
ffb8ee60 BROLLb_3                         ff81bca0 COMPTODIRMAGVEC
ffb8eef0 BROLLb_4                         ff81be00 COMPTODIRVEC
ffb8ef80 BROLLb_5                         ff81c540 CLEARVEC
ffb8f010 BROLLb_6                         ff81c5c0 CLEARINPVEC
ffb8f0a0 BROLLb_7                         ff81c600 ADDTIREVEC
ffb8f130 BROLLb_8                         ff81c710 VECTORTOVELS
ffb8f1c0 BROLLb_9                         ff81c990 KILLCAR
00000008 BSA_X                            ff81db40 CHANGECARSPEED
0000002d BSA_Y                            ff81dc50 SETCARDIR
ffba13e0 BSEL_INSTR                       ff81dca0 ALTINPHANDLER
01116c80 BS_PLAYERDATA                    ff81dd20 NORMINPHANDLER
ffb24960 BURNIN                           ff81e0f0 SPINCARINPSUB
010fcb00 BUYNOW                           ff81e260 PLAYERCARINP
ffb9e4a0 BUY_DTAIL                        ff81e2f0 CRAZYCARINP
ffb9e530 BUY_DTAIL2                       ff81e4f0 NOCONTROLCARINP
ffba16b0 B_BODY2                          ff81e5a0 JUMPCARINP
ffba11a0 B_BODY                           ff81e650 STEERONLYCARINP
ffb9f8e0 B_INSTR                          ff81e710 PEDALONLYCARINP
ffb13760 B_MENU                           ff81e7f0 DEMONCARINP
ff822740 CARCODETBL                       ff81e890 CARINPPEDSUB
01103c60 CARDATAX                         ff821220 ADDMOVINGPART
010fcbe0 CARDATA                          ff821510 JLOCKED
ff85b3e0 CARDISABLE                       ff821540 SREGXXX
ff83fd90 CARHITAOLOBJ                     ff821680 CREGXXX
ff81e890 CARINPPEDSUB                     ff821990 SQROOT
ff83c230 CARLOSEPARTS                     ff821b70 CHECKSUM16
ffaf3570 CARLT1_P                         ff821cb0 INITONETIME
ffaf5470 CARLT2_P                         ff821d00 INITDRDATA
ffaf44f0 CARLT3_P                         ff821ee0 INITOBJINITRAM
ffaf6420 CARLT4_P                         ff822740 CARCODETBL
ffba67b0 CARNAME                          ff8227a0 PLAYERIZE
ff85a1c0 CARTHROWUP                       ff823710 CREATECAR
ffb3a580 CAT_A0                           ff823d90 MAKESHADMULTI
ff8590f0 CCABORT                          ff824600 FEELRUNNER
ff8590d0 CCABORTLOADA7                    ff825480 SYSTEM_P
ff858e40 CCNEWSTATE                       ff825500 ANITOSCOREBOX
ffb3ab10 CCOIN                            ff8256f0 ANITOSCORENOBOX
ff81db40 CHANGECARSPEED                   ff825910 GETAFARG_LONG
ffafbd80 CHANGE_PAL                       ff825aa0 ANIFRM
ffafbe90 CHANGE_PAL_MULTI                 ff825b40 ANICYCLE
ffb2a020 CHECKDIPFREE                     ff825c30 ANIOCVECT
ff834260 CHECKDMA                         ff825c60 ANIPULL
ffb3a7b0 CHECKFREE                        ff825d00 ICONLANDS
ff821b70 CHECKSUM16                       ff825fe0 ANIDEADMISL
ffb5aa70 CHEVY_P                          ff826190 ANIDEATHBOOM
ffba6570 CHIP                             ff8261f0 ANISPAWNFROMTBL
ffb568d0 CHIP_P                           ff826260 ANIONOFF
ffb52a30 CHROME_P                         ff8262e0 ANION
ffb34d30 CIRCLE                           ff826340 ANIOFF
ffb12250 CKDIAG                           ff826390 ANIONTIME4
ffb44d80 CKDIP                            ff8263e0 ANITIME4
ff811d20 CKINSANI                         ff8264b0 SETCARPAL
ff8120d0 CKPULLANIM                       ff826610 FLASHCARPAL
ffb12100 CKTEST                           ff826bd0 ANIPALCONSTSAVE
ff81c5c0 CLEARINPVEC                      ff826c90 ANIPALCONSTFIRST
ff81c540 CLEARVEC                         ff826d00 ANIPALCONST
0101ec30 CLIPTIM                          ff826d50 ANIPALCONSTICONFIRST
ffb50a80 CLOUD_P                          ff826dc0 ANIPALCONSTICON
ffafb290 CLRBLOCK                         ff826df0 ANIPALCONSTPLAYER
ff80e600 CLRDMAQ                          ff826eb0 ANIPALCONSTRESTORE
ff814fb0 CLRGCOL                          ff826f40 MAKEOBJANIM
ffafc210 CLRPAL                           ff827000 ANIRETS
ffaf9600 CLRPDATA                         ff827010 ANIHITTEST
ffafb590 CLRPLAY                          ff827090 ANISTOPANI
ffb07b00 CLRTEXT                          ff8270f0 ANISETSCALETYPE
ffafba00 CLR_0PALS                        ff827320 ANIFLYLANDKILL
ffb36080 CLR_AUDR                         ff8279c0 ANIKILLPOWERUP
ffb363b0 CLR_AUD                          ff827a50 ANIKILL
ffafb3b0 CLR_SCRN                         ff827a90 FLOATOBJ
ff805800 CLSCRACH                         ff827c80 ANILOOPHERE
ffb37140 CMOSLOCK                         ff828000 ANISPAWN
ffb37100 CMOSUNLOCK                       ff828070 ANISPAWNONE
ffb36460 CMOS_VAL                         ff8280e0 ANISPAWNFIX
010fa120 COIL_CONTROL                     ff828590 ASICARPART
0114ed10 COINFLAG                         ff8287c0 ASICOORDS
ffb3d490 COININT                          ff828980 ASIDEATHBOOM2
ffb285e0 COLORBAR                         ff828b00 MAKETOSCORE
ffb08200 COLOR_START                      ff829520 DOPEELOUT
010fc940 COLRTEMP                         ff829530 DOTURBO
ffb132b0 COL_INST                         ff829730 GENAOBJLIST
ff81bca0 COMPTODIRMAGVEC                  ff829eb0 GENAOBJLISTX
ff81be00 COMPTODIRVEC                     ff829eb0 ADDTOARENA
ffb4f460 CONE_P                           ff82a9c0 MONEYPICKUPTBL
ffba69f0 CONGRAD                          ff82add0 MONEYPICKUPTBLX
ffb481e0 CONR_P                           ff82add0 SSOFFROAD
ffb9fcd0 CONTNUE                          ff82ae20 OBJINITBLANK
ffb283a0 CONV_PLOT                        ff82aec0 OBJINITBG
ff8142a0 COPY_OBJ                         ff82af60 OBJINITSPAWN
ffb39760 COUNTER_OFF                      ff82b000 OBJINITMISSILE
ffb39750 COUNTER_ON                       ff82b0a0 OBJINITBLANKAO
ffb68f40 COVER_P                          ff82b140 OBJINITAOVEL
0101ec70 CPUCHK0                          ff82b1e0 OBJINITDEFMISL
0101ec80 CPUCHK1                          ff82b280 OBJINITDEATHBOOM
0101ec90 CPUCHK2                          ff82b320 OBJINITDEADMISL
0101eca0 CPUCHK3                          ff82b3c0 OBJINITLMINE
0101ecb0 CPUCHK4                          ff82b460 OBJINITFF
0101ecc0 CPUCHK5                          ff82b500 OBJINITCARFIRE
ffb0b780 CPU_RET                          ff82b5a0 OBJINITRUNNER
ffba0780 CRASL1                           ff82b640 MOVINGPARTTBL
ffba0810 CRASL2                           ff82b660 MOVINGPARTTBLX
ffba08a0 CRASL3                           ff82b660 IMAGEROMSIZETBL
ffba0930 CRASW1                           ff82b6e0 ASZTBLMONEYBAGICON
ffba09c0 CRASW2                           ff82b7e0 ASZTBLHEALTHICON
ffba0a50 CRASW3                           ff82b8e0 ASZTBLMISSILEICON
ff81e2f0 CRAZYCARINP                      ff82b9e0 ASZTBLTURBOICON
ff823710 CREATECAR                        ff82bae0 ASZTBLDETONATEICON
ff880a30 CREATELANDMINE                   ff82bbe0 ASZTBLSMARTBOMBICON
ff8144a0 CREATE_COPY                      ff82bce0 ASZTBLLMINEICON
ff812420 CREATE_OBJ                       ff82cbb0 ASTOSCOREBOX
ff877b90 CREATE_STRING                    ff82cd80 ASTOSCORENOBOX
ffb9f070 CRED_0                           ff82cf70 ASTOSCOREBOXSOLID
ffb9f100 CRED_1                           ff82d160 ASTOSCORENOBOXSOLID
ffb9f190 CRED_2                           ff82d350 ASLMINE
ffb9f220 CRED_3                           ff82d5f0 ASFISH1
ffb9f2b0 CRED_4                           ff82d760 ASFISH2
ffb9f340 CRED_5                           ff82d840 ASFISH3
ffb9f3d0 CRED_6                           ff82d920 ASFISH4
ffb9f460 CRED_7                           ff82de00 ASROCKSMALL
ffb9f4f0 CRED_8                           ff82df40 ASFLAG1
ffb9f580 CRED_9                           ff82e0e0 ASHITTEST
ffb3be10 CRED_P                           ff82e1a0 ASFLASHKILL
ffb9efe0 CRED                             ff82e2e0 ASKILL
ffb3a700 CRED_STRING                      ff82e350 ASFLYLANDKILL
ff821680 CREGXXX                          ff82e6a0 ASMUFF
ffaf94f0 CRNPALS                          ff82e8a0 ASPIST
ffb3c7a0 CR_BOTH                          ff82ea10 ASDICE
ffb3cba0 CR_CONTP                         ff82eb80 ASSEATA
ffb3ca00 CR_STRTP                         ff82ed20 ASSEATB
010fcac0 CURPLYRS                         ff82eef0 ASCARBUR
ffb08be0 CYCLE16                          ff82f090 ASSTEER
ffb09140 CYCLE1                           ff82f290 ASBUMPERA
ff810450 CkOFREE                          ff82f430 ASBUMPERB
ffb826b0 DCHUNK_A1                        ff82f5a0 ASDISTRBA
ffb82740 DCHUNK_A2                        ff82f710 ASDISTRBB
ffb827d0 DCHUNK_A3                        ff82f8b0 ASBELT
ffb82860 DCHUNK_A4                        ff82f9f0 ASTHINGA
ffb828f0 DCHUNK_A5                        ff82fb90 ASTHINGB
ffb82980 DCHUNK_A6                        ff82fd30 ASMIRROR
ffb82a10 DCHUNK_A7                        ff82fed0 ASFTPEDAL
ffb82aa0 DCHUNK_A8                        ff830070 ASSPARKA
ffb82b30 DCHUNK_A9                        ff830210 ASSPARKB
ffb830d0 DCHUNK_B10                       ff830690 ASWINGORN
ffb82bc0 DCHUNK_B1                        ff830830 ASWHEELA
ffb82c50 DCHUNK_B2                        ff8309d0 ASWHEELB
ffb82ce0 DCHUNK_B3                        ff830bd0 ASFILTER
ffb82d70 DCHUNK_B4                        ff830d10 ASPLATE
ffb82e00 DCHUNK_B5                        ff830ee0 ASHORNORN
ffb82e90 DCHUNK_B6                        ff831080 ASRADIATE
ffb82f20 DCHUNK_B7                        ff831220 ASGASCAN
ffb82fb0 DCHUNK_B8                        ff831700 ASPRSTART
ffb83040 DCHUNK_B9                        ff8317f0 ASDEADMISL
0100a0f0 DEBUGDMALIST                     ff831860 ASCARFIRE
011064f0 DEBUGMOVE                        ff831940 ASDEATHBOOM
011064c0 DEBUGOBJ                         ff831e60 ASDEFENSEBOOM
01112610 DEBUGSTACK                       ff8320a0 ASMISLFFBOOM
ffb94de0 DEFMIS_1                         ff8321a0 ASMISLBOOM
ffb950b0 DEFMIS_1A                        ff832450 ASLMINEBOOM
ffb94e70 DEFMIS_2                         ff833e20 FOURHITFRONT
ffb95140 DEFMIS_2A                        ff833e30 FOURHITMID
ffb94f00 DEFMIS_3                         ff833e40 FOURHITBACK
ffb951d0 DEFMIS_3A                        ff833e50 ASDEATHBOOMTBL
ffb94f90 DEFMIS_4                         ff833ed0 ASDEATHBOOMTBLX
ffb95260 DEFMIS_4A                        ff833ed0 SASROLLLEFT
ffb952f0 DEFMIS_5A                        ff833f30 SASROLLRIGHT
ffb95020 DEFMIS_5                         ff833f90 SASREHIT
ffb36d40 DEF_PAGE                         ff833f90 SASTOSSROLLLOOP
ff811440 DELETE_OBJ                       ff834020 SASROCKUPDOWN
ffafbf50 DELETE_PAL                       ff834060 SASROCKDOWNUP
ffafbfc0 DELPAL                           ff8340a0 SASROCKBACKA
ff81e7f0 DEMONCARINP                      ff8340e0 SASROCKFRONTA
ffb0a090 DIAG                             ff834120 SASROCKRIGHTA
ffb24b70 DIAGCPUTEST                      ff834160 SASROCKLEFTA
ffb3ddb0 DICT_LOOKUP                      ff834260 CHECKDMA
ffb0b110 DIGSRT                           ff835a20 HITTESTCARS
ffbcd180 DIPCOINTAB                       ff835da0 HITTESTOBJS
ffbcd200 DIPCREDTAB                       ff8363a0 HITTESTMISC
ff804bd0 DIPINIT                          ff836e00 AFTERHITTEST
ffb28ae0 DIPTEST                          ff839160 AREAAWAY180TBL
ffb5eb10 DIRTM_P                          ff839220 TWOCARSHIT
ffb81c90 DIRT_A1                          ff83a490 OBJ2OBJDIR
ffb81d20 DIRT_A2                          ff83a510 POINT2POINTDIR16
ffb81db0 DIRT_A3                          ff83a810 OBJOBJDIR32
ffb81e40 DIRT_A4                          ff83c230 CARLOSEPARTS
ffb81ed0 DIRT_A5                          ff83c650 TAKEDAMAGE
ffb81f60 DIRT_A6                          ff83ce60 FLASHPLBACKDEATH
ffb81ff0 DIRT_BC1                         ff83d100 RANDOMSPIN
ffb82080 DIRT_BC2                         ff83fd90 CARHITAOLOBJ
ffb82110 DIRT_BC3                         ff8405a0 SETOBJSCALE
ffb821a0 DIRT_BC4                         ff840f50 WHCHECKFRAME
ffb82230 DIRT_BC5                         ff8413e0 BEFOREHITTEST
ffb822c0 DIRT_BC6                         ff841510 INITARENASCALE
ffb82350 DIRT_DE1                         ff841990 SETZMIN
ffb823e0 DIRT_DE2                         ff841ae0 GETSCALE
ffb82470 DIRT_DE3                         ff842390 ARSCALETBLRACE
ffb82500 DIRT_DE4                         ff845f30 INITTOPO
ffb82590 DIRT_DE5                         ff845f40 TOPOXZ
ffb82620 DIRT_DE6                         ff8462d0 HITCARTOPO
ff801610 DISPATCHPROC                     ff846ec0 TOPOREACT
010fcb60 DISPATCH_DELAY                   ff84ace0 SETARENA
ffb38010 DISPDUMP                         ff84b3b0 MISBLOWUPTBL
010d4200 DISPLAYON                        ff84b418 DRONEAVOIDTBL
ff808940 DISPLAY                          ff84b418 MISBLOWUPTBLX
ff806000 DISPLAYPLANE                     ff84b480 DRONEAVOIDTBLX
ff877ed0 DISPLAY_STRING                   ff84be00 INITINPUT
ff808d00 DISPLISTPREQ                     ff84c470 UNSTACKSWITCHES
ff807e00 DMAINT                           ff84c800 READSWITCHES
0100a6f0 DMALOCK                          ff84cda0 GETINPDATA
ffafaa90 DMAN                             ff84cf60 READOTHERINP
010e6e30 DMAQBOT0                         ff84d450 SCOREINIT
010f9a90 DMAQBOT                          ff84e6f0 SCOREVALADDOID
010f9a30 DMAQBOT1                         ff84e720 SCOREVALADD
010f9a30 DMAQPRE0                         ff84ed80 SCORESETMISL
010f9a70 DMAQPRE                          ff84f160 SCORESETLMINE
010f9a50 DMAQPRE1                         ff84f540 SCORESETTIME
011064e0 DMAQSTARTS                       ff84f9e0 SCORETIMEDOWN
010d4230 DMAQSTR0                         ff84faf0 SCORESETTURBOOID
010e6e30 DMAQSTR1                         ff84fb20 SCORESETTURBO
ffafada0 DMAQWAIT                         ff850020 SCORESETDAMAGEOID
010f9b70 DMARESTARTS                      ff850050 SCORESETDAMAGE
010d4210 DMAVCOUNT                        ff8504e0 SCORESETPLBACKOID
ffafac10 DMAWAIT                          ff850510 SCORESETPLBACK
ffafaac0 DMAWPAL                          ff851df0 PLPALCONSTTBL
ff829520 DOPEELOUT                        ff852f30 TURBOBARCLIPTBL
ff829530 DOTURBO                          ff853060 SCOREBOXCENTERTBL
ffb453f0 DO_ADJH                          ff8530c0 SINCOS
ffaf9e50 DRAWBOX                          ff8550c0 ATANTBL
ffafa120 DRAWBOX_OBJ                      ff8560c0 ATANTBLX
010fcbc0 DRCLEAR                          ff8560c0 ENDMOVE
01106510 DRCLEARX                         ff8560c0 INITSPECMOVE
010fcbc0 DRDATA                           ff8561d0 SPECMOVE
01106510 DRG                              ff858e40 CCNEWSTATE
ff84b418 DRONEAVOIDTBL                    ff8590d0 CCABORTLOADA7
ff84b480 DRONEAVOIDTBLX                   ff8590f0 CCABORT
011056a0 DRONEDATAX                       ff85a1c0 CARTHROWUP
01103c60 DRONEDATA                        ff85b3e0 CARDISABLE
ff8842b0 DROPICON                         ff85b6b0 RUNNERPROC
01118980 DROP_FLAG                        ff85c320 TOSSRUNNERUP
ff819800 DRPROC                           ff861e80 HANDLEDRONE
ffb35680 DSCRCLR                          ff8629d0 FLP_SELECT_CHARACTER
ffb9f6a0 DTAL_COVR                        ff866fc0 FLP_BUY_EQUIPMENT
ffafa8d0 DTIME2                           ff86b210 SET_IMAGE
ffafa870 DTIME                            ff86e730 FLP_ENTER_INITIALS
ffb07da0 DUMCOLL                          ff8774c0 GET_BUTTON_CHECKSUM
ffb07d70 DUMCRETS                         ff877b90 CREATE_STRING
ff805ce0 DUMDIE                           ff877ed0 DISPLAY_STRING
ffb07dd0 DUMPPRINT                        ff877fa0 VERT_ALIGN_STRING
ffb37180 DUMP_FS                          ff8780f0 HORZ_ALIGN_STRING
ffb07e40 DUMP_IT                          ff87a340 FLP_WIN_SCREEN
ff804c60 DUMRETS                          ff87c3f0 FLP_FLUFF1
ffb638f0 DUXPAL                           ff87c420 FLP_FLUFF2
ffaf93b0 ELPALS                           ff87cb00 MISFINDLOCKCLOSEST
ffb79410 EMPTY_P                          ff87cff0 MISDETONATEALL
ffba5400 EMPTY                            ff87d0f0 MISDETONATETARGET
ff8560c0 ENDMOVE                          ff87d2b0 MISLAUNCH
ffadaf50 ENTERBMOD                        ff87d550 MISPICKUP
ffb78340 ENTFONT_P                        ff87d5f0 LMINEPICKUP
ffba2ca0 ENTR_0                           ff880870 LMINEDETONATE
ffba3510 ENTR_15                          ff880a30 CREATELANDMINE
ffba35a0 ENTR_16                          ff880e00 MISFFPROC
ffba3630 ENTR_17                          ff8818f0 MISIMAGES
ffba36c0 ENTR_18                          ff883cf0 ACTRANDSNDTBL
ffba3750 ENTR_19                          ff883d80 ACTRANDSND
ffba3240 ENTR_10                          ff883e50 ACTRANDICONTBL
ffba32d0 ENTR_11                          ff883ee0 ACTRANDICON
ffba3360 ENTR_12                          ff8840a0 ARENAPROC
ffba2d30 ENTR_1                           ff8842b0 DROPICON
ffba33f0 ENTR_13                          ff884a00 BARRELPROC
ffba3480 ENTR_14                          ff8858f0 FOURIMGTBL
ffba37e0 ENTR_20                          ff88c8f0 INITSND
ffba3870 ENTR_21                          ff88c8f0 RESTORESNDMAP
ffba3900 ENTR_22                          ff88c9a0 SNDREMAP
ffba3990 ENTR_23                          ff88cb50 MAKESND
ffba3a20 ENTR_24                          ff88cd70 ARENASND
ffba3ab0 ENTR_25                          ff8915b0 AR1ACTOBJS
ffba3b40 ENTR_26                          ff8916f0 AR1TRACKINFO
ffba3bd0 ENTR_27                          ff892030 AR1INIT
ffba2dc0 ENTR_2                           ff8920f0 AR1TMAP
ffba3c60 ENTR_28                          ff8d18f0 AR2ACTOBJS
ffba3cf0 ENTR_29                          ff8d1a30 AR2TRACKINFO
ffba3d80 ENTR_30                          ff8d25c0 AR2INIT
ffba3e10 ENTR_31                          ff8d35c0 AR2TMAP
ffba2e50 ENTR_3                           ff912dc0 AR3ACTOBJS
ffba2ee0 ENTR_4                           ff912f00 AR3TRACKINFO
ffba2f70 ENTR_5                           ff9136d0 AR3INIT
ffba3000 ENTR_6                           ff9137f0 AR3TMAP
ffba3090 ENTR_7                           ff952ff0 AR4ACTOBJS
ffba3120 ENTR_8                           ff953130 AR4TRACKINFO
ffba31b0 ENTR_9                           ff953820 AR4INIT
ffba4050 ENTR_APR                         ff953940 AR4TMAP
ffba1e00 ENTR_A                           ff993140 AR5ACTOBJS
ffba4290 ENTR_AUG                         ff993280 AR5TRACKINFO
ffba1e90 ENTR_B                           ff993e30 AR5INIT
ffba1d70 ENTR_BCK1                        ff994570 AR5TMAP
ffba1f20 ENTR_C                           ff9d3d70 AR6ACTOBJS
ffba1fb0 ENTR_D                           ff9d3eb0 AR6TRACKINFO
ffba44d0 ENTR_DEC                         ff9d4500 AR6INIT
ffba2040 ENTR_E                           ff9d45c0 AR6TMAP
ffba3f30 ENTR_FEB                         ffa13dc0 AR7ACTOBJS
ffba20d0 ENTR_F                           ffa13f00 AR7TRACKINFO
ffba2160 ENTR_G                           ffa14550 AR7INIT
ffba21f0 ENTR_H                           ffa14610 AR7TMAP
ffba2280 ENTR_I                           ffa53e90 AR8ACTOBJS
ffba3ea0 ENTR_JAN                         ffa53fd0 AR8TRACKINFO
ffba4200 ENTR_JUL                         ffa54620 AR8INIT
ffba4170 ENTR_JUN                         ffa546e0 AR8TMAP
ffba2310 ENTR_J                           ffad3930 prspctvBMOD
ffba23a0 ENTR_K                           ffad3b80 TITLEBMOD
ffba2430 ENTR_L                           ffad4be0 ARENA1BMOD
ffba24c0 ENTR_M                           ffad5b20 ARENA2BMOD
ffba3fc0 ENTR_MAR                         ffad6700 ARENA3BMOD
ffba40e0 ENTR_MAY                         ffad79e0 ARENA4BMOD
ffba2550 ENTR_N                           ffad9020 ARENA5BMOD
ffba4440 ENTR_NOV                         ffad9300 GHOST8BMOD
ffba43b0 ENTR_OCT                         ffada090 ARENA8BMOD
ffba25e0 ENTR_O                           ffada490 ARENA7BMOD
ffba2670 ENTR_P                           ffada7f0 WEAPONBMOD
ffba2700 ENTR_Q                           ffadab50 PLYRCARBMOD
ffba2790 ENTR_R                           ffadada0 HIGHSCRBMOD
ffba2820 ENTR_S                           ffadaf50 ENTERBMOD
ffba4320 ENTR_SEP                         ffadb570 WINBMOD
ffba28b0 ENTR_T                           ffadb600 PRSPCTV
ffba2940 ENTR_U                           ffadb690 ctvPALS
ffba29d0 ENTR_V                           ffadb6b0 MIDW_P
ffba2a60 ENTR_W                           ffadb7e0 FPALS
ffba2af0 ENTR_X                           ffadb820 MINE1_P
ffba2b80 ENTR_Y                           ffadc780 MINE2_P
ffba2c10 ENTR_Z                           ffadd690 MINE3_P
ffb77df0 ENT_P                            ffade580 MINE4_P
ff803790 EXEC_LP                          ffadf460 MINE5_P
ffb00400 EXISTP_ALL                       ffae0380 A1PALS
ffb9a3f0 EXPL_1                           ffae0420 WOODS1_P
ffb9a900 EXPL_10                          ffae13b0 WOODS4_P
ffb9a480 EXPL_2                           ffae2360 WOODS3_P
ffb9a510 EXPL_3                           ffae3310 WOODS5_P
ffb9a5a0 EXPL_4                           ffae4280 A2PALS
ffb9a630 EXPL_5                           ffae4340 HENGE1_P
ffb9a6c0 EXPL_6                           ffae5270 HENGE2_P
ffb9a750 EXPL_7                           ffae6210 HENGE4_P
ffb9a7e0 EXPL_8                           ffae71b0 HENGE5_P
ffb9a870 EXPL_9                           ffae8140 HENGE3_P
ffb36e00 FAC_SET                          ffae9100 A3PALS
ff824600 FEELRUNNER                       ffae91a0 RUINS1_P
01008000 FGLISTS                          ffaea150 RUINS4_P
0101ed10 FGPLANECT                        ffaeb0c0 RUINS3_P
ffafb300 FILBLOCK                         ffaec060 RUINS5_P
ffaf9c00 FILLAREA                         ffaed020 RUINS6_P
ffaf9c60 FILLAREA2                        ffaedfa0 RUINS2_P
ffb74750 FILLER_P                         ffaeef50 A4PALS
ffafb3c0 FILL_SCRN                        ffaef010 STADM5_P
ffafc050 FINDPAL                          ffaeffe0 STADM3_P
ff81af90 FINDPOWERUP                      ffaf0f80 STADM1_P
ffb4fa80 FIRE_p                           ffaf1f10 STADM2_P
ffb96610 FIR_1_1                          ffaf2ec0 A5PALS
ffb966a0 FIR_1_2                          ffaf2f60 GH6
ffb96730 FIR_1_3                          ffaf3550 T8PALS
ffb967c0 FIR_1_4                          ffaf3570 CARLT1_P
ffb96850 FIR_1_5                          ffaf44f0 CARLT3_P
ffb968e0 FIR_2_1                          ffaf5470 CARLT2_P
ffb96970 FIR_2_2                          ffaf6420 CARLT4_P
ffb96a00 FIR_2_3                          ffaf73d0 A8PALS
ffb96a90 FIR_2_4                          ffaf7450 TSTBKG_P
ffb96b20 FIR_2_5                          ffaf8450 A7PALS
ffb96bb0 FIR_3_1                          ffaf8470 SELCT1_P
ffb96c40 FIR_3_2                          ffaf8950 SELCT2_P
ffb96cd0 FIR_3_3                          ffaf8e90 SELCT3_P
ffb96d60 FIR_3_4                          ffaf9370 WEP_EXIT
ffb96df0 FIR_3_5                          ffaf93b0 ELPALS
ffb96e80 FIR_4_1                          ffaf9430 SELPALS
ffb96f10 FIR_4_2                          ffaf94b0 SCRPALS
ffb96fa0 FIR_4_3                          ffaf94d0 RPALS
ffb97030 FIR_4_4                          ffaf94f0 CRNPALS
ffb970c0 FIR_4_5                          ffaf9600 CLRPDATA
ffb97150 FIR_5_1                          ffaf9700 RANDOM
ffb971e0 FIR_5_2                          ffaf9700 RANDOMA0
ffb97270 FIR_5_3                          ffaf9800 RANDOMA2
ffb97300 FIR_5_4                          ffaf9900 RANDU
ffb97390 FIR_5_5                          ffaf9990 RAND0
ffb97420 FIR_6_1                          ffaf9a10 SRAND
ffb974b0 FIR_6_2                          ffaf9a90 RANGRAND
ffb97540 FIR_6_3                          ffaf9ae0 RANGERND
ffb975d0 FIR_6_4                          ffaf9b80 RANDPER
ffb97660 FIR_6_5                          ffaf9c00 FILLAREA
ffb976f0 FIR_7_1                          ffaf9c60 FILLAREA2
ffb97780 FIR_7_2                          ffaf9cc0 BLNKAREA
ffb97810 FIR_7_3                          ffaf9d30 BLNKAREA2
ffb978a0 FIR_7_4                          ffaf9e50 DRAWBOX
ffb97930 FIR_7_5                          ffafa120 DRAWBOX_OBJ
ffb979c0 FIR_8_1                          ffafa870 DTIME
ffb97a50 FIR_8_2                          ffafa8d0 DTIME2
ffb97ae0 FIR_8_3                          ffafaa90 DMAN
ffb97b70 FIR_8_4                          ffafaac0 DMAWPAL
ffb97c00 FIR_8_5                          ffafac10 DMAWAIT
ffb97c90 FIR_9_1                          ffafada0 DMAQWAIT
ffb97d20 FIR_9_2                          ffafb040 SCRCLR
ffb97db0 FIR_9_3                          ffafb160 SETPPROC
ffb97e40 FIR_9_4                          ffafb290 CLRBLOCK
ffb97ed0 FIR_9_5                          ffafb300 FILBLOCK
ffb53a30 FISH1_P                          ffafb3b0 CLR_SCRN
ffb9c490 FIVE                             ffafb3c0 FILL_SCRN
ffb95530 FLAG1                            ffafb590 CLRPLAY
ffb955c0 FLAG2                            ffafba00 CLR_0PALS
ffb95650 FLAG3                            ffafbb00 INC_PALCNT
ffb956e0 FLAG4                            ffafbc00 A_CHANGE_PAL
ffb95770 FLAG5                            ffafbc60 GET_PALID
ffb95800 FLAG6                            ffafbd80 CHANGE_PAL
ffb95890 FLAG7                            ffafbe90 CHANGE_PAL_MULTI
ffb95920 FLAG8                            ffafbf50 DELETE_PAL
ffb4ec70 FLAG_P                           ffafbfc0 DELPAL
ff826610 FLASHCARPAL                      ffafc050 FINDPAL
ff83ce60 FLASHPLBACKDEATH                 ffafc1e0 INIT_PAL
ff827a90 FLOATOBJ                         ffafc210 CLRPAL
ff866fc0 FLP_BUY_EQUIPMENT                ffafc460 GETFPAL
ff86e730 FLP_ENTER_INITIALS               ffafc960 FREEPAL
ff87c3f0 FLP_FLUFF1                       ffafcbe0 PALSET
ff87c420 FLP_FLUFF2                       ffafcd50 PALTRANS
ff8629d0 FLP_SELECT_CHARACTER             ffafd600 PALFXINIT
ff87a340 FLP_WIN_SCREEN                   ffafd8e0 PALCYCLEADD
ffbb9750 FONT150                          ffafdc90 PRCDSP
ffbb9360 FONT151                          ffafe070 PRCSLP
ffbb93d0 FONT152                          ffafe080 PRCLSP
ffbb9440 FONT153                          ffafe5d0 SUCIDE
ffbb94b0 FONT154                          ffafe860 PINIT
ffbb9520 FONT155                          ffafeac0 GETPPRC
ffbb9590 FONT156                          ffafeb60 GETPRC
ffbb9600 FONT157                          ffaff360 KILL
ffbb9670 FONT158                          ffaff7e0 KILLPROC_ALL
ffbb96e0 FONT159                          ffaff850 KILALL
ffb9c520 FONT_A                           ffb00400 EXISTP_ALL
ffb9c5b0 FONT_B                           ffb01480 ONESND
ffb9c640 FONT_C                           ffb01800 SNDPRC
ffb9c6d0 FONT_D                           ffb01fd0 SNDRES
ffb9c760 FONT_E                           ffb02440 QSNDRST
ffb9c7f0 FONT_F                           ffb02550 PRINTF
ffb9c880 FONT_G                           ffb02630 STRLNRM
ffb9c910 FONT_H                           ffb026a0 STRCNRM
ffb9c9a0 FONT_I                           ffb02710 STRCNRM2
ffb9ca30 FONT_J                           ffb02780 STRLNRM2
ffb9cac0 FONT_K                           ffb027e0 STRRNRM
ffb9cb50 FONT_L                           ffb02840 STRLNRMO
ffb9cbe0 FONT_M                           ffb028b0 STRCNRMO
ffb9cc70 FONT_N                           ffb02920 STRRNRMO
ffb9cd00 FONT_O                           ffb02990 STRLNC
ffb9cd90 FONT_P                           ffb029f0 STRCNC
ffb9ce20 FONT_Q                           ffb02a50 STRRNC
ffb9ceb0 FONT_R                           ffb02ab0 STRLNCF
ffb9cf40 FONT_S                           ffb02b10 STRRNCF
ffb9cfd0 FONT_T                           ffb02b70 STRLNCOF
ffb9d060 FONT_U                           ffb02be0 STRRNCOF
ffb9d0f0 FONT_V                           ffb02c50 STRCNCOF
ffb9d180 FONT_W                           ffb02d30 STRCNCO
ffb9d210 FONT_X                           ffb02da0 STRLNRMS
ffb9d2a0 FONT_Y                           ffb02e10 STRCNRMS
ffb9d330 FONT_Z                           ffb02e80 STRRNRMS
ffba5d90 FONZ1                            ffb02ef0 STRCNRMOS
ffba5e20 FONZ2                            ffb02f60 STRRNRMOS
ffba5eb0 FONZ3                            ffb04660 STRINGF
ffba5f40 FONZ4                            ffb06620 STRNGLEN
ffba5fd0 FONZ5                            ffb069a0 HEXTOASC
ffba6060 FONZ6                            ffb06eb0 HTOHXASC
ffba6600 FONZE                            ffb07920 L_MESS
ffb54980 FONZ_P                           ffb07a60 LM_SETUP
0114eaf0 FORCEDIP                         ffb07ab0 LM_FINIS
ffb364c0 FORM_ADC                         ffb07ac0 LM_PRINTF
ffb15a10 FORM_SWS                         ffb07b00 CLRTEXT
ffb79e50 FOR_B_P                          ffb07bc0 PROC_TEXT
ffb7ad70 FOR_G_P                          ffb07d70 DUMCRETS
ff833e40 FOURHITBACK                      ffb07da0 DUMCOLL
ff8858f0 FOURIMGTBL                       ffb07dd0 DUMPPRINT
ffb9c400 FOUR                             ffb07e40 DUMP_IT
ff833e20 FOURHITFRONT                     ffb081f0 SECURITY
ff833e30 FOURHITMID                       ffb08200 COLOR_START
ffb5b810 FOUR_P                           ffb08be0 CYCLE16
ffadb7e0 FPALS                            ffb09140 CYCLE1
ff811a80 FPSTFOBJ0                        ffb095f0 TVBP
ff80e890 FREEALLOBJS                      ffb09640 TVBPX
ff80ea80 FREEDISPLAYLIST                  ffb09720 ROMTRAP
ff811630 FREEOBJ                          ffb098d0 TVPATCH
01118a80 FREEPALCNT                       ffb09c10 TEXTPAL
ffafc960 FREEPAL                          ffb09c10 TVPATCHX
01118ab0 FREE                             ffb09ef0 T2FIXED
ffbcd9c0 FRENCH_1                         ffb0a090 DIAG
ffbcda10 FRENCH_2                         ffb0b110 DIGSRT
ffbcda60 FRENCH_3                         ffb0b780 CPU_RET
ffbcdab0 FRENCH_4                         ffb0bb60 BLASTMESS
ffbcd7c0 FRENCH_ELECTITLE                 ffb0e1d0 OCTO_AUDS
ffba6a80 FRSTPLAC                         ffb0fd70 GET_PLAYS
ffb9fdf0 FX4B_INFO                        ffb0ff70 SET_AVGWAVE
ffb9fe80 FX4G_INFO                        ffb11d70 ANY_BUT
ffb9ff10 FX4R_INFO                        ffb11df0 WAIT_BUT
ffb36690 F_ADC_S                          ffb12100 CKTEST
ff817840 GAMEOVER                         ffb12250 CKDIAG
010fcaf0 GAMERASE                         ffb12aa0 MENU_TOP
0114ed20 GAMEUNITS                        ffb12de0 SCR_REV_OBJ
010fcab0 GAME_STATE                       ffb12ff0 SCR_BOX_OBJ
ff80f980 GANIOF                           ffb132b0 COL_INST
ffba60f0 GARTH1                           ffb13580 BEEP_1
ffba6180 GARTH2                           ffb13600 UHOH
ffba6210 GARTH3                           ffb13760 B_MENU
ffba62a0 GARTH4                           ffb155f0 ST_STICK
ffba6330 GARTH5                           ffb15670 GETSTICK
ffba63c0 GARTH6                           ffb15a10 FORM_SWS
ffba6450 GARTH7                           ffb16ff0 STD_BORD
ffba64e0 GARTH8                           ffb17210 BLNKHELP
ffba6690 GARTH                            ffb17360 P_FORK
ffb55930 GARTH_P                          ffb17400 H_SLAVE
ffb75710 GBODY_P                          ffb18a10 MESS_TITLE
01105ee0 GCOLLIST                         ffb1ac70 ROM_NAME
ff815190 GCOLWATCHER                      ffb1b330 M_CALIBRATE
ff829730 GENAOBJLIST                      ffb1ba00 MESS_DRIVER
ff829eb0 GENAOBJLISTX                     ffb1bf40 MESS_MM
ffbcd880 GERMAN_1                         ffb224f0 POWERCMOS
ffbcd8d0 GERMAN_2                         ffb24960 BURNIN
ffbcd920 GERMAN_3                         ffb24b70 DIAGCPUTEST
ffbcd970 GERMAN_4                         ffb27a20 POWERTST
ffbcd820 GERMAN_ELECTITLE                 ffb283a0 CONV_PLOT
ff825910 GETAFARG_LONG                    ffb285e0 COLORBAR
ffafc460 GETFPAL                          ffb28ae0 DIPTEST
ff84cda0 GETINPDATA                       ffb2a020 CHECKDIPFREE
ff8107e0 GETOBJ                           ffb2a780 READ_DIP
ffafeac0 GETPPRC                          ffb2a9e0 SWITCHTEST
ffafeb60 GETPRC                           ffb343c0 INITCOLR
ff841ae0 GETSCALE                         ffb344a0 POINT
ffb15670 GETSTICK                         ffb34570 RECTANGLE
ffb36770 GET_ADJ                          ffb34670 HVLINE
ffb35e40 GET_AUD                          ffb34840 STRING
ff8774c0 GET_BUTTON_CHECKSUM              ffb34b50 STRINGCENTER
ffb412a0 GET_CSPT                         ffb34d30 CIRCLE
ffafbc60 GET_PALID                        ffb35680 DSCRCLR
ffb0fd70 GET_PLAYS                        ffb35e40 GET_AUD
ff813a10 GET_SCRNREL                      ffb35f80 STORE_AUDIT
ffaf2f60 GH6                              ffb36080 CLR_AUDR
ffad9300 GHOST8BMOD                       ffb36170 KILL_AUD
ffb417a0 GO_ADJ                           ffb36220 AUD
010fcb10 GRAMEND                          ffb36330 AUD1
ff8058c0 GRAMINIT                         ffb363b0 CLR_AUD
010fcac0 GRAMSTRT                         ffb36460 CMOS_VAL
ffb5fb30 GRMAN_P                          ffb364c0 FORM_ADC
ff8088a0 GSAGOF                           ffb36690 F_ADC_S
ffba1470 GSEL_INSTR                       ffb36770 GET_ADJ
ffb9c1c0 G_3                              ffb36900 PUT_ADJ
ffba1620 G_BODY2                          ffb36ca0 ADJ_PAGE
ffba1110 G_BODY                           ffb36d40 DEF_PAGE
ffb9f970 G_INSTR                          ffb36e00 FAC_SET
ff861e80 HANDLEDRONE                      ffb37100 CMOSUNLOCK
ffb8f910 HEALTH_1                         ffb37140 CMOSLOCK
ffb8f9a0 HEALTH_2                         ffb37180 DUMP_FS
ffb8fa30 HEALTH_3                         ffb37310 ADD_DUMP
ffae4340 HENGE1_P                         ffb377a0 SET_PAGE
ffae5270 HENGE2_P                         ffb37920 RC_BYTE
ffae8140 HENGE3_P                         ffb37970 WC_BYTE
ffae6210 HENGE4_P                         ffb379c0 RC_BYTEI
ffae71b0 HENGE5_P                         ffb37a20 RC_WORD
ffb069a0 HEXTOASC                         ffb37ba0 RC_LONG
ffadada0 HIGHSCRBMOD                      ffb37cc0 RC_LONGI
ff8462d0 HITCARTOPO                       ffb37d20 WC_BYTEI
01105ea0 HITLIST                          ffb37d70 WC_WORD
ff835a20 HITTESTCARS                      ffb37e30 WC_WORDI
ff8363a0 HITTESTMISC                      ffb37e80 WC_LONG
ff835da0 HITTESTOBJS                      ffb37f40 WC_LONGI
01108200 HOLDGAME                         ffb38010 DISPDUMP
ff8780f0 HORZ_ALIGN_STRING                ffb39750 COUNTER_ON
ff818030 HSTD_ENTRY_POINT                 ffb39760 COUNTER_OFF
ffb06eb0 HTOHXASC                         ffb3a580 CAT_A0
ffb34670 HVLINE                           ffb3a640 STRCAT
ffb17400 H_SLAVE                          ffb3a700 CRED_STRING
ff805b10 IAUTOE                           ffb3a7b0 CHECKFREE
ffba5c70 ICN_HEAL                         ffb3a820 SCOIN
ffba5b50 ICN_MINE                         ffb3aa10 XCOIN
ffba5a30 ICN_MISS                         ffb3aa90 LCOIN
ffba5ac0 ICN_SPEC                         ffb3ab10 CCOIN
ffba5be0 ICN_TURB                         ffb3ab90 RCOIN
ffb79c10 ICONB_P                          ffb3be10 CRED_P
ffb79cd0 ICONG_P                          ffb3c6b0 NO_CREDS
ff825d00 ICONLANDS                        ffb3c7a0 CR_BOTH
ffb79d90 ICONR_P                          ffb3ca00 CR_STRTP
ffb8f250 ICONS                            ffb3cba0 CR_CONTP
ff805fb0 IDATAEND                         ffb3cd40 P_START
0000001c IDATALEN                         ffb3cea0 P_CONT
ff82b660 IMAGEROMSIZETBL                  ffb3d120 TIMEINIT
ffb8c820 IMG2X                            ffb3d130 TIMEINT
ffbb2110 IMG3X                            ffb3d490 COININT
ffba5d00 IMG4X                            ffb3dc20 SLAM
ffbb0a00 IMG5X                            ffb3ddb0 DICT_LOOKUP
ffafbb00 INC_PALCNT                       ffb3f610 SYSFONT
01105f00 INDATA                           ffb412a0 GET_CSPT
011064a0 INDATAX                          ffb414b0 BINBCD
ffba0150 INFO_COVR                        ffb417a0 GO_ADJ
ffb6a090 INFO_P                           ffb44ce0 TAMPEREDP
ff841510 INITARENASCALE                   ffb44d80 CKDIP
ffb343c0 INITCOLR                         ffb44db0 SET_COIN_ADJ
ff805df0 INITDATA                         ffb453f0 DO_ADJH
ff80eb20 INITDISPLAYLISTS                 ffb46d10 etext
ff80e600 INITDMAQ                         ffb46d10 .data
ff821d00 INITDRDATA                       ffb46d10 TEST_P
ff84be00 INITINPUT                        ffb46d60 MINER_P
ff821ee0 INITOBJINITRAM                   ffb46e70 MINEG_P
ff821cb0 INITONETIME                      ffb46f80 MINEB_P
ff88c8f0 INITSND                          ffb47090 MINEY_P
ff8560c0 INITSPECMOVE                     ffb471a0 SHOT_P
ff845f30 INITTOPO                         ffb47230 BARREL_P
ffafc1e0 INIT_PAL                         ffb481e0 CONR_P
ff811d60 INSANI                           ffb491b0 MISLR_P
ff810dd0 INSBOBJ                          ffb49670 MISLG_P
ff810cc0 INSERT_OBJ                       ffb49b30 MISLB_P
ff810e70 INSOBJ                           ffb49ff0 MISLN_P
ff810e30 INSPLANE                         ffb4a4b0 MISR_P
ffb69990 INSTR_P                          ffb4af80 MISG_P
ffb9fa90 INST_COIN                        ffb4ba50 MISB_P
ff812a00 INSVLIST                         ffb4c520 MISN_P
ffba4680 INT_ENTR                         ffb4cff0 MISD_P
ffba47a0 INT_SPC                          ffb4dac0 RING_P
01018800 IN_ANIM                          ffb4daf0 MINE_P
010fca90 IRQSKYE                          ffb4dcf0 JOEMISC_P
ff81aea0 ISCAROBJ                         ffb4ec70 FLAG_P
ffb9fbb0 IS_FREE                          ffb4f460 CONE_P
ff810690 IsAnObj                          ffb4f870 SPRK_P
01108210 J64Q                             ffb4f970 SMK_P
ffb6f7d0 JHAT_P                           ffb4fa80 FIRE_p
ff821510 JLOCKED                          ffb50a80 CLOUD_P
ffb4dcf0 JOEMISC_P                        ffb51a80 BOOM_P
ffb70760 JSHRT_P                          ffb52a30 CHROME_P
ffb71710 JSKIN_P                          ffb53a30 FISH1_P
ff81e5a0 JUMPCARINP                       ffb54980 FONZ_P
ffaff850 KILALL                           ffb55930 GARTH_P
ff81c990 KILLCAR                          ffb568d0 CHIP_P
ffaff7e0 KILLPROC_ALL                     ffb57840 SQUID_P
ff805390 KILL_DESTRUCTIBLES               ffb58640 SELBOX_P
ffaff360 KILL                             ffb595c0 WINBOX_P
ffb36170 KILL_AUD                         ffb599d0 WINFNT_P
ff8145f0 KILOBJ                           ffb59ae0 TROPHY_P
ff814580 KILOBJ_ALL                       ffb5aa70 CHEVY_P
ffba0540 KILRL1                           ffb5b810 FOUR_P
ffba05d0 KILRL2                           ffb5c7d0 SEMI_P
ffba0660 KILRW1                           ffb5d750 BMW_P
ffba06f0 KILRW2                           ffb5e6e0 LOGO
011065c0 LAPCHECKPOINTS                   ffb5eaa0 SMOK_P
011065d0 LAPSTOWIN                        ffb5eb10 DIRTM_P
0114ea30 LASTCOLOR                        ffb5eb80 TURBO3
01118b30 LASTPROC                         ffb5ec00 BLMAN_P
ffb3aa90 LCOIN                            ffb5fb30 GRMAN_P
ffb9a360 LGBOOM10                         ffb60a60 RDMAN_P
ffb99e50 LGBOOM1                          ffb61990 YLMAN_P
ffb99ee0 LGBOOM2                          ffb628c0 SCRFNT_P
ffb99f70 LGBOOM3                          ffb62c20 SCOR_B_P
ffb9a000 LGBOOM4                          ffb638f0 DUXPAL
ffb9a090 LGBOOM5                          ffb639b0 WATER_P
ffb9a120 LGBOOM6                          ffb64960 WOODS6_P
ffb9a1b0 LGBOOM7                          ffb658c0 WOODS2_P
ffb9a240 LGBOOM8                          ffb66850 STADM6_P
ffb9a2d0 LGBOOM9                          ffb67810 ARENA1_P
ffba0300 LG_BBACK                         ffb68160 WEP_DET
ffba01e0 LG_GBACK                         ffb68930 WEP_SEL
ffba0420 LG_RBACK                         ffb68af0 W_INFO_P
ff880870 LMINEDETONATE                    ffb68f40 COVER_P
ff87d5f0 LMINEPICKUP                      ffb69780 S_BOX_P
ffb07ab0 LM_FINIS                         ffb69990 INSTR_P
ffb07ac0 LM_PRINTF                        ffb6a090 INFO_P
ffb07a60 LM_SETUP                         ffb6a100 BGRND_P
ffb5e6e0 LOGO                             ffb6a9b0 SBODY_P
ffba18f0 LOSR_1                           ffb6b930 SSKIN_P
ffba1980 LOSR_2                           ffb6c8c0 TFLNL_P
ffb07920 L_MESS                           ffb6d860 TSKIN_P
ff8014d0 MAIN_GO                          ffb6e810 TSHRT_P
ff804540 MAIN_INIT                        ffb6f7d0 JHAT_P
ff807240 MAKEBACKGROUND                   ffb70760 JSHRT_P
ff806700 MAKEFOREGROUND                   ffb71710 JSKIN_P
ff826f40 MAKEOBJANIM                      ffb71890 SMKILR_P
ff823d90 MAKESHADMULTI                    ffb727f0 SMCRSH_P
ff8073b0 MAKESHADOWS                      ffb73790 SMOUTL_P
ff88cb50 MAKESND                          ffb74750 FILLER_P
ff828b00 MAKETOSCORE                      ffb75710 GBODY_P
ffb12aa0 MENU_TOP                         ffb75cf0 BBODY_P
ffbc05f0 MEN_ADJ                          ffb761c0 RBODY_P
ffb1ba00 MESS_DRIVER                      ffb76dc0 BODY_P
ffb1bf40 MESS_MM                          ffb77d80 TF1
ffb18a10 MESS_TITLE                       ffb77db0 WINR_P
ffadb6b0 MIDW_P                           ffb77df0 ENT_P
ffb8c940 MINE1                            ffb78340 ENTFONT_P
ffb8ce50 MINE10                           ffb78410 SCORB_P
ffb8cee0 MINE11                           ffb78810 SCORR_P
ffb8cf70 MINE12                           ffb78c10 SCORG_P
ffb8d000 MINE13                           ffb79010 SCORY_P
ffb8d090 MINE14                           ffb79410 EMPTY_P
ffadb820 MINE1_P                          ffb79810 MONEY_P
ffadc780 MINE2_P                          ffb79c10 ICONB_P
ffb8c9d0 MINE2                            ffb79cd0 ICONG_P
ffadd690 MINE3_P                          ffb79d90 ICONR_P
ffb8ca60 MINE3                            ffb79e50 FOR_B_P
ffade580 MINE4_P                          ffb7ad70 FOR_G_P
ffb8caf0 MINE4                            ffb7bc90 PU_R_P
ffb8cb80 MINE5                            ffb7cc90 PU_GR_P
ffadf460 MINE5_P                          ffb7dc90 PU_B_P
ffb8cc10 MINE6                            ffb7ec90 PU_GY_P
ffb8cca0 MINE7                            ffb7fc90 PU_O_P
ffb95380 MINE                             ffb80c90 PU_Y_P
ffb8cd30 MINE8                            ffb81c90 DIRT_A1
ffb8cdc0 MINE9                            ffb81d20 DIRT_A2
ffb46f80 MINEB_P                          ffb81db0 DIRT_A3
ffb46e70 MINEG_P                          ffb81e40 DIRT_A4
ffb46d60 MINER_P                          ffb81ed0 DIRT_A5
ffb47090 MINEY_P                          ffb81f60 DIRT_A6
ffb4daf0 MINE_P                           ffb81ff0 DIRT_BC1
ffb9e5c0 MIN_DTAIL                        ffb82080 DIRT_BC2
ffb9e650 MIN_DTAIL2                       ffb82110 DIRT_BC3
ffb9ed10 MIN_SEL                          ffb821a0 DIRT_BC4
ff84b3b0 MISBLOWUPTBL                     ffb82230 DIRT_BC5
ff84b418 MISBLOWUPTBLX                    ffb822c0 DIRT_BC6
ffb4ba50 MISB_P                           ffb82350 DIRT_DE1
ffba7140 MISCa_1                          ffb823e0 DIRT_DE2
ffba71d0 MISCa_2                          ffb82470 DIRT_DE3
ffba7260 MISCa_3                          ffb82500 DIRT_DE4
ffba72f0 MISCa_4                          ffb82590 DIRT_DE5
ffba7380 MISCa_5                          ffb82620 DIRT_DE6
ffba7410 MISCa_6                          ffb826b0 DCHUNK_A1
ffba74a0 MISCb_1                          ffb82740 DCHUNK_A2
ffba7530 MISCb_2                          ffb827d0 DCHUNK_A3
ffba75c0 MISCb_3                          ffb82860 DCHUNK_A4
ffba7650 MISCb_4                          ffb828f0 DCHUNK_A5
ffba76e0 MISCb_5                          ffb82980 DCHUNK_A6
ffba7770 MISCb_6                          ffb82a10 DCHUNK_A7
ffba7800 MISCb_7                          ffb82aa0 DCHUNK_A8
ffba7890 MISCb_8                          ffb82b30 DCHUNK_A9
ffba7920 MISCb_9                          ffb82bc0 DCHUNK_B1
ff87cff0 MISDETONATEALL                   ffb82c50 DCHUNK_B2
ff87d0f0 MISDETONATETARGET                ffb82ce0 DCHUNK_B3
ffb4cff0 MISD_P                           ffb82d70 DCHUNK_B4
ff880e00 MISFFPROC                        ffb82e00 DCHUNK_B5
ff87cb00 MISFINDLOCKCLOSEST               ffb82e90 DCHUNK_B6
ffb4af80 MISG_P                           ffb82f20 DCHUNK_B7
ff8818f0 MISIMAGES                        ffb82fb0 DCHUNK_B8
ffb8fe20 MISL01A                          ffb83040 DCHUNK_B9
ffb8feb0 MISL01B                          ffb830d0 DCHUNK_B10
ffb8ff40 MISL01C                          ffb83160 SMKPUFF1
ffb8ffd0 MISL02A                          ffb831f0 SMKPUFF2
ffb90060 MISL02B                          ffb83280 SMKPUFF3
ffb900f0 MISL02C                          ffb83310 SMKPUFF4
ffb90180 MISL03A                          ffb833a0 SMKPUFF5
ffb90210 MISL03B                          ffb83430 SMKPUFF6
ffb902a0 MISL03C                          ffb834c0 SMKPUFF7
ffb90330 MISL04A                          ffb83550 TURB_A1
ffb903c0 MISL04B                          ffb835e0 TURB_A2
ffb90450 MISL04C                          ffb83670 TURB_A3
ffb904e0 MISL05A                          ffb83700 TURB_A4
ffb90570 MISL05B                          ffb83790 TURB_A5
ffb90600 MISL05C                          ffb83820 TURB_A6
ffb90690 MISL06A                          ffb838b0 TURB_B1
ffb90720 MISL06B                          ffb83940 TURB_B2
ffb907b0 MISL06C                          ffb839d0 TURB_B3
ffb90840 MISL07A                          ffb83a60 TURB_B4
ffb908d0 MISL07B                          ffb83af0 TURB_B5
ffb90960 MISL07C                          ffb83b80 TURB_B6
ffb909f0 MISL08A                          ffb83c10 TURB_C1
ffb90a80 MISL08B                          ffb83ca0 TURB_C2
ffb90b10 MISL08C                          ffb83d30 TURB_C3
ffb90ba0 MISL09A                          ffb83dc0 TURB_C4
ffb90c30 MISL09B                          ffb83e50 TURB_C5
ffb90cc0 MISL09C                          ffb83ee0 TURB_C6
ffb90d50 MISL10A                          ffb83f70 TURB_D1
ffb90de0 MISL10B                          ffb84000 TURB_D2
ffb90e70 MISL10C                          ffb84090 TURB_D3
ffb90f00 MISL11A                          ffb84120 TURB_D4
ffb90f90 MISL11B                          ffb841b0 TURB_D5
ffb91020 MISL11C                          ffb84240 TURB_D6
ffb910b0 MISL12A                          ffb842d0 TURB_E1
ffb91140 MISL12B                          ffb84360 TURB_E2
ffb911d0 MISL12C                          ffb843f0 TURB_E3
ffb91260 MISL13A                          ffb84480 TURB_E4
ffb912f0 MISL13B                          ffb84510 TURB_E5
ffb91380 MISL13C                          ffb845a0 TURB_E6
ffb91410 MISL14A                          ffb84630 TURB_F1
ffb914a0 MISL14B                          ffb846c0 TURB_F2
ffb91530 MISL14C                          ffb84750 TURB_F3
ffb915c0 MISL15A                          ffb847e0 TURB_F4
ffb91650 MISL15B                          ffb84870 TURB_F5
ffb916e0 MISL15C                          ffb84900 TURB_F6
ffb91770 MISL16A                          ffb84990 TURB_G1
ffb91800 MISL16B                          ffb84a20 TURB_G2
ffb91890 MISL16C                          ffb84ab0 TURB_G3
ffb91920 MISL17A                          ffb84b40 TURB_G4
ffb919b0 MISL17B                          ffb84bd0 TURB_G5
ffb91a40 MISL17C                          ffb84c60 TURB_G6
ffb91ad0 MISL18A                          ffb84cf0 muff1
ffb91b60 MISL18B                          ffb84d80 muff2
ffb91bf0 MISL18C                          ffb84e10 muff3
ffb91c80 MISL19A                          ffb84ea0 muff4
ffb91d10 MISL19B                          ffb84f30 muff5
ffb91da0 MISL19C                          ffb84fc0 muff6
ffb91e30 MISL20A                          ffb85050 muff7
ffb91ec0 MISL20B                          ffb850e0 muff8
ffb91f50 MISL20C                          ffb85170 muff9
ffb91fe0 MISL21A                          ffb85200 muff10
ffb92070 MISL21B                          ffb85290 pist1
ffb92100 MISL21C                          ffb85320 pist2
ffb92190 MISL22A                          ffb853b0 pist3
ffb92220 MISL22B                          ffb85440 pist4
ffb922b0 MISL22C                          ffb854d0 pist5
ffb92340 MISL23A                          ffb85560 pist6
ffb923d0 MISL23B                          ffb855f0 pist7
ffb92460 MISL23C                          ffb85680 dice1
ffb924f0 MISL24A                          ffb85710 dice2
ffb92580 MISL24B                          ffb857a0 dice3
ffb92610 MISL24C                          ffb85830 dice4
ffb926a0 MISL25A                          ffb858c0 dice5
ffb92730 MISL25B                          ffb85950 dice6
ffb927c0 MISL25C                          ffb859e0 dice7
ffb92850 MISL26A                          ffb85a70 seatA1
ffb928e0 MISL26B                          ffb85b00 seatA2
ffb92970 MISL26C                          ffb85b90 seatA3
ffb92a00 MISL27A                          ffb85c20 seatA4
ffb92a90 MISL27B                          ffb85cb0 seatA5
ffb92b20 MISL27C                          ffb85d40 seatA6
ffb92bb0 MISL28A                          ffb85dd0 seatA7
ffb92c40 MISL28B                          ffb85e60 seatA8
ffb92cd0 MISL28C                          ffb85ef0 seatB1
ffb92d60 MISL29A                          ffb85f80 seatB2
ffb92df0 MISL29B                          ffb86010 seatB3
ffb92e80 MISL29C                          ffb860a0 seatB4
ffb92f10 MISL30A                          ffb86130 seatB5
ffb92fa0 MISL30B                          ffb861c0 seatB6
ffb93030 MISL30C                          ffb86250 seatB7
ffb930c0 MISL31A                          ffb862e0 seatB8
ffb93150 MISL31B                          ffb86370 seatB9
ffb931e0 MISL31C                          ffb86400 carbur1
ffb93270 MISL32A                          ffb86490 carbur2
ffb93300 MISL32B                          ffb86520 carbur3
ffb93390 MISL32C                          ffb865b0 carbur4
ffb93420 MISL33A                          ffb86640 carbur5
ffb934b0 MISL33B                          ffb866d0 carbur6
ffb93540 MISL33C                          ffb86760 carbur7
ff87d2b0 MISLAUNCH                        ffb867f0 carbur8
ffb93730 MISLB_3                          ffb86880 steer1
ffb49b30 MISLB_P                          ffb86910 steer2
ffb93890 MISLD_5                          ffb869a0 steer3
ffb93680 MISLG_2                          ffb86a30 steer4
ffb49670 MISLG_P                          ffb86ac0 steer5
ffb937e0 MISLN_4                          ffb86b50 steer6
ffb49ff0 MISLN_P                          ffb86be0 steer7
ffb935d0 MISLR_1                          ffb86c70 steer8
ffb491b0 MISLR_P                          ffb86d00 steer9
ffb93c00 MISL_10                          ffb86d90 steer10
ffb93cb0 MISL_11                          ffb86e20 bumperA1
ffb93d60 MISL_12                          ffb86eb0 bumperA2
ffb93e10 MISL_13                          ffb86f40 bumperA3
ffb93ec0 MISL_14                          ffb86fd0 bumperA4
ffb93f70 MISL_15                          ffb87060 bumperA5
ffb94020 MISL_16                          ffb870f0 bumperA6
ffb940d0 MISL_17                          ffb87180 bumperA7
ffb94180 MISL_18                          ffb87210 bumperA8
ffb94230 MISL_19                          ffb872a0 bumperB1
ffb942e0 MISL_20                          ffb87330 bumperB2
ffb94390 MISL_21                          ffb873c0 bumperB3
ffb94440 MISL_22                          ffb87450 bumperB4
ffb944f0 MISL_23                          ffb874e0 bumperB5
ffb945a0 MISL_24                          ffb87570 bumperB6
ffb94650 MISL_25                          ffb87600 bumperB7
ffb94700 MISL_26                          ffb87690 distrbA1
ffb947b0 MISL_27                          ffb87720 distrbA2
ffb94860 MISL_28                          ffb877b0 distrbA3
ffb94910 MISL_29                          ffb87840 distrbA4
ffb949c0 MISL_30                          ffb878d0 distrbA5
ffb94a70 MISL_31                          ffb87960 distrbA6
ffb94b20 MISL_32                          ffb879f0 distrbA7
ffb94bd0 MISL_33                          ffb87a80 distrbB1
ffb93940 MISL_6                           ffb87b10 distrbB2
ffb939f0 MISL_7                           ffb87ba0 distrbB3
ffb93aa0 MISL_8                           ffb87c30 distrbB4
ffb94c80 MISL_8_34                        ffb87cc0 distrbB5
ffb93b50 MISL_9                           ffb87d50 distrbB6
ffb94d30 MISL_9_35                        ffb87de0 distrbB7
ffb4c520 MISN_P                           ffb87e70 distrbB8
ff87d550 MISPICKUP                        ffb87f00 belt1
ffb4a4b0 MISR_P                           ffb87f90 belt2
ffb8f760 MISSILE_1                        ffb88020 belt3
ffb8f7f0 MISSILE_2                        ffb880b0 belt4
ffb8f880 MISSILE_3                        ffb88140 belt5
ffb9e770 MIS_DTAIL2                       ffb881d0 belt6
ffb9e6e0 MIS_DTAIL                        ffb88260 thingA1
ffb9ec80 MIS_SEL                          ffb882f0 thingA2
ffb8f640 MONEY100K                        ffb88380 thingA3
ffb8f2e0 MONEY1K                          ffb88410 thingA4
ffba5490 MONEY                            ffb884a0 thingA5
ffb8f400 MONEY10K                         ffb88530 thingA6
ffb8f6d0 MONEY150K                        ffb885c0 thingA7
ffb8f490 MONEY20K                         ffb88650 thingA8
ffb8f520 MONEY50K                         ffb886e0 thingB1
ffb8f370 MONEY5K                          ffb88770 thingB2
ffb8f5b0 MONEY75K                         ffb88800 thingB3
ffb8fc70 MONEYBAG_1                       ffb88890 thingB4
ffb8fd00 MONEYBAG_2                       ffb88920 thingB5
ffb8fd90 MONEYBAG_3                       ffb889b0 thingB6
ff82add0 MONEYPICKUPTBLX                  ffb88a40 thingB7
ff82a9c0 MONEYPICKUPTBL                   ffb88ad0 thingB8
ffb79810 MONEY_P                          ffb88b60 mirror1
ff82b660 MOVINGPARTTBLX                   ffb88bf0 mirror2
ff82b640 MOVINGPARTTBL                    ffb88c80 mirror3
ffb1b330 M_CALIBRATE                      ffb88d10 mirror4
010f9b90 NOAUTOE                          ffb88da0 mirror5
ff81e4f0 NOCONTROLCARINP                  ffb88e30 mirror6
010fa110 NOPGFLIP                         ffb88ec0 mirror7
ff81dd20 NORMINPHANDLER                   ffb88f50 mirror8
ffb3c6b0 NO_CREDS                         ffb88fe0 ftpedal1
ffb9fb20 NXT_GAME                         ffb89070 ftpedal2
010fca40 NewAECol                         ffb89100 ftpedal3
ff83a490 OBJ2OBJDIR                       ffb89190 ftpedal4
011072e0 OBJIHDRRAM                       ffb89220 ftpedal5
ff82b140 OBJINITAOVEL                     ffb892b0 ftpedal6
ff82aec0 OBJINITBG                        ffb89340 ftpedal7
ff82ae20 OBJINITBLANK                     ffb893d0 ftpedal8
ff82b0a0 OBJINITBLANKAO                   ffb89460 sparkA1
ff82b500 OBJINITCARFIRE                   ffb894f0 sparkA2
ff82b320 OBJINITDEADMISL                  ffb89580 sparkA3
ff82b280 OBJINITDEATHBOOM                 ffb89610 sparkA4
ff82b1e0 OBJINITDEFMISL                   ffb896a0 sparkA5
ff82b460 OBJINITFF                        ffb89730 sparkA6
ff82b3c0 OBJINITLMINE                     ffb897c0 sparkA7
ff82b000 OBJINITMISSILE                   ffb89850 sparkA8
01107240 OBJINITRAMAO                     ffb898e0 sparkB1
01107060 OBJINITRAMAOVEL                  ffb89970 sparkB2
01106fc0 OBJINITRAM                       ffb89a00 sparkB3
011071a0 OBJINITRAMBG                     ffb89a90 sparkB4
01107370 OBJINITRAMMISSILE                ffb89b20 sparkB5
01107100 OBJINITRAMSPAWN                  ffb89bb0 sparkB6
ff82b5a0 OBJINITRUNNER                    ffb89c40 sparkB7
ff82af60 OBJINITSPAWN                     ffb89cd0 sparkB8
ff83a810 OBJOBJDIR32                      ffb89d60 tireA1
ffb0e1d0 OCTO_AUDS                        ffb89df0 tireA2
0114ed50 OCTO_FLAG                        ffb89e80 tireA3
0101edc0 OFREECNT                         ffb89f10 tireA4
ff80fd90 OINIT                            ffb89fa0 tireA5
ffb9c250 ONE                              ffb8a030 tireA6
ffb01480 ONESND                           ffb8a0c0 tireA7
ffba0ae0 OUTLL1                           ffb8a150 tireA8
ffba0b70 OUTLL2                           ffb8a1e0 tireB1
ffba0c00 OUTLL3                           ffb8a270 tireB2
[...]
ffb881d0 belt6                            ffba6f90 PBMW
ffb86e20 bumperA1                         ffba7020 RKILL
ffb86eb0 bumperA2                         ffba70b0 RKILL2
ffb86f40 bumperA3                         ffba7140 MISCa_1
ffb86fd0 bumperA4                         ffba71d0 MISCa_2
ffb87060 bumperA5                         ffba7260 MISCa_3
ffb870f0 bumperA6                         ffba72f0 MISCa_4
ffb87180 bumperA7                         ffba7380 MISCa_5
ffb87210 bumperA8                         ffba7410 MISCa_6
ffb872a0 bumperB1                         ffba74a0 MISCb_1
ffb87330 bumperB2                         ffba7530 MISCb_2
ffb873c0 bumperB3                         ffba75c0 MISCb_3
ffb87450 bumperB4                         ffba7650 MISCb_4
ffb874e0 bumperB5                         ffba76e0 MISCb_5
ffb87570 bumperB6                         ffba7770 MISCb_6
ffb87600 bumperB7                         ffba7800 MISCb_7
ffb86400 carbur1                          ffba7890 MISCb_8
ffb86490 carbur2                          ffba7920 MISCb_9
ffb86520 carbur3                          ffba79b0 PU_A_001
ffb865b0 carbur4                          ffba7b10 PU_A_002
ffb86640 carbur5                          ffba7c70 PU_A_003
ffb866d0 carbur6                          ffba7dd0 PU_A_004
ffb86760 carbur7                          ffba7f30 PU_A_005
ffb867f0 carbur8                          ffba8090 PU_A_006
ffb9e260 cloud1                           ffba81f0 PU_A_007
ffb959b0 cone1                            ffba8350 PU_A_008
ffb95ec0 cone10                           ffba84b0 PU_A_009
ffb95f50 cone11                           ffba8610 PU_A_010
ffb95a40 cone2                            ffba8770 PU_A_011
ffb95ad0 cone3                            ffba88d0 PU_A_012
ffb95b60 cone4                            ffba8a30 PU_A_013
ffb95bf0 cone5                            ffba8b90 PU_A_014
ffb95c80 cone6                            ffba8cf0 PU_A_015
ffb95d10 cone7                            ffba8e50 PU_A_016
ffb95da0 cone8                            ffba8fb0 PU_A_017
ffb95e30 cone9                            ffba9110 PU_B_018
ffadb690 ctvPALS                          ffba91a0 PU_B_019
ffb85680 dice1                            ffba9230 PU_B_020
ffb85710 dice2                            ffba92c0 PU_B_021
ffb857a0 dice3                            ffba9350 PU_B_022
ffb85830 dice4                            ffba93e0 PU_B_023
ffb858c0 dice5                            ffba9470 PU_B_024
ffb85950 dice6                            ffba9500 PU_B_025
ffb859e0 dice7                            ffba9590 PU_B_026
ffb87690 distrbA1                         ffba9620 PU_B_027
ffb87720 distrbA2                         ffba96b0 PU_B_028
ffb877b0 distrbA3                         ffba9740 PU_B_029
ffb87840 distrbA4                         ffba97d0 PU_B_030
ffb878d0 distrbA5                         ffba9860 PU_B_031
ffb87960 distrbA6                         ffba98f0 PU_B_032
ffb879f0 distrbA7                         ffba9980 PU_B_033
ffb87a80 distrbB1                         ffba9a10 PU_B_034
ffb87b10 distrbB2                         ffba9aa0 PU_C_035
ffb87ba0 distrbB3                         ffba9b30 PU_C_036
ffb87c30 distrbB4                         ffba9bc0 PU_C_037
ffb87cc0 distrbB5                         ffba9c50 PU_C_038
ffb87d50 distrbB6                         ffba9ce0 PU_C_039
ffb87de0 distrbB7                         ffba9d70 PU_C_040
ffb87e70 distrbB8                         ffba9e00 PU_C_041
ffbd26b0 edata                            ffba9e90 PU_C_042
0114ef40 end                              ffba9f20 PU_C_043
ffb46d10 etext                            ffba9fb0 PU_C_044
ffb8b1a0 filter1                          ffbaa040 PU_C_045
ffb8b230 filter2                          ffbaa0d0 PU_C_046
ffb8b2c0 filter3                          ffbaa160 PU_C_047
ffb8b350 filter4                          ffbaa1f0 PU_C_048
ffb8b3e0 filter5                          ffbaa280 PU_C_049
ffb8b470 filter6                          ffbaa310 PU_C_050
ffb9bb00 fishy10                          ffbaa3a0 PU_C_051
ffb9bb90 fishy11                          ffbaa430 PU_D_052
ffb9bc20 fishy12                          ffbaa4c0 PU_D_053
ffb9bcb0 fishy13                          ffbaa550 PU_D_054
ffb9bd40 fishy14                          ffbaa5e0 PU_D_055
ffb9bdd0 fishy15                          ffbaa670 PU_D_056
ffb9be60 fishy16                          ffbaa700 PU_D_057
ffb9bef0 fishy17                          ffbaa790 PU_D_058
ffb9c010 fishy19                          ffbaa820 PU_D_059
ffb9b5f0 fishy1                           ffbaa8b0 PU_D_060
ffb9bf80 fishy18                          ffbaa940 PU_D_061
ffb9b680 fishy2                           ffbaa9d0 PU_D_062
ffb9b710 fishy3                           ffbaaa60 PU_D_063
ffb9b7a0 fishy4                           ffbaaaf0 PU_D_064
ffb9b830 fishy5                           ffbaab80 PU_D_065
ffb9b8c0 fishy6                           ffbaac10 PU_D_066
ffb9b950 fishy7                           ffbaaca0 PU_D_067
ffb9b9e0 fishy8                           ffbaad30 PU_D_068
ffb9ba70 fishy9                           ffbaadc0 PU_E_069
ffb88fe0 ftpedal1                         ffbaae50 PU_E_070
ffb89070 ftpedal2                         ffbaaee0 PU_E_071
ffb89100 ftpedal3                         ffbaaf70 PU_E_072
ffb89190 ftpedal4                         ffbab000 PU_E_073
ffb89220 ftpedal5                         ffbab090 PU_E_074
ffb892b0 ftpedal6                         ffbab120 PU_E_075
ffb89340 ftpedal7                         ffbab1b0 PU_E_076
ffb893d0 ftpedal8                         ffbab240 PU_E_077
ffb8c310 gascan1                          ffbab2d0 PU_E_078
ffb8c3a0 gascan2                          ffbab360 PU_E_079
ffb8c430 gascan3                          ffbab3f0 PU_E_080
ffb8c4c0 gascan4                          ffbab480 PU_E_081
ffb8c550 gascan5                          ffbab510 PU_E_082
ffb8c5e0 gascan6                          ffbab5a0 PU_E_083
ffb8c670 gascan7                          ffbab630 PU_E_084
ffb8c700 gascan8                          ffbab6c0 PU_E_085
ffb8c790 gascan9                          ffbab750 PU_F_086
ffb8ba10 hornorn1                         ffbab7e0 PU_F_087
ffb8baa0 hornorn2                         ffbab870 PU_F_088
ffb8bb30 hornorn3                         ffbab900 PU_F_089
ffb8bbc0 hornorn4                         ffbab990 PU_F_090
ffb8bc50 hornorn5                         ffbaba20 PU_F_091
ffb8bce0 hornorn6                         ffbabab0 PU_F_092
ffb8bd70 hornorn7                         ffbabb40 PU_F_093
ffb8be00 hornorn8                         ffbabbd0 PU_F_094
ffb88b60 mirror1                          ffbabc60 PU_F_095
ffb88bf0 mirror2                          ffbabcf0 PU_F_096
ffb88c80 mirror3                          ffbabd80 PU_F_097
ffb88d10 mirror4                          ffbabe10 PU_F_098
ffb88da0 mirror5                          ffbabea0 PU_F_099
ffb88e30 mirror6                          ffbabf30 PU_F_100
ffb88ec0 mirror7                          ffbabfc0 PU_F_101
ffb88f50 mirror8                          ffbac050 PU_F_102
ffb85200 muff10                           ffbac0e0 PU_G_103
ffb84cf0 muff1                            ffbac170 PU_G_104
ffb84d80 muff2                            ffbac200 PU_G_105
ffb84e10 muff3                            ffbac290 PU_G_106
ffb84ea0 muff4                            ffbac320 PU_G_107
ffb84f30 muff5                            ffbac3b0 PU_G_108
ffb84fc0 muff6                            ffbac440 PU_G_109
ffb85050 muff7                            ffbac4d0 PU_G_110
ffb850e0 muff8                            ffbac560 PU_G_111
ffb85170 muff9                            ffbac5f0 PU_G_112
ffb85290 pist1                            ffbac680 PU_G_113
ffb85320 pist2                            ffbac710 PU_G_114
ffb853b0 pist3                            ffbac7a0 PU_G_115
ffb85440 pist4                            ffbac830 PU_G_116
ffb854d0 pist5                            ffbac8c0 PU_G_117
ffb85560 pist6                            ffbac950 PU_G_118
ffb855f0 pist7                            ffbac9e0 PU_G_119
ffb8b500 plate1                           ffbaca70 PU_H_120
ffb8b590 plate2                           ffbacb00 PU_H_121
ffb8b620 plate3                           ffbacb90 PU_H_122
ffb8b6b0 plate4                           ffbacc20 PU_H_123
ffb8b740 plate5                           ffbaccb0 PU_H_124
ffb8b7d0 plate6                           ffbacd40 PU_H_125
ffb8b860 plate7                           ffbacdd0 PU_H_126
ffb8b8f0 plate8                           ffbace60 PU_H_127
ffb8b980 plate9                           ffbacef0 PU_H_128
ffad3930 prspctvBMOD                      ffbacf80 PU_H_129
ffb8be90 radiate1                         ffbad010 PU_H_130
ffb8bf20 radiate2                         ffbad0a0 PU_H_131
ffb8bfb0 radiate3                         ffbad130 PU_H_132
ffb8c040 radiate4                         ffbad1c0 PU_H_133
ffb8c0d0 radiate5                         ffbad250 PU_H_134
ffb8c160 radiate6                         ffbad2e0 PU_H_135
ffb8c1f0 radiate7                         ffbad370 PU_H_136
ffb8c280 radiate8                         ffbad400 PU_H_137
ffb9a990 rockl1                           ffbad490 PU_H_138
ffb9aa20 rockl2                           ffbad520 PU_H_139
ffb9aab0 rockl3                           ffbad5b0 PU_H_140
ffb9ab40 rockl4                           ffbad640 PU_H_141
ffb9abd0 rockl5                           ffbad6d0 PU_H_142
ffb9ac60 rockl6                           ffbad760 PU_H_143
ffb9acf0 rockl7                           ffbad7f0 PU_H_144
ffb9ad80 rockl8                           ffbad880 PU_H_145
ffb9ae10 rockl9                           ffbad910 PU_H_146
ffb9aea0 rockm1                           ffbad9a0 PU_H_147
ffb9af30 rockm2                           ffbada30 PU_H_148
ffb9afc0 rockm3                           ffbadac0 PU_H_149
ffb9b050 rockm4                           ffbadb50 PU_H_150
ffb9b0e0 rockm5                           ffbadbe0 PU_H_151
ffb9b170 rockm6                           ffbadc70 PU_I_152
ffb9b200 rockm7                           ffbadd00 PU_I_153
ffb9b290 rocks1                           ffbadd90 PU_I_154
ffb9b320 rocks2                           ffbade20 PU_I_155
ffb9b3b0 rocks3                           ffbadeb0 PU_I_156
ffb9b440 rocks4                           ffbadf40 PU_I_157
ffb9b4d0 rocks5                           ffbadfd0 PU_I_158
ffb9b560 rocks6                           ffbae060 PU_I_159
ffbb0d60 runmanA1                         ffbae0f0 PU_I_160
ffbb0df0 runmanA2                         ffbae180 PU_I_161
ffbb0e80 runmanA3                         ffbae210 PU_I_162
ffbb0f10 runmanA4                         ffbae2a0 PU_I_163
ffbb0fa0 runmanA5                         ffbae330 PU_I_164
ffbb1030 runmanA6                         ffbae3c0 PU_I_165
ffbb10c0 runmanA7                         ffbae450 PU_I_166
ffbb1150 runmanB1                         ffbae4e0 PU_I_167
ffbb11e0 runmanB2                         ffbae570 PU_I_168
ffbb1270 runmanB3                         ffbae600 PU_I_169
ffbb1300 runmanB4                         ffbae690 PU_I_170
ffbb1390 runmanB5                         ffbae720 PU_I_171
ffbb1420 runmanB6                         ffbae7b0 PU_I_172
ffbb14b0 runmanB7                         ffbae840 PU_I_173
ffbb1540 runmanC1                         ffbae8d0 PU_I_174
ffbb15d0 runmanC2                         ffbae960 PU_I_175
ffbb1660 runmanC3                         ffbae9f0 PU_I_176
ffbb16f0 runmanC4                         ffbaea80 PU_I_177
ffbb1780 runmanC5                         ffbaeb10 PU_I_178
ffbb1810 runmanC6                         ffbaeba0 PU_I_179
ffbb18a0 runmanC7                         ffbaec30 PU_I_180
ffbb1930 runmanD1                         ffbaecc0 PU_I_181
ffbb19c0 runmanD2                         ffbaed50 PU_I_182
ffbb1a50 runmanD3                         ffbaede0 PU_I_183
ffbb1ae0 runmanD4                         ffbaee70 PU_J_184
ffbb1b70 runmanD5                         ffbaef00 PU_J_185
ffbb1c00 runmanD6                         ffbaef90 PU_J_186
ffbb1c90 runmanD7                         ffbaf020 PU_J_187
ffbb1d20 runmanE1                         ffbaf0b0 PU_J_188
ffbb1db0 runmanE2                         ffbaf140 PU_J_189
ffbb1e40 runmanE3                         ffbaf1d0 PU_J_190
ffbb1ed0 runmanE4                         ffbaf260 PU_J_191
ffbb1f60 runmanE5                         ffbaf2f0 PU_J_192
ffbb1ff0 runmanE6                         ffbaf380 PU_J_193
ffbb2080 runmanE7                         ffbaf410 PU_J_194
ffb85a70 seatA1                           ffbaf4a0 PU_J_195
ffb85b00 seatA2                           ffbaf530 PU_J_196
ffb85b90 seatA3                           ffbaf5c0 PU_J_197
ffb85c20 seatA4                           ffbaf650 PU_J_198
ffb85cb0 seatA5                           ffbaf6e0 PU_J_199
ffb85d40 seatA6                           ffbaf770 PU_J_200
ffb85dd0 seatA7                           ffbaf800 PU_J_201
ffb85e60 seatA8                           ffbaf890 PU_J_202
ffb85ef0 seatB1                           ffbaf920 PU_J_203
ffb85f80 seatB2                           ffbaf9b0 PU_J_204
ffb86010 seatB3                           ffbafa40 PU_J_205
ffb860a0 seatB4                           ffbafad0 PU_J_206
ffb86130 seatB5                           ffbafb60 PU_J_207
ffb861c0 seatB6                           ffbafbf0 PU_J_208
ffb86250 seatB7                           ffbafc80 PU_J_209
ffb862e0 seatB8                           ffbafd10 PU_J_210
ffb86370 seatB9                           ffbafda0 PU_J_211
ffb89460 sparkA1                          ffbafe30 PU_J_212
ffb894f0 sparkA2                          ffbafec0 PU_J_213
ffb89580 sparkA3                          ffbaff50 PU_J_214
ffb89610 sparkA4                          ffbaffe0 PU_J_215
ffb896a0 sparkA5                          ffbb0070 PU_K_216
ffb89730 sparkA6                          ffbb0100 PU_K_217
ffb897c0 sparkA7                          ffbb0190 PU_K_218
ffb89850 sparkA8                          ffbb0220 PU_K_219
ffb898e0 sparkB1                          ffbb02b0 PU_K_220
ffb89970 sparkB2                          ffbb0340 PU_K_221
ffb89a00 sparkB3                          ffbb03d0 PU_K_222
ffb89a90 sparkB4                          ffbb0460 PU_K_223
ffb89b20 sparkB5                          ffbb04f0 PU_K_224
ffb89bb0 sparkB6                          ffbb0580 PU_K_225
ffb89c40 sparkB7                          ffbb0610 PU_K_226
ffb89cd0 sparkB8                          ffbb06a0 PU_K_227
ffbb0a90 standA                           ffbb0730 PU_K_228
ffbb0b20 standB                           ffbb07c0 PU_K_229
ffbb0bb0 standC                           ffbb0850 PU_K_230
ffbb0c40 standD                           ffbb08e0 PU_K_231
ffbb0cd0 standE                           ffbb0970 PU_K_232
ffb86d90 steer10                          ffbb0a00 IMG5X
ffb86880 steer1                           ffbb0a90 standA
ffb86910 steer2                           ffbb0b20 standB
ffb869a0 steer3                           ffbb0bb0 standC
ffb86a30 steer4                           ffbb0c40 standD
ffb86ac0 steer5                           ffbb0cd0 standE
ffb86b50 steer6                           ffbb0d60 runmanA1
ffb86be0 steer7                           ffbb0df0 runmanA2
ffb86c70 steer8                           ffbb0e80 runmanA3
ffb86d00 steer9                           ffbb0f10 runmanA4
ffb88260 thingA1                          ffbb0fa0 runmanA5
ffb882f0 thingA2                          ffbb1030 runmanA6
ffb88380 thingA3                          ffbb10c0 runmanA7
ffb88410 thingA4                          ffbb1150 runmanB1
ffb884a0 thingA5                          ffbb11e0 runmanB2
ffb88530 thingA6                          ffbb1270 runmanB3
ffb885c0 thingA7                          ffbb1300 runmanB4
ffb88650 thingA8                          ffbb1390 runmanB5
ffb886e0 thingB1                          ffbb1420 runmanB6
ffb88770 thingB2                          ffbb14b0 runmanB7
ffb88800 thingB3                          ffbb1540 runmanC1
ffb88890 thingB4                          ffbb15d0 runmanC2
ffb88920 thingB5                          ffbb1660 runmanC3
ffb889b0 thingB6                          ffbb16f0 runmanC4
ffb88a40 thingB7                          ffbb1780 runmanC5
ffb88ad0 thingB8                          ffbb1810 runmanC6
ffb89d60 tireA1                           ffbb18a0 runmanC7
ffb89df0 tireA2                           ffbb1930 runmanD1
ffb89e80 tireA3                           ffbb19c0 runmanD2
ffb89f10 tireA4                           ffbb1a50 runmanD3
ffb89fa0 tireA5                           ffbb1ae0 runmanD4
ffb8a030 tireA6                           ffbb1b70 runmanD5
ffb8a0c0 tireA7                           ffbb1c00 runmanD6
ffb8a150 tireA8                           ffbb1c90 runmanD7
ffb8a1e0 tireB1                           ffbb1d20 runmanE1
ffb8a270 tireB2                           ffbb1db0 runmanE2
ffb8a300 tireB3                           ffbb1e40 runmanE3
ffb8a390 tireB4                           ffbb1ed0 runmanE4
ffb8a420 tireB5                           ffbb1f60 runmanE5
ffb8a4b0 tireB6                           ffbb1ff0 runmanE6
ffb8aed0 wheel10                          ffbb2080 runmanE7
ffb8af60 wheel11                          ffbb2110 IMG3X
ffb8aff0 wheel12                          ffbb9360 FONT151
ffb8a9c0 wheel1                           ffbb93d0 FONT152
ffb8b080 wheel13                          ffbb9440 FONT153
ffb8b110 wheel14                          ffbb94b0 FONT154
ffb8aa50 wheel2                           ffbb9520 FONT155
ffb8aae0 wheel3                           ffbb9590 FONT156
ffb8ab70 wheel4                           ffbb9600 FONT157
ffb8ac00 wheel5                           ffbb9670 FONT158
ffb8ac90 wheel6                           ffbb96e0 FONT159
ffb8ad20 wheel7                           ffbb9750 FONT150
ffb8adb0 wheel8                           ffbbab20 RD5FONT
ffb8ae40 wheel9                           ffbbb700 RD7FONT
ffb8a540 wingorn1                         ffbbc2e0 RD15FONT
ffb8a5d0 wingorn2                         ffbbcf40 SP15FONT
ffb8a660 wingorn3                         ffbbdba0 RD20FONT
ffb8a6f0 wingorn4                         ffbbe840 SUFFIX_S
ffb8a780 wingorn5                         ffbbe848 SUFFIX_NULL
ffb8a810 wingorn6                         ffbc05f0 MEN_ADJ
ffb8a8a0 wingorn7                         ffbcd180 DIPCOINTAB
ffb8a930 wingorn8                         ffbcd200 DIPCREDTAB
ffb9db10 woods24                          ffbcd610 USA_1
ffb9da80 woods25                          ffbcd640 USA_2
ffb9d9f0 woods26                          ffbcd670 USA_3
ffb9d960 woods27                          ffbcd6a0 USA_4
ffb9dba0 woodtr1a                         ffbcd780 USA_ELECTITLE
ffb9dc30 woodtr1b                         ffbcd7c0 FRENCH_ELECTITLE
ffb9dcc0 woodtr1c                         ffbcd820 GERMAN_ELECTITLE
ffb9dd50 woodtr2a                         ffbcd880 GERMAN_1
ffb9dde0 woodtr2b                         ffbcd8d0 GERMAN_2
ffb9de70 woodtr2c                         ffbcd920 GERMAN_3
ffb9df00 woodtr3a                         ffbcd970 GERMAN_4
ffb9df90 woodtr3b                         ffbcd9c0 FRENCH_1
ffb9e020 woodtr3c                         ffbcda10 FRENCH_2
ffb9e0b0 woodtr4a                         ffbcda60 FRENCH_3
ffb9e140 woodtr4b                         ffbcdab0 FRENCH_4
ffb9e1d0 woodtr4c                         ffbd26b0 edata

[2336 symbols]
